Archive member included to satisfy reference by file (symbol)

D:/ST/STM32CubeIDE_1.14.1/STM32CubeIDE/plugins/com.st.stm32cube.ide.mcu.externaltools.gnu-tools-for-stm32.12.3.rel1.win32_1.0.100.202403111256/tools/bin/../lib/gcc/arm-none-eabi/12.3.1/../../../../arm-none-eabi/lib/thumb/v7e-m+fp/hard\libc_nano.a(libc_a-exit.o)
                              D:/ST/STM32CubeIDE_1.14.1/STM32CubeIDE/plugins/com.st.stm32cube.ide.mcu.externaltools.gnu-tools-for-stm32.12.3.rel1.win32_1.0.100.202403111256/tools/bin/../lib/gcc/arm-none-eabi/12.3.1/../../../../arm-none-eabi/lib/thumb/v7e-m+fp/hard/crt0.o (exit)
D:/ST/STM32CubeIDE_1.14.1/STM32CubeIDE/plugins/com.st.stm32cube.ide.mcu.externaltools.gnu-tools-for-stm32.12.3.rel1.win32_1.0.100.202403111256/tools/bin/../lib/gcc/arm-none-eabi/12.3.1/../../../../arm-none-eabi/lib/thumb/v7e-m+fp/hard\libc_nano.a(libc_a-findfp.o)
                              D:/ST/STM32CubeIDE_1.14.1/STM32CubeIDE/plugins/com.st.stm32cube.ide.mcu.externaltools.gnu-tools-for-stm32.12.3.rel1.win32_1.0.100.202403111256/tools/bin/../lib/gcc/arm-none-eabi/12.3.1/../../../../arm-none-eabi/lib/thumb/v7e-m+fp/hard\libc_nano.a(libc_a-exit.o) (__stdio_exit_handler)
D:/ST/STM32CubeIDE_1.14.1/STM32CubeIDE/plugins/com.st.stm32cube.ide.mcu.externaltools.gnu-tools-for-stm32.12.3.rel1.win32_1.0.100.202403111256/tools/bin/../lib/gcc/arm-none-eabi/12.3.1/../../../../arm-none-eabi/lib/thumb/v7e-m+fp/hard\libc_nano.a(libc_a-fwalk.o)
                              D:/ST/STM32CubeIDE_1.14.1/STM32CubeIDE/plugins/com.st.stm32cube.ide.mcu.externaltools.gnu-tools-for-stm32.12.3.rel1.win32_1.0.100.202403111256/tools/bin/../lib/gcc/arm-none-eabi/12.3.1/../../../../arm-none-eabi/lib/thumb/v7e-m+fp/hard\libc_nano.a(libc_a-findfp.o) (_fwalk_sglue)
D:/ST/STM32CubeIDE_1.14.1/STM32CubeIDE/plugins/com.st.stm32cube.ide.mcu.externaltools.gnu-tools-for-stm32.12.3.rel1.win32_1.0.100.202403111256/tools/bin/../lib/gcc/arm-none-eabi/12.3.1/../../../../arm-none-eabi/lib/thumb/v7e-m+fp/hard\libc_nano.a(libc_a-stdio.o)
                              D:/ST/STM32CubeIDE_1.14.1/STM32CubeIDE/plugins/com.st.stm32cube.ide.mcu.externaltools.gnu-tools-for-stm32.12.3.rel1.win32_1.0.100.202403111256/tools/bin/../lib/gcc/arm-none-eabi/12.3.1/../../../../arm-none-eabi/lib/thumb/v7e-m+fp/hard\libc_nano.a(libc_a-findfp.o) (__sread)
D:/ST/STM32CubeIDE_1.14.1/STM32CubeIDE/plugins/com.st.stm32cube.ide.mcu.externaltools.gnu-tools-for-stm32.12.3.rel1.win32_1.0.100.202403111256/tools/bin/../lib/gcc/arm-none-eabi/12.3.1/../../../../arm-none-eabi/lib/thumb/v7e-m+fp/hard\libc_nano.a(libc_a-memset.o)
                              D:/ST/STM32CubeIDE_1.14.1/STM32CubeIDE/plugins/com.st.stm32cube.ide.mcu.externaltools.gnu-tools-for-stm32.12.3.rel1.win32_1.0.100.202403111256/tools/bin/../lib/gcc/arm-none-eabi/12.3.1/../../../../arm-none-eabi/lib/thumb/v7e-m+fp/hard/crt0.o (memset)
D:/ST/STM32CubeIDE_1.14.1/STM32CubeIDE/plugins/com.st.stm32cube.ide.mcu.externaltools.gnu-tools-for-stm32.12.3.rel1.win32_1.0.100.202403111256/tools/bin/../lib/gcc/arm-none-eabi/12.3.1/../../../../arm-none-eabi/lib/thumb/v7e-m+fp/hard\libc_nano.a(libc_a-closer.o)
                              D:/ST/STM32CubeIDE_1.14.1/STM32CubeIDE/plugins/com.st.stm32cube.ide.mcu.externaltools.gnu-tools-for-stm32.12.3.rel1.win32_1.0.100.202403111256/tools/bin/../lib/gcc/arm-none-eabi/12.3.1/../../../../arm-none-eabi/lib/thumb/v7e-m+fp/hard\libc_nano.a(libc_a-stdio.o) (_close_r)
D:/ST/STM32CubeIDE_1.14.1/STM32CubeIDE/plugins/com.st.stm32cube.ide.mcu.externaltools.gnu-tools-for-stm32.12.3.rel1.win32_1.0.100.202403111256/tools/bin/../lib/gcc/arm-none-eabi/12.3.1/../../../../arm-none-eabi/lib/thumb/v7e-m+fp/hard\libc_nano.a(libc_a-reent.o)
                              D:/ST/STM32CubeIDE_1.14.1/STM32CubeIDE/plugins/com.st.stm32cube.ide.mcu.externaltools.gnu-tools-for-stm32.12.3.rel1.win32_1.0.100.202403111256/tools/bin/../lib/gcc/arm-none-eabi/12.3.1/../../../../arm-none-eabi/lib/thumb/v7e-m+fp/hard\libc_nano.a(libc_a-closer.o) (errno)
D:/ST/STM32CubeIDE_1.14.1/STM32CubeIDE/plugins/com.st.stm32cube.ide.mcu.externaltools.gnu-tools-for-stm32.12.3.rel1.win32_1.0.100.202403111256/tools/bin/../lib/gcc/arm-none-eabi/12.3.1/../../../../arm-none-eabi/lib/thumb/v7e-m+fp/hard\libc_nano.a(libc_a-impure.o)
                              D:/ST/STM32CubeIDE_1.14.1/STM32CubeIDE/plugins/com.st.stm32cube.ide.mcu.externaltools.gnu-tools-for-stm32.12.3.rel1.win32_1.0.100.202403111256/tools/bin/../lib/gcc/arm-none-eabi/12.3.1/../../../../arm-none-eabi/lib/thumb/v7e-m+fp/hard\libc_nano.a(libc_a-reent.o) (_impure_ptr)
D:/ST/STM32CubeIDE_1.14.1/STM32CubeIDE/plugins/com.st.stm32cube.ide.mcu.externaltools.gnu-tools-for-stm32.12.3.rel1.win32_1.0.100.202403111256/tools/bin/../lib/gcc/arm-none-eabi/12.3.1/../../../../arm-none-eabi/lib/thumb/v7e-m+fp/hard\libc_nano.a(libc_a-lseekr.o)
[...]
Memory Configuration

Name             Origin             Length             Attributes
RAM              0x20000000         0x00008000         xrw
FLASH            0x08000000         0x00020000         xr
*default*        0x00000000         0xffffffff

Linker script and memory map

LOAD D:/ST/STM32CubeIDE_1.14.1/STM32CubeIDE/plugins/com.st.stm32cube.ide.mcu.externaltools.gnu-tools-for-stm32.12.3.rel1.win32_1.0.100.202403111256/tools/bin/../lib/gcc/arm-none-eabi/12.3.1/thumb/v7e-m+fp/hard/crti.o
LOAD D:/ST/STM32CubeIDE_1.14.1/STM32CubeIDE/plugins/com.st.stm32cube.ide.mcu.externaltools.gnu-tools-for-stm32.12.3.rel1.win32_1.0.100.202403111256/tools/bin/../lib/gcc/arm-none-eabi/12.3.1/thumb/v7e-m+fp/hard/crtbegin.o
LOAD D:/ST/STM32CubeIDE_1.14.1/STM32CubeIDE/plugins/com.st.stm32cube.ide.mcu.externaltools.gnu-tools-for-stm32.12.3.rel1.win32_1.0.100.202403111256/tools/bin/../lib/gcc/arm-none-eabi/12.3.1/../../../../arm-none-eabi/lib/thumb/v7e-m+fp/hard/crt0.o
LOAD ./Core/Src/adc.o
LOAD ./Core/Src/comp.o
LOAD ./Core/Src/cordic.o
LOAD ./Core/Src/dac.o
LOAD ./Core/Src/gpio.o
LOAD ./Core/Src/main.o
LOAD ./Core/Src/opamp.o
LOAD ./Core/Src/stm32g4xx_hal_msp.o
LOAD ./Core/Src/stm32g4xx_it.o
LOAD ./Core/Src/syscalls.o
LOAD ./Core/Src/sysmem.o
LOAD ./Core/Src/system_stm32g4xx.o
LOAD ./Core/Src/tim.o
LOAD ./Core/Startup/startup_stm32g431cbtx.o
LOAD ./Drivers/STM32G4xx_HAL_Driver/Src/stm32g4xx_hal.o
LOAD ./Drivers/STM32G4xx_HAL_Driver/Src/stm32g4xx_hal_adc.o
LOAD ./Drivers/STM32G4xx_HAL_Driver/Src/stm32g4xx_hal_adc_ex.o
LOAD ./Drivers/STM32G4xx_HAL_Driver/Src/stm32g4xx_hal_comp.o
LOAD ./Drivers/STM32G4xx_HAL_Driver/Src/stm32g4xx_hal_cordic.o
LOAD ./Drivers/STM32G4xx_HAL_Driver/Src/stm32g4xx_hal_cortex.o
LOAD ./Drivers/STM32G4xx_HAL_Driver/Src/stm32g4xx_hal_dac.o
LOAD ./Drivers/STM32G4xx_HAL_Driver/Src/stm32g4xx_hal_dac_ex.o
LOAD ./Drivers/STM32G4xx_HAL_Driver/Src/stm32g4xx_hal_dma.o
LOAD ./Drivers/STM32G4xx_HAL_Driver/Src/stm32g4xx_hal_dma_ex.o
LOAD ./Drivers/STM32G4xx_HAL_Driver/Src/stm32g4xx_hal_exti.o
LOAD ./Drivers/STM32G4xx_HAL_Driver/Src/stm32g4xx_hal_flash.o
LOAD ./Drivers/STM32G4xx_HAL_Driver/Src/stm32g4xx_hal_flash_ex.o
LOAD ./Drivers/STM32G4xx_HAL_Driver/Src/stm32g4xx_hal_flash_ramfunc.o
LOAD ./Drivers/STM32G4xx_HAL_Driver/Src/stm32g4xx_hal_gpio.o
LOAD ./Drivers/STM32G4xx_HAL_Driver/Src/stm32g4xx_hal_opamp.o
LOAD ./Drivers/STM32G4xx_HAL_Driver/Src/stm32g4xx_hal_opamp_ex.o
LOAD ./Drivers/STM32G4xx_HAL_Driver/Src/stm32g4xx_hal_pwr.o
LOAD ./Drivers/STM32G4xx_HAL_Driver/Src/stm32g4xx_hal_pwr_ex.o
LOAD ./Drivers/STM32G4xx_HAL_Driver/Src/stm32g4xx_hal_rcc.o
LOAD ./Drivers/STM32G4xx_HAL_Driver/Src/stm32g4xx_hal_rcc_ex.o
LOAD ./Drivers/STM32G4xx_HAL_Driver/Src/stm32g4xx_hal_tim.o
LOAD ./Drivers/STM32G4xx_HAL_Driver/Src/stm32g4xx_hal_tim_ex.o
LOAD ./Drivers/STM32G4xx_HAL_Driver/Src/stm32g4xx_ll_adc.o
LOAD ./User/Adc.o
LOAD ./User/Initialize.o
LOAD ./User/app.o
LOAD ./User/current.o
LOAD ./User/foc_utils.o
LOAD ./User/key.o
LOAD ./User/memory.o
LOAD ./User/motor.o
LOAD ./User/pid.o
LOAD ./User/pwm.o
LOAD ./User/sensor.o
LOAD ./User/userMain.o
LOAD ./User/userTimer.o
LOAD ./User/voltage.o
START GROUP
LOAD D:/ST/STM32CubeIDE_1.14.1/STM32CubeIDE/plugins/com.st.stm32cube.ide.mcu.externaltools.gnu-tools-for-stm32.12.3.rel1.win32_1.0.100.202403111256/tools/bin/../lib/gcc/arm-none-eabi/12.3.1/../../../../arm-none-eabi/lib/thumb/v7e-m+fp/hard\libc_nano.a
LOAD D:/ST/STM32CubeIDE_1.14.1/STM32CubeIDE/plugins/com.st.stm32cube.ide.mcu.externaltools.gnu-tools-for-stm32.12.3.rel1.win32_1.0.100.202403111256/tools/bin/../lib/gcc/arm-none-eabi/12.3.1/../../../../arm-none-eabi/lib/thumb/v7e-m+fp/hard\libm.a
END GROUP
START GROUP
LOAD D:/ST/STM32CubeIDE_1.14.1/STM32CubeIDE/plugins/com.st.stm32cube.ide.mcu.externaltools.gnu-tools-for-stm32.12.3.rel1.win32_1.0.100.202403111256/tools/bin/../lib/gcc/arm-none-eabi/12.3.1/thumb/v7e-m+fp/hard\libgcc.a
LOAD D:/ST/STM32CubeIDE_1.14.1/STM32CubeIDE/plugins/com.st.stm32cube.ide.mcu.externaltools.gnu-tools-for-stm32.12.3.rel1.win32_1.0.100.202403111256/tools/bin/../lib/gcc/arm-none-eabi/12.3.1/../../../../arm-none-eabi/lib/thumb/v7e-m+fp/hard\libc_nano.a
END GROUP
START GROUP
LOAD D:/ST/STM32CubeIDE_1.14.1/STM32CubeIDE/plugins/com.st.stm32cube.ide.mcu.externaltools.gnu-tools-for-stm32.12.3.rel1.win32_1.0.100.202403111256/tools/bin/../lib/gcc/arm-none-eabi/12.3.1/thumb/v7e-m+fp/hard\libgcc.a
LOAD D:/ST/STM32CubeIDE_1.14.1/STM32CubeIDE/plugins/com.st.stm32cube.ide.mcu.externaltools.gnu-tools-for-stm32.12.3.rel1.win32_1.0.100.202403111256/tools/bin/../lib/gcc/arm-none-eabi/12.3.1/../../../../arm-none-eabi/lib/thumb/v7e-m+fp/hard\libc_nano.a
LOAD D:/ST/STM32CubeIDE_1.14.1/STM32CubeIDE/plugins/com.st.stm32cube.ide.mcu.externaltools.gnu-tools-for-stm32.12.3.rel1.win32_1.0.100.202403111256/tools/bin/../lib/gcc/arm-none-eabi/12.3.1/../../../../arm-none-eabi/lib/thumb/v7e-m+fp/hard\libnosys.a
END GROUP
START GROUP
LOAD D:/ST/STM32CubeIDE_1.14.1/STM32CubeIDE/plugins/com.st.stm32cube.ide.mcu.externaltools.gnu-tools-for-stm32.12.3.rel1.win32_1.0.100.202403111256/tools/bin/../lib/gcc/arm-none-eabi/12.3.1/thumb/v7e-m+fp/hard\libgcc.a
LOAD D:/ST/STM32CubeIDE_1.14.1/STM32CubeIDE/plugins/com.st.stm32cube.ide.mcu.externaltools.gnu-tools-for-stm32.12.3.rel1.win32_1.0.100.202403111256/tools/bin/../lib/gcc/arm-none-eabi/12.3.1/../../../../arm-none-eabi/lib/thumb/v7e-m+fp/hard\libc_nano.a
LOAD D:/ST/STM32CubeIDE_1.14.1/STM32CubeIDE/plugins/com.st.stm32cube.ide.mcu.externaltools.gnu-tools-for-stm32.12.3.rel1.win32_1.0.100.202403111256/tools/bin/../lib/gcc/arm-none-eabi/12.3.1/../../../../arm-none-eabi/lib/thumb/v7e-m+fp/hard\libnosys.a
END GROUP
LOAD D:/ST/STM32CubeIDE_1.14.1/STM32CubeIDE/plugins/com.st.stm32cube.ide.mcu.externaltools.gnu-tools-for-stm32.12.3.rel1.win32_1.0.100.202403111256/tools/bin/../lib/gcc/arm-none-eabi/12.3.1/thumb/v7e-m+fp/hard/crtend.o
LOAD D:/ST/STM32CubeIDE_1.14.1/STM32CubeIDE/plugins/com.st.stm32cube.ide.mcu.externaltools.gnu-tools-for-stm32.12.3.rel1.win32_1.0.100.202403111256/tools/bin/../lib/gcc/arm-none-eabi/12.3.1/thumb/v7e-m+fp/hard/crtn.o
                0x20008000                        _estack = (ORIGIN (RAM) + LENGTH (RAM))
                0x00000200                        _Min_Heap_Size = 0x200
                0x00000400                        _Min_Stack_Size = 0x400

.isr_vector     0x08000000      0x1d8
                0x08000000                        . = ALIGN (0x4)
 *(.isr_vector)
 .isr_vector    0x08000000      0x1d8 ./Core/Startup/startup_stm32g431cbtx.o
                0x08000000                g_pfnVectors
                0x080001d8                        . = ALIGN (0x4)

.text           0x080001d8     0x1ec8
                0x080001d8                        . = ALIGN (0x4)
 *(.text)
 .text          0x080001d8       0x40 D:/ST/STM32CubeIDE_1.14.1/STM32CubeIDE/plugins/com.st.stm32cube.ide.mcu.externaltools.gnu-tools-for-stm32.12.3.rel1.win32_1.0.100.202403111256/tools/bin/../lib/gcc/arm-none-eabi/12.3.1/thumb/v7e-m+fp/hard/crtbegin.o
 .text          0x08000218      0x378 D:/ST/STM32CubeIDE_1.14.1/STM32CubeIDE/plugins/com.st.stm32cube.ide.mcu.externaltools.gnu-tools-for-stm32.12.3.rel1.win32_1.0.100.202403111256/tools/bin/../lib/gcc/arm-none-eabi/12.3.1/thumb/v7e-m+fp/hard\libgcc.a(_arm_addsubdf3.o)
                0x08000218                __aeabi_drsub
                0x08000220                __aeabi_dsub
                0x08000220                __subdf3
                0x08000224                __aeabi_dadd
                0x08000224                __adddf3
                0x0800049c                __floatunsidf
                0x0800049c                __aeabi_ui2d
                0x080004bc                __floatsidf
                0x080004bc                __aeabi_i2d
                0x080004e0                __aeabi_f2d
                0x080004e0                __extendsfdf2
                0x08000524                __floatundidf
                0x08000524                __aeabi_ul2d
                0x08000534                __floatdidf
                0x08000534                __aeabi_l2d
 .text          0x08000590      0x424 D:/ST/STM32CubeIDE_1.14.1/STM32CubeIDE/plugins/com.st.stm32cube.ide.mcu.externaltools.gnu-tools-for-stm32.12.3.rel1.win32_1.0.100.202403111256/tools/bin/../lib/gcc/arm-none-eabi/12.3.1/thumb/v7e-m+fp/hard\libgcc.a(_arm_muldivdf3.o)
                0x08000590                __aeabi_dmul
                0x08000590                __muldf3
                0x080007e4                __divdf3
                0x080007e4                __aeabi_ddiv
 .text          0x080009b4       0x40 D:/ST/STM32CubeIDE_1.14.1/STM32CubeIDE/plugins/com.st.stm32cube.ide.mcu.externaltools.gnu-tools-for-stm32.12.3.rel1.win32_1.0.100.202403111256/tools/bin/../lib/gcc/arm-none-eabi/12.3.1/thumb/v7e-m+fp/hard\libgcc.a(_arm_fixunsdfsi.o)
                0x080009b4                __aeabi_d2uiz
                0x080009b4                __fixunsdfsi
 .text          0x080009f4       0xa0 D:/ST/STM32CubeIDE_1.14.1/STM32CubeIDE/plugins/com.st.stm32cube.ide.mcu.externaltools.gnu-tools-for-stm32.12.3.rel1.win32_1.0.100.202403111256/tools/bin/../lib/gcc/arm-none-eabi/12.3.1/thumb/v7e-m+fp/hard\libgcc.a(_arm_truncdfsf2.o)
                0x080009f4                __truncdfsf2
                0x080009f4                __aeabi_d2f
 *(.text*)
 .text.main     0x08000a94       0x12 ./Core/Src/main.o
                0x08000a94                main
 *fill*         0x08000aa6        0x2 
 .text.ADC1_2_IRQHandler
                0x08000aa8       0x5c ./Core/Src/main.o
                0x08000aa8                ADC1_2_IRQHandler
 .text.NMI_Handler
                0x08000b04        0x8 ./Core/Src/stm32g4xx_it.o
                0x08000b04                NMI_Handler
 .text.HardFault_Handler
                0x08000b0c        0x8 ./Core/Src/stm32g4xx_it.o
                0x08000b0c                HardFault_Handler
 .text.MemManage_Handler
                0x08000b14        0x8 ./Core/Src/stm32g4xx_it.o
                0x08000b14                MemManage_Handler
 .text.BusFault_Handler
                0x08000b1c        0x8 ./Core/Src/stm32g4xx_it.o
                0x08000b1c                BusFault_Handler
 .text.UsageFault_Handler
                0x08000b24        0x8 ./Core/Src/stm32g4xx_it.o
                0x08000b24                UsageFault_Handler
 .text.SVC_Handler
                0x08000b2c        0xe ./Core/Src/stm32g4xx_it.o
                0x08000b2c                SVC_Handler
 .text.DebugMon_Handler
                0x08000b3a        0xe ./Core/Src/stm32g4xx_it.o
                0x08000b3a                DebugMon_Handler
 .text.PendSV_Handler
                0x08000b48        0xe ./Core/Src/stm32g4xx_it.o
                0x08000b48                PendSV_Handler
 .text.SysTick_Handler
                0x08000b56        0xc ./Core/Src/stm32g4xx_it.o
                0x08000b56                SysTick_Handler
 *fill*         0x08000b62        0x2 
 .text.SystemInit
                0x08000b64       0x24 ./Core/Src/system_stm32g4xx.o
                0x08000b64                SystemInit
 .text.Reset_Handler
                0x08000b88       0x50 ./Core/Startup/startup_stm32g431cbtx.o
                0x08000b88                Reset_Handler
 .text.Default_Handler
                0x08000bd8        0x2 ./Core/Startup/startup_stm32g431cbtx.o
                0x08000bd8                RTC_Alarm_IRQHandler
                0x08000bd8                EXTI2_IRQHandler
                0x08000bd8                TIM8_TRG_COM_IRQHandler
                0x08000bd8                TIM8_CC_IRQHandler
                0x08000bd8                TIM1_CC_IRQHandler
                0x08000bd8                USB_HP_IRQHandler
                0x08000bd8                CORDIC_IRQHandler
                0x08000bd8                EXTI3_IRQHandler
                0x08000bd8                I2C3_ER_IRQHandler
                0x08000bd8                EXTI0_IRQHandler
                0x08000bd8                I2C2_EV_IRQHandler
                0x08000bd8                FPU_IRQHandler
                0x08000bd8                FDCAN1_IT1_IRQHandler
                0x08000bd8                TIM1_UP_TIM16_IRQHandler
                0x08000bd8                SPI1_IRQHandler
                0x08000bd8                TIM6_DAC_IRQHandler
                0x08000bd8                TIM8_UP_IRQHandler
                0x08000bd8                DMA2_Channel2_IRQHandler
                0x08000bd8                DMA1_Channel4_IRQHandler
                0x08000bd8                USART3_IRQHandler
                0x08000bd8                TIM4_IRQHandler
                0x08000bd8                DMA2_Channel1_IRQHandler
                0x08000bd8                I2C1_EV_IRQHandler
                0x08000bd8                DMA1_Channel6_IRQHandler
                0x08000bd8                UART4_IRQHandler
                0x08000bd8                DMA2_Channel4_IRQHandler
                0x08000bd8                TIM3_IRQHandler
                0x08000bd8                RCC_IRQHandler
                0x08000bd8                DMA1_Channel1_IRQHandler
                0x08000bd8                Default_Handler
                0x08000bd8                RTC_TAMP_LSECSS_IRQHandler
                0x08000bd8                FMAC_IRQHandler
                0x08000bd8                EXTI15_10_IRQHandler
                0x08000bd8                TIM7_IRQHandler
                0x08000bd8                UCPD1_IRQHandler
                0x08000bd8                I2C3_EV_IRQHandler
                0x08000bd8                EXTI9_5_IRQHandler
                0x08000bd8                RTC_WKUP_IRQHandler
                0x08000bd8                PVD_PVM_IRQHandler
                0x08000bd8                SPI2_IRQHandler
                0x08000bd8                DMA2_Channel5_IRQHandler
                0x08000bd8                CRS_IRQHandler
                0x08000bd8                DMA1_Channel5_IRQHandler
                0x08000bd8                USB_LP_IRQHandler
                0x08000bd8                EXTI4_IRQHandler
                0x08000bd8                RNG_IRQHandler
                0x08000bd8                TIM1_TRG_COM_TIM17_IRQHandler
                0x08000bd8                DMA1_Channel3_IRQHandler
                0x08000bd8                WWDG_IRQHandler
                0x08000bd8                LPUART1_IRQHandler
                0x08000bd8                DMA2_Channel6_IRQHandler
                0x08000bd8                FDCAN1_IT0_IRQHandler
                0x08000bd8                TIM2_IRQHandler
                0x08000bd8                COMP1_2_3_IRQHandler
                0x08000bd8                EXTI1_IRQHandler
                0x08000bd8                USART2_IRQHandler
                0x08000bd8                I2C2_ER_IRQHandler
                0x08000bd8                DMA1_Channel2_IRQHandler
                0x08000bd8                TIM8_BRK_IRQHandler
                0x08000bd8                FLASH_IRQHandler
                0x08000bd8                USART1_IRQHandler
                0x08000bd8                SPI3_IRQHandler
                0x08000bd8                I2C1_ER_IRQHandler
                0x08000bd8                LPTIM1_IRQHandler
                0x08000bd8                DMAMUX_OVR_IRQHandler
                0x08000bd8                USBWakeUp_IRQHandler
                0x08000bd8                SAI1_IRQHandler
                0x08000bd8                DMA2_Channel3_IRQHandler
                0x08000bd8                COMP4_IRQHandler
                0x08000bd8                TIM1_BRK_TIM15_IRQHandler
 *fill*         0x08000bda        0x2 
 .text.HAL_IncTick
                0x08000bdc       0x24 ./Drivers/STM32G4xx_HAL_Driver/Src/stm32g4xx_hal.o
                0x08000bdc                HAL_IncTick
 .text.HAL_GetTick
                0x08000c00       0x18 ./Drivers/STM32G4xx_HAL_Driver/Src/stm32g4xx_hal.o
                0x08000c00                HAL_GetTick
 .text.HAL_Delay
                0x08000c18       0x44 ./Drivers/STM32G4xx_HAL_Driver/Src/stm32g4xx_hal.o
                0x08000c18                HAL_Delay
 .text.AdcSample
                0x08000c5c       0xa8 ./User/Adc.o
                0x08000c5c                AdcSample
 .text.InitAdcOffset
                0x08000d04       0x38 ./User/Adc.o
                0x08000d04                InitAdcOffset
 .text.CalAdcOffset
                0x08000d3c       0xec ./User/Adc.o
                0x08000d3c                CalAdcOffset
 .text.Initialize
                0x08000e28       0x30 ./User/Initialize.o
                0x08000e28                Initialize
 .text.SysClockInit
                0x08000e58       0x90 ./User/Initialize.o
 .text.GpioInit
                0x08000ee8       0x94 ./User/Initialize.o
 .text.PwmInit  0x08000f7c      0x1fc ./User/Initialize.o
 .text.CompInit
                0x08001178       0x2c ./User/Initialize.o
 .text.OpAmpInit
                0x080011a4       0x64 ./User/Initialize.o
 .text.AdcInit  0x08001208      0x1c8 ./User/Initialize.o
 .text.DacInit  0x080013d0       0x58 ./User/Initialize.o
 .text.CORDICInit
                0x08001428       0x20 ./User/Initialize.o
 .text.Timer1Init
                0x08001448       0x64 ./User/Initialize.o
 .text.NvicInit
                0x080014ac       0x28 ./User/Initialize.o
 .text.delay    0x080014d4       0x22 ./User/Initialize.o
 *fill*         0x080014f6        0x2 
 .text.GetIabc  0x080014f8       0x5c ./User/current.o
 .text.GetIalphabeta
                0x08001554       0x64 ./User/current.o
 .text.GetCurrentOffset
                0x080015b8       0x2c ./User/current.o
                0x080015b8                GetCurrentOffset
 .text.GetIdq   0x080015e4       0xee ./User/current.o
 .text.currentSample
                0x080016d2       0x22 ./User/current.o
                0x080016d2                currentSample
 *fill*         0x080016f4        0x4 
 .text._sin     0x080016f8      0x100 ./User/foc_utils.o
                0x080016f8                _sin
 .text._cos     0x080017f8       0x60 ./User/foc_utils.o
                0x080017f8                _cos
 .text.motor1Drive
                0x08001858      0x198 ./User/motor.o
                0x08001858                motor1Drive
 .text.Close6Pwm1
                0x080019f0       0x2c ./User/pwm.o
                0x080019f0                Close6Pwm1
 .text.Open3LowPwm1
                0x08001a1c       0x44 ./User/pwm.o
                0x08001a1c                Open3LowPwm1
 .text.Open6WorkPwm1
                0x08001a60       0x2c ./User/pwm.o
                0x08001a60                Open6WorkPwm1
 .text.dealPerMs
                0x08001a8c      0x14c ./User/userTimer.o
                0x08001a8c                dealPerMs
 .text.setPhaseVoltage
                0x08001bd8      0x468 ./User/voltage.o
                0x08001bd8                setPhaseVoltage
 .text.__libc_init_array
                0x08002040       0x48 D:/ST/STM32CubeIDE_1.14.1/STM32CubeIDE/plugins/com.st.stm32cube.ide.mcu.externaltools.gnu-tools-for-stm32.12.3.rel1.win32_1.0.100.202403111256/tools/bin/../lib/gcc/arm-none-eabi/12.3.1/../../../../arm-none-eabi/lib/thumb/v7e-m+fp/hard\libc_nano.a(libc_a-init.o)
                0x08002040                __libc_init_array
 *(.glue_7)
 .glue_7        0x08002088        0x0 linker stubs
 *(.glue_7t)
 .glue_7t       0x08002088        0x0 linker stubs
 *(.eh_frame)
 .eh_frame      0x08002088        0x0 D:/ST/STM32CubeIDE_1.14.1/STM32CubeIDE/plugins/com.st.stm32cube.ide.mcu.externaltools.gnu-tools-for-stm32.12.3.rel1.win32_1.0.100.202403111256/tools/bin/../lib/gcc/arm-none-eabi/12.3.1/thumb/v7e-m+fp/hard/crtbegin.o
 *(.init)
 .init          0x08002088        0x4 D:/ST/STM32CubeIDE_1.14.1/STM32CubeIDE/plugins/com.st.stm32cube.ide.mcu.externaltools.gnu-tools-for-stm32.12.3.rel1.win32_1.0.100.202403111256/tools/bin/../lib/gcc/arm-none-eabi/12.3.1/thumb/v7e-m+fp/hard/crti.o
                0x08002088                _init
 .init          0x0800208c        0x8 D:/ST/STM32CubeIDE_1.14.1/STM32CubeIDE/plugins/com.st.stm32cube.ide.mcu.externaltools.gnu-tools-for-stm32.12.3.rel1.win32_1.0.100.202403111256/tools/bin/../lib/gcc/arm-none-eabi/12.3.1/thumb/v7e-m+fp/hard/crtn.o
 *(.fini)
 .fini          0x08002094        0x4 D:/ST/STM32CubeIDE_1.14.1/STM32CubeIDE/plugins/com.st.stm32cube.ide.mcu.externaltools.gnu-tools-for-stm32.12.3.rel1.win32_1.0.100.202403111256/tools/bin/../lib/gcc/arm-none-eabi/12.3.1/thumb/v7e-m+fp/hard/crti.o
                0x08002094                _fini
 .fini          0x08002098        0x8 D:/ST/STM32CubeIDE_1.14.1/STM32CubeIDE/plugins/com.st.stm32cube.ide.mcu.externaltools.gnu-tools-for-stm32.12.3.rel1.win32_1.0.100.202403111256/tools/bin/../lib/gcc/arm-none-eabi/12.3.1/thumb/v7e-m+fp/hard/crtn.o
                0x080020a0                        . = ALIGN (0x4)
                0x080020a0                        _etext = .

.vfp11_veneer   0x080020a0        0x0
 .vfp11_veneer  0x080020a0        0x0 linker stubs

.v4_bx          0x080020a0        0x0
 .v4_bx         0x080020a0        0x0 linker stubs

.iplt           0x080020a0        0x0
 .iplt          0x080020a0        0x0 D:/ST/STM32CubeIDE_1.14.1/STM32CubeIDE/plugins/com.st.stm32cube.ide.mcu.externaltools.gnu-tools-for-stm32.12.3.rel1.win32_1.0.100.202403111256/tools/bin/../lib/gcc/arm-none-eabi/12.3.1/thumb/v7e-m+fp/hard/crtbegin.o

.rodata         0x080020a0        0x8
                0x080020a0                        . = ALIGN (0x4)
 *(.rodata)
 *(.rodata*)
 .rodata.sectorRemap
                0x080020a0        0x7 ./User/voltage.o
                0x080020a0                sectorRemap
                0x080020a8                        . = ALIGN (0x4)
 *fill*         0x080020a7        0x1 

.rel.dyn        0x080020a8        0x0
 .rel.iplt      0x080020a8        0x0 D:/ST/STM32CubeIDE_1.14.1/STM32CubeIDE/plugins/com.st.stm32cube.ide.mcu.externaltools.gnu-tools-for-stm32.12.3.rel1.win32_1.0.100.202403111256/tools/bin/../lib/gcc/arm-none-eabi/12.3.1/thumb/v7e-m+fp/hard/crtbegin.o

.ARM.extab      0x080020a8        0x0
                0x080020a8                        . = ALIGN (0x4)
 *(.ARM.extab* .gnu.linkonce.armextab.*)
                0x080020a8                        . = ALIGN (0x4)

.ARM            0x080020a8        0x0
                0x080020a8                        . = ALIGN (0x4)
                0x080020a8                        __exidx_start = .
 *(.ARM.exidx*)
                0x080020a8                        __exidx_end = .
                0x080020a8                        . = ALIGN (0x4)

.preinit_array  0x080020a8        0x0
                0x080020a8                        . = ALIGN (0x4)
                0x080020a8                        PROVIDE (__preinit_array_start = .)
 *(.preinit_array*)
                0x080020a8                        PROVIDE (__preinit_array_end = .)
                0x080020a8                        . = ALIGN (0x4)

.init_array     0x080020a8        0x4
                0x080020a8                        . = ALIGN (0x4)
                0x080020a8                        PROVIDE (__init_array_start = .)
 *(SORT_BY_NAME(.init_array.*))
 *(.init_array*)
 .init_array    0x080020a8        0x4 D:/ST/STM32CubeIDE_1.14.1/STM32CubeIDE/plugins/com.st.stm32cube.ide.mcu.externaltools.gnu-tools-for-stm32.12.3.rel1.win32_1.0.100.202403111256/tools/bin/../lib/gcc/arm-none-eabi/12.3.1/thumb/v7e-m+fp/hard/crtbegin.o
                0x080020ac                        PROVIDE (__init_array_end = .)
                0x080020ac                        . = ALIGN (0x4)

.fini_array     0x080020ac        0x4
                0x080020ac                        . = ALIGN (0x4)
                [!provide]                        PROVIDE (__fini_array_start = .)
 *(SORT_BY_NAME(.fini_array.*))
 *(.fini_array*)
 .fini_array    0x080020ac        0x4 D:/ST/STM32CubeIDE_1.14.1/STM32CubeIDE/plugins/com.st.stm32cube.ide.mcu.externaltools.gnu-tools-for-stm32.12.3.rel1.win32_1.0.100.202403111256/tools/bin/../lib/gcc/arm-none-eabi/12.3.1/thumb/v7e-m+fp/hard/crtbegin.o
                [!provide]                        PROVIDE (__fini_array_end = .)
                0x080020b0                        . = ALIGN (0x4)
                0x080020b0                        _sidata = LOADADDR (.data)

.data           0x20000000       0x88 load address 0x080020b0
                0x20000000                        . = ALIGN (0x4)
                0x20000000                        _sdata = .
 *(.data)
 *(.data*)
 .data.uwTickFreq
                0x20000000        0x4 ./Drivers/STM32G4xx_HAL_Driver/Src/stm32g4xx_hal.o
                0x20000000                uwTickFreq
 .data.sine_array.0
                0x20000004       0x82 ./User/foc_utils.o
 *(.RamFunc)
 *(.RamFunc*)
                0x20000088                        . = ALIGN (0x4)
 *fill*         0x20000086        0x2 
                0x20000088                        _edata = .

.igot.plt       0x20000088        0x0 load address 0x08002138
 .igot.plt      0x20000088        0x0 D:/ST/STM32CubeIDE_1.14.1/STM32CubeIDE/plugins/com.st.stm32cube.ide.mcu.externaltools.gnu-tools-for-stm32.12.3.rel1.win32_1.0.100.202403111256/tools/bin/../lib/gcc/arm-none-eabi/12.3.1/thumb/v7e-m+fp/hard/crtbegin.o
                0x20000088                        . = ALIGN (0x4)

.bss            0x20000088      0x178 load address 0x08002138
                0x20000088                        _sbss = .
                0x20000088                        __bss_start__ = _sbss
 *(.bss)
 .bss           0x20000088       0x1c D:/ST/STM32CubeIDE_1.14.1/STM32CubeIDE/plugins/com.st.stm32cube.ide.mcu.externaltools.gnu-tools-for-stm32.12.3.rel1.win32_1.0.100.202403111256/tools/bin/../lib/gcc/arm-none-eabi/12.3.1/thumb/v7e-m+fp/hard/crtbegin.o
 *(.bss*)
 .bss.cnt.0     0x200000a4        0x1 ./Core/Src/main.o
 *fill*         0x200000a5        0x3 
 .bss.uwTick    0x200000a8        0x4 ./Drivers/STM32G4xx_HAL_Driver/Src/stm32g4xx_hal.o
                0x200000a8                uwTick
 .bss.tAdc      0x200000ac       0x64 ./User/Adc.o
                0x200000ac                tAdc
 .bss.tGlobal   0x20000110       0x24 ./User/motor.o
                0x20000110                tGlobal
 .bss.motor1    0x20000134       0xb0 ./User/motor.o
                0x20000134                motor1
 .bss._1s       0x200001e4        0x1 ./User/userTimer.o
 .bss._1ms      0x200001e5        0x1 ./User/userTimer.o
 *fill*         0x200001e6        0x2 
 .bss._1msCnt   0x200001e8        0x4 ./User/userTimer.o
 .bss.frequence
                0x200001ec        0x1 ./User/userTimer.o
 .bss.withoutZeroCnt
                0x200001ed        0x1 ./User/userTimer.o
 .bss._5msFlag  0x200001ee        0x1 ./User/userTimer.o
 .bss._10msFlag
                0x200001ef        0x1 ./User/userTimer.o
 .bss._20msFlag
                0x200001f0        0x1 ./User/userTimer.o
 .bss._30msFlag
                0x200001f1        0x1 ./User/userTimer.o
 .bss._100msFlag
                0x200001f2        0x1 ./User/userTimer.o
 .bss._500msFlag
                0x200001f3        0x1 ./User/userTimer.o
 .bss._5msCnt.5
                0x200001f4        0x1 ./User/userTimer.o
 .bss._10msCnt.4
                0x200001f5        0x1 ./User/userTimer.o
 .bss._20msCnt.3
                0x200001f6        0x1 ./User/userTimer.o
 .bss._30msCnt.2
                0x200001f7        0x1 ./User/userTimer.o
 .bss._100msCnt.1
                0x200001f8        0x1 ./User/userTimer.o
 *fill*         0x200001f9        0x3 
 .bss._500msCnt.0
                0x200001fc        0x4 ./User/userTimer.o
 *(COMMON)
                0x20000200                        . = ALIGN (0x4)
                0x20000200                        _ebss = .
                0x20000200                        __bss_end__ = _ebss

._user_heap_stack
                0x20000200      0x600 load address 0x08002138
                0x20000200                        . = ALIGN (0x8)
                [!provide]                        PROVIDE (end = .)
                0x20000200                        PROVIDE (_end = .)
                0x20000400                        . = (. + _Min_Heap_Size)
 *fill*         0x20000200      0x200 
                0x20000800                        . = (. + _Min_Stack_Size)
 *fill*         0x20000400      0x400 
                0x20000800                        . = ALIGN (0x8)

/DISCARD/
 libc.a(*)
 libm.a(*)
 libgcc.a(*)

.ARM.attributes
                0x00000000       0x30
 *(.ARM.attributes)
 .ARM.attributes
                0x00000000       0x22 D:/ST/STM32CubeIDE_1.14.1/STM32CubeIDE/plugins/com.st.stm32cube.ide.mcu.externaltools.gnu-tools-for-stm32.12.3.rel1.win32_1.0.100.202403111256/tools/bin/../lib/gcc/arm-none-eabi/12.3.1/thumb/v7e-m+fp/hard/crti.o
 .ARM.attributes
                0x00000022       0x34 D:/ST/STM32CubeIDE_1.14.1/STM32CubeIDE/plugins/com.st.stm32cube.ide.mcu.externaltools.gnu-tools-for-stm32.12.3.rel1.win32_1.0.100.202403111256/tools/bin/../lib/gcc/arm-none-eabi/12.3.1/thumb/v7e-m+fp/hard/crtbegin.o
 .ARM.attributes
                0x00000056       0x34 ./Core/Src/main.o
 .ARM.attributes
                0x0000008a       0x34 ./Core/Src/stm32g4xx_it.o
 .ARM.attributes
                0x000000be       0x34 ./Core/Src/system_stm32g4xx.o
 .ARM.attributes
                0x000000f2       0x21 ./Core/Startup/startup_stm32g431cbtx.o
 .ARM.attributes
                0x00000113       0x34 ./Drivers/STM32G4xx_HAL_Driver/Src/stm32g4xx_hal.o
 .ARM.attributes
                0x00000147       0x34 ./User/Adc.o
 .ARM.attributes
                0x0000017b       0x34 ./User/Initialize.o
 .ARM.attributes
                0x000001af       0x34 ./User/current.o
 .ARM.attributes
                0x000001e3       0x34 ./User/foc_utils.o
 .ARM.attributes
                0x00000217       0x34 ./User/motor.o
 .ARM.attributes
                0x0000024b       0x34 ./User/pwm.o
 .ARM.attributes
                0x0000027f       0x34 ./User/userTimer.o
 .ARM.attributes
                0x000002b3       0x34 ./User/voltage.o
 .ARM.attributes
                0x000002e7       0x34 D:/ST/STM32CubeIDE_1.14.1/STM32CubeIDE/plugins/com.st.stm32cube.ide.mcu.externaltools.gnu-tools-for-stm32.12.3.rel1.win32_1.0.100.202403111256/tools/bin/../lib/gcc/arm-none-eabi/12.3.1/../../../../arm-none-eabi/lib/thumb/v7e-m+fp/hard\libc_nano.a(libc_a-init.o)
 .ARM.attributes
                0x0000031b       0x22 D:/ST/STM32CubeIDE_1.14.1/STM32CubeIDE/plugins/com.st.stm32cube.ide.mcu.externaltools.gnu-tools-for-stm32.12.3.rel1.win32_1.0.100.202403111256/tools/bin/../lib/gcc/arm-none-eabi/12.3.1/thumb/v7e-m+fp/hard\libgcc.a(_arm_addsubdf3.o)
 .ARM.attributes
                0x0000033d       0x22 D:/ST/STM32CubeIDE_1.14.1/STM32CubeIDE/plugins/com.st.stm32cube.ide.mcu.externaltools.gnu-tools-for-stm32.12.3.rel1.win32_1.0.100.202403111256/tools/bin/../lib/gcc/arm-none-eabi/12.3.1/thumb/v7e-m+fp/hard\libgcc.a(_arm_muldivdf3.o)
 .ARM.attributes
                0x0000035f       0x22 D:/ST/STM32CubeIDE_1.14.1/STM32CubeIDE/plugins/com.st.stm32cube.ide.mcu.externaltools.gnu-tools-for-stm32.12.3.rel1.win32_1.0.100.202403111256/tools/bin/../lib/gcc/arm-none-eabi/12.3.1/thumb/v7e-m+fp/hard\libgcc.a(_arm_fixunsdfsi.o)
 .ARM.attributes
                0x00000381       0x22 D:/ST/STM32CubeIDE_1.14.1/STM32CubeIDE/plugins/com.st.stm32cube.ide.mcu.externaltools.gnu-tools-for-stm32.12.3.rel1.win32_1.0.100.202403111256/tools/bin/../lib/gcc/arm-none-eabi/12.3.1/thumb/v7e-m+fp/hard\libgcc.a(_arm_truncdfsf2.o)
 .ARM.attributes
                0x000003a3       0x22 D:/ST/STM32CubeIDE_1.14.1/STM32CubeIDE/plugins/com.st.stm32cube.ide.mcu.externaltools.gnu-tools-for-stm32.12.3.rel1.win32_1.0.100.202403111256/tools/bin/../lib/gcc/arm-none-eabi/12.3.1/thumb/v7e-m+fp/hard/crtn.o
OUTPUT(blower.elf elf32-littlearm)
LOAD linker stubs
LOAD D:/ST/STM32CubeIDE_1.14.1/STM32CubeIDE/plugins/com.st.stm32cube.ide.mcu.externaltools.gnu-tools-for-stm32.12.3.rel1.win32_1.0.100.202403111256/tools/bin/../lib/gcc/arm-none-eabi/12.3.1/../../../../arm-none-eabi/lib/thumb/v7e-m+fp/hard\libc.a
LOAD D:/ST/STM32CubeIDE_1.14.1/STM32CubeIDE/plugins/com.st.stm32cube.ide.mcu.externaltools.gnu-tools-for-stm32.12.3.rel1.win32_1.0.100.202403111256/tools/bin/../lib/gcc/arm-none-eabi/12.3.1/../../../../arm-none-eabi/lib/thumb/v7e-m+fp/hard\libm.a
LOAD D:/ST/STM32CubeIDE_1.14.1/STM32CubeIDE/plugins/com.st.stm32cube.ide.mcu.externaltools.gnu-tools-for-stm32.12.3.rel1.win32_1.0.100.202403111256/tools/bin/../lib/gcc/arm-none-eabi/12.3.1/thumb/v7e-m+fp/hard\libgcc.a

.debug_info     0x00000000     0x428d
 .debug_info    0x00000000      0x58a ./Core/Src/main.o
 .debug_info    0x0000058a      0x113 ./Core/Src/stm32g4xx_it.o
 .debug_info    0x0000069d      0x58e ./Core/Src/system_stm32g4xx.o
 .debug_info    0x00000c2b       0x30 ./Core/Startup/startup_stm32g431cbtx.o
 .debug_info    0x00000c5b      0xadb ./Drivers/STM32G4xx_HAL_Driver/Src/stm32g4xx_hal.o
 .debug_info    0x00001736      0x4e3 ./User/Adc.o
 .debug_info    0x00001c19      0xc6b ./User/Initialize.o
 .debug_info    0x00002884      0x360 ./User/current.o
 .debug_info    0x00002be4      0x33c ./User/foc_utils.o
 .debug_info    0x00002f20      0x875 ./User/motor.o
 .debug_info    0x00003795      0x29c ./User/pwm.o
 .debug_info    0x00003a31      0x368 ./User/userTimer.o
 .debug_info    0x00003d99      0x4f4 ./User/voltage.o

.debug_abbrev   0x00000000     0x1044
 .debug_abbrev  0x00000000      0x1ae ./Core/Src/main.o
 .debug_abbrev  0x000001ae       0x73 ./Core/Src/stm32g4xx_it.o
 .debug_abbrev  0x00000221      0x11a ./Core/Src/system_stm32g4xx.o
 .debug_abbrev  0x0000033b       0x24 ./Core/Startup/startup_stm32g431cbtx.o
 .debug_abbrev  0x0000035f      0x271 ./Drivers/STM32G4xx_HAL_Driver/Src/stm32g4xx_hal.o
 .debug_abbrev  0x000005d0       0xc9 ./User/Adc.o
 .debug_abbrev  0x00000699      0x1c0 ./User/Initialize.o
 .debug_abbrev  0x00000859      0x157 ./User/current.o
 .debug_abbrev  0x000009b0      0x15f ./User/foc_utils.o
 .debug_abbrev  0x00000b0f      0x1fd ./User/motor.o
 .debug_abbrev  0x00000d0c      0x101 ./User/pwm.o
 .debug_abbrev  0x00000e0d       0xe0 ./User/userTimer.o
 .debug_abbrev  0x00000eed      0x157 ./User/voltage.o

.debug_aranges  0x00000000      0x488
 .debug_aranges
                0x00000000       0x38 ./Core/Src/main.o
 .debug_aranges
                0x00000038       0x60 ./Core/Src/stm32g4xx_it.o
 .debug_aranges
                0x00000098       0x28 ./Core/Src/system_stm32g4xx.o
 .debug_aranges
                0x000000c0       0x28 ./Core/Startup/startup_stm32g431cbtx.o
 .debug_aranges
                0x000000e8      0x148 ./Drivers/STM32G4xx_HAL_Driver/Src/stm32g4xx_hal.o
 .debug_aranges
                0x00000230       0x30 ./User/Adc.o
 .debug_aranges
                0x00000260       0x78 ./User/Initialize.o
 .debug_aranges
                0x000002d8       0x48 ./User/current.o
 .debug_aranges
                0x00000320       0x50 ./User/foc_utils.o
 .debug_aranges
                0x00000370       0x28 ./User/motor.o
 .debug_aranges
                0x00000398       0x38 ./User/pwm.o
 .debug_aranges
                0x000003d0       0x90 ./User/userTimer.o
 .debug_aranges
                0x00000460       0x28 ./User/voltage.o

.debug_rnglists
                0x00000000      0x333
 .debug_rnglists
                0x00000000       0x26 ./Core/Src/main.o
 .debug_rnglists
                0x00000026       0x43 ./Core/Src/stm32g4xx_it.o
 .debug_rnglists
                0x00000069       0x1a ./Core/Src/system_stm32g4xx.o
 .debug_rnglists
                0x00000083       0x19 ./Core/Startup/startup_stm32g431cbtx.o
 .debug_rnglists
                0x0000009c       0xf1 ./Drivers/STM32G4xx_HAL_Driver/Src/stm32g4xx_hal.o
 .debug_rnglists
                0x0000018d       0x21 ./User/Adc.o
 .debug_rnglists
                0x000001ae       0x59 ./User/Initialize.o
 .debug_rnglists
                0x00000207       0x32 ./User/current.o
 .debug_rnglists
                0x00000239       0x39 ./User/foc_utils.o
 .debug_rnglists
                0x00000272       0x1a ./User/motor.o
 .debug_rnglists
                0x0000028c       0x25 ./User/pwm.o
 .debug_rnglists
                0x000002b1       0x68 ./User/userTimer.o
 .debug_rnglists
                0x00000319       0x1a ./User/voltage.o

.debug_macro    0x00000000     0x33a8
 .debug_macro   0x00000000      0x3a5 ./Core/Src/main.o
 .debug_macro   0x000003a5       0x61 ./Core/Src/main.o
 .debug_macro   0x00000406       0x2a ./Core/Src/main.o
 .debug_macro   0x00000430       0x43 ./Core/Src/main.o
 .debug_macro   0x00000473       0x34 ./Core/Src/main.o
 .debug_macro   0x000004a7       0x16 ./Core/Src/main.o
 .debug_macro   0x000004bd       0x35 ./Core/Src/main.o
 .debug_macro   0x000004f2      0x369 ./Core/Src/main.o
 .debug_macro   0x0000085b       0x10 ./Core/Src/main.o
 .debug_macro   0x0000086b       0x16 ./Core/Src/main.o
 .debug_macro   0x00000881       0x43 ./Core/Src/main.o
 .debug_macro   0x000008c4       0x34 ./Core/Src/main.o
 .debug_macro   0x000008f8       0x10 ./Core/Src/main.o
 .debug_macro   0x00000908       0x58 ./Core/Src/main.o
 .debug_macro   0x00000960       0x8e ./Core/Src/main.o
 .debug_macro   0x000009ee       0x1c ./Core/Src/main.o
 .debug_macro   0x00000a0a      0x177 ./Core/Src/main.o
 .debug_macro   0x00000b81       0x16 ./Core/Src/main.o
 .debug_macro   0x00000b97       0x16 ./Core/Src/main.o
 .debug_macro   0x00000bad      0x146 ./Core/Src/main.o
 .debug_macro   0x00000cf3       0x16 ./Core/Src/main.o
 .debug_macro   0x00000d09       0x20 ./Core/Src/main.o
 .debug_macro   0x00000d29       0x8b ./Core/Src/main.o
 .debug_macro   0x00000db4       0x1c ./Core/Src/main.o
 .debug_macro   0x00000dd0      0x23d ./Core/Src/stm32g4xx_it.o
 .debug_macro   0x0000100d      0x229 ./Core/Src/system_stm32g4xx.o
 .debug_macro   0x00001236      0x277 ./Drivers/STM32G4xx_HAL_Driver/Src/stm32g4xx_hal.o
 .debug_macro   0x000014ad      0x361 ./User/Adc.o
 .debug_macro   0x0000180e       0x9e ./User/Adc.o
 .debug_macro   0x000018ac      0x10b ./User/Adc.o
 .debug_macro   0x000019b7       0x56 ./User/Adc.o
 .debug_macro   0x00001a0d       0x16 ./User/Adc.o
 .debug_macro   0x00001a23      0x35b ./User/Initialize.o
 .debug_macro   0x00001d7e       0x28 ./User/Initialize.o
 .debug_macro   0x00001da6      0x36a ./User/current.o
 .debug_macro   0x00002110       0xa6 ./User/current.o
 .debug_macro   0x000021b6      0x35d ./User/foc_utils.o
 .debug_macro   0x00002513       0xa0 ./User/foc_utils.o
 .debug_macro   0x000025b3      0x391 ./User/motor.o
 .debug_macro   0x00002944      0x361 ./User/pwm.o
 .debug_macro   0x00002ca5      0x35d ./User/userTimer.o
 .debug_macro   0x00003002      0x384 ./User/voltage.o
 .debug_macro   0x00003386       0x22 ./User/voltage.o

.debug_line     0x00000000     0x8549
 .debug_line    0x00000000      0xaef ./Core/Src/main.o
 .debug_line    0x00000aef      0x8ef ./Core/Src/stm32g4xx_it.o
 .debug_line    0x000013de      0x899 ./Core/Src/system_stm32g4xx.o
 .debug_line    0x00001c77       0x7b ./Core/Startup/startup_stm32g431cbtx.o
 .debug_line    0x00001cf2      0xc55 ./Drivers/STM32G4xx_HAL_Driver/Src/stm32g4xx_hal.o
 .debug_line    0x00002947      0xaee ./User/Adc.o
 .debug_line    0x00003435      0xe1a ./User/Initialize.o
 .debug_line    0x0000424f      0xaec ./User/current.o
 .debug_line    0x00004d3b      0xb5b ./User/foc_utils.o
 .debug_line    0x00005896      0xaf1 ./User/motor.o
 .debug_line    0x00006387      0xa5c ./User/pwm.o
 .debug_line    0x00006de3      0xbfc ./User/userTimer.o
 .debug_line    0x000079df      0xb6a ./User/voltage.o

.debug_str      0x00000000    0xda6cc
 .debug_str     0x00000000    0xd8ce2 ./Core/Src/main.o
                              0xd9249 (size before relaxing)
 .debug_str     0x000d8ce2      0x105 ./Core/Src/stm32g4xx_it.o
                              0xd55bd (size before relaxing)
 .debug_str     0x000d8de7      0x202 ./Core/Src/system_stm32g4xx.o
                              0xd572b (size before relaxing)
 .debug_str     0x000d8fe9       0x44 ./Core/Startup/startup_stm32g431cbtx.o
                                 0x6e (size before relaxing)
 .debug_str     0x000d902d      0xa58 ./Drivers/STM32G4xx_HAL_Driver/Src/stm32g4xx_hal.o
                              0xd626a (size before relaxing)
 .debug_str     0x000d9a85      0x16e ./User/Adc.o
                              0xd9149 (size before relaxing)
 .debug_str     0x000d9bf3      0x293 ./User/Initialize.o
                              0xd93a8 (size before relaxing)
 .debug_str     0x000d9e86      0x390 ./User/current.o
                              0xd932a (size before relaxing)
 .debug_str     0x000da216       0xa6 ./User/foc_utils.o
                              0xd9237 (size before relaxing)
 .debug_str     0x000da2bc      0x184 ./User/motor.o
                              0xd9649 (size before relaxing)
 .debug_str     0x000da440        0xe ./User/pwm.o
                              0xd9004 (size before relaxing)
 .debug_str     0x000da44e      0x243 ./User/userTimer.o
                              0xd90ec (size before relaxing)
 .debug_str     0x000da691       0x3b ./User/voltage.o
                              0xd9411 (size before relaxing)

.comment        0x00000000       0x43
 .comment       0x00000000       0x43 ./Core/Src/main.o
                                 0x44 (size before relaxing)
 .comment       0x00000043       0x44 ./Core/Src/stm32g4xx_it.o
 .comment       0x00000043       0x44 ./Core/Src/system_stm32g4xx.o
 .comment       0x00000043       0x44 ./Drivers/STM32G4xx_HAL_Driver/Src/stm32g4xx_hal.o
 .comment       0x00000043       0x44 ./User/Adc.o
 .comment       0x00000043       0x44 ./User/Initialize.o
 .comment       0x00000043       0x44 ./User/current.o
 .comment       0x00000043       0x44 ./User/foc_utils.o
 .comment       0x00000043       0x44 ./User/motor.o
 .comment       0x00000043       0x44 ./User/pwm.o
 .comment       0x00000043       0x44 ./User/userTimer.o
 .comment       0x00000043       0x44 ./User/voltage.o

.debug_frame    0x00000000      0xfc0
 .debug_frame   0x00000000       0x8c ./Core/Src/main.o
 .debug_frame   0x0000008c      0x104 ./Core/Src/stm32g4xx_it.o
 .debug_frame   0x00000190       0x58 ./Core/Src/system_stm32g4xx.o
 .debug_frame   0x000001e8      0x500 ./Drivers/STM32G4xx_HAL_Driver/Src/stm32g4xx_hal.o
 .debug_frame   0x000006e8       0x70 ./User/Adc.o
 .debug_frame   0x00000758      0x194 ./User/Initialize.o
 .debug_frame   0x000008ec      0x108 ./User/current.o
 .debug_frame   0x000009f4      0x11c ./User/foc_utils.o
 .debug_frame   0x00000b10       0x48 ./User/motor.o
 .debug_frame   0x00000b58       0x98 ./User/pwm.o
 .debug_frame   0x00000bf0      0x1f0 ./User/userTimer.o
 .debug_frame   0x00000de0       0x70 ./User/voltage.o
 .debug_frame   0x00000e50       0x2c D:/ST/STM32CubeIDE_1.14.1/STM32CubeIDE/plugins/com.st.stm32cube.ide.mcu.externaltools.gnu-tools-for-stm32.12.3.rel1.win32_1.0.100.202403111256/tools/bin/../lib/gcc/arm-none-eabi/12.3.1/../../../../arm-none-eabi/lib/thumb/v7e-m+fp/hard\libc_nano.a(libc_a-init.o)
 .debug_frame   0x00000e7c       0xac D:/ST/STM32CubeIDE_1.14.1/STM32CubeIDE/plugins/com.st.stm32cube.ide.mcu.externaltools.gnu-tools-for-stm32.12.3.rel1.win32_1.0.100.202403111256/tools/bin/../lib/gcc/arm-none-eabi/12.3.1/thumb/v7e-m+fp/hard\libgcc.a(_arm_addsubdf3.o)
 .debug_frame   0x00000f28       0x50 D:/ST/STM32CubeIDE_1.14.1/STM32CubeIDE/plugins/com.st.stm32cube.ide.mcu.externaltools.gnu-tools-for-stm32.12.3.rel1.win32_1.0.100.202403111256/tools/bin/../lib/gcc/arm-none-eabi/12.3.1/thumb/v7e-m+fp/hard\libgcc.a(_arm_muldivdf3.o)
 .debug_frame   0x00000f78       0x24 D:/ST/STM32CubeIDE_1.14.1/STM32CubeIDE/plugins/com.st.stm32cube.ide.mcu.externaltools.gnu-tools-for-stm32.12.3.rel1.win32_1.0.100.202403111256/tools/bin/../lib/gcc/arm-none-eabi/12.3.1/thumb/v7e-m+fp/hard\libgcc.a(_arm_fixunsdfsi.o)
 .debug_frame   0x00000f9c       0x24 D:/ST/STM32CubeIDE_1.14.1/STM32CubeIDE/plugins/com.st.stm32cube.ide.mcu.externaltools.gnu-tools-for-stm32.12.3.rel1.win32_1.0.100.202403111256/tools/bin/../lib/gcc/arm-none-eabi/12.3.1/thumb/v7e-m+fp/hard\libgcc.a(_arm_truncdfsf2.o)

.debug_line_str
                0x00000000       0x52
 .debug_line_str
                0x00000000       0x52 ./Core/Startup/startup_stm32g431cbtx.o
