../User/userTimer.c:10:6:dealPer100us	8	static
../User/userTimer.c:21:13:dealPerMs	4	static
../User/userTimer.c:131:6:initializeClock	4	static
../User/userTimer.c:141:15:getFrequence	4	static
../User/userTimer.c:148:6:getOneSecFlag	4	static
../User/userTimer.c:159:6:getOneMsFlag	4	static
../User/userTimer.c:170:6:getPowerLost	4	static
../User/userTimer.c:176:6:getCrossZero	4	static
../User/userTimer.c:180:6:get5MsFlag	4	static
../User/userTimer.c:193:6:get10MsFlag	4	static
../User/userTimer.c:206:6:get20MsFlag	4	static
../User/userTimer.c:219:6:get30MsFlag	4	static
../User/userTimer.c:232:6:get100MsFlag	4	static
../User/userTimer.c:245:6:get500MsFlag	4	static
