Component: ARM Compiler 5.06 update 6 (build 750) Tool: armlink [4d35ed]

==============================================================================

Section Cross References

    initialize.o(i.AdcInit) refers to initialize.o(i.delay) for delay
    initialize.o(i.Initialize) refers to initialize.o(i.SysClockInit) for SysClockInit
    initialize.o(i.Initialize) refers to initialize.o(i.GpioInit) for GpioInit
    initialize.o(i.Initialize) refers to initialize.o(i.DacInit) for DacInit
    initialize.o(i.Initialize) refers to initialize.o(i.OpAmpInit) for OpAmpInit
    initialize.o(i.Initialize) refers to initialize.o(i.CompInit) for CompInit
    initialize.o(i.Initialize) refers to initialize.o(i.PwmInit) for PwmInit
    initialize.o(i.Initialize) refers to initialize.o(i.AdcInit) for AdcInit
    initialize.o(i.Initialize) refers to initialize.o(i.CORDICInit) for CORDICInit
    initialize.o(i.Initialize) refers to initialize.o(i.Timer1Init) for Timer1Init
    initialize.o(i.Initialize) refers to initialize.o(i.NvicInit) for NvicInit
    initialize.o(i.Initialize) refers to led.o(i.LedInitialize) for LedInitialize
    initialize.o(i.Initialize) refers to key.o(i.KeyInitialize) for KeyInitialize
    initialize.o(i.Initialize) refers to switch.o(i.SwitchInitialize) for SwitchInitialize
    initialize.o(i.Initialize) refers to motor.o(i.MotorInitialize) for MotorInitialize
    initialize.o(i.Initialize) refers to heat.o(i.HeatInitialize) for HeatInitialize
    initialize.o(i.Initialize) refers to protect.o(i.ProtectInitialize) for ProtectInitialize
    initialize.o(i.PwmInit) refers to initialize.o(i.delay) for delay
    main.o(i.ADC1_2_IRQHandler) refers to adc.o(i.AdcSample) for AdcSample
    main.o(i.ADC1_2_IRQHandler) refers to core.o(i.CoreMachine) for CoreMachine
    main.o(i.ADC1_2_IRQHandler) refers to adc.o(i.AdcFilter) for AdcFilter
    main.o(i.ADC1_2_IRQHandler) refers to heat.o(i.ScanfHeatTrigger) for ScanfHeatTrigger
    main.o(i.ADC1_2_IRQHandler) refers to main.o(i.SysTimeCount) for SysTimeCount
    main.o(i.Main) refers to initialize.o(i.Initialize) for Initialize
    main.o(i.Main) refers to switch.o(i.SwitchApp) for SwitchApp
    main.o(i.Main) refers to key.o(i.KeyApp) for KeyApp
    main.o(i.Main) refers to heat.o(i.HeatApp) for HeatApp
    main.o(i.Main) refers to led.o(i.LedApp) for LedApp
    main.o(i.Main) refers to motor.o(i.MotorApp) for MotorApp
    main.o(i.Main) refers to protect.o(i.ProtectApp) for ProtectApp
    main.o(i.Main) refers to main.o(.bss) for tSystem
    main.o(i.SysTimeCount) refers to main.o(.bss) for tSystem
    main.o(i.SysTimeCount) refers to switch.o(.bss) for tSwitch
    main.o(i.SysTimeCount) refers to key.o(.bss) for tKey
    main.o(i.SysTimeCount) refers to led.o(.data) for tLed
    main.o(i.SysTimeCount) refers to protect.o(.bss) for tProtect
    main.o(i.SysTimeCount) refers to heat.o(.data) for tHeat
    startup.o(RESET) refers to startup.o(STACK) for __initial_sp
    startup.o(RESET) refers to startup.o(.text) for Reset_Handler
    startup.o(RESET) refers to main.o(i.ADC1_2_IRQHandler) for ADC1_2_IRQHandler
    startup.o(.text) refers to main.o(i.Main) for Main
    led.o(i.LedApp) refers to motor.o(.bss) for tGlobal
    led.o(i.LedApp) refers to main.o(.bss) for tSystem
    led.o(i.LedApp) refers to led.o(.data) for tLed
    led.o(i.LedInitialize) refers to main.o(.bss) for tSystem
    key.o(i.KeyApp) refers to key.o(i.KeyScanf) for KeyScanf
    key.o(i.KeyApp) refers to main.o(.bss) for tSystem
    key.o(i.KeyApp) refers to key.o(.bss) for tKey
    key.o(i.KeyInitialize) refers to key.o(.bss) for tKey
    key.o(i.KeyInitialize) refers to main.o(.bss) for tSystem
    key.o(i.KeyScanf) refers to key.o(.bss) for tKey
    key.o(i.KeyScanf) refers to main.o(.bss) for tSystem
    motor.o(i.MotorApp) refers to motor.o(.bss) for tGlobal
    motor.o(i.MotorApp) refers to main.o(.bss) for tSystem
    motor.o(i.MotorApp) refers to motor.o(.data) for tMotor
    motor.o(i.MotorInitialize) refers to core.o(i.CoreInitialize) for CoreInitialize
    switch.o(i.GetSwitchSpeed) refers to switch.o(.bss) for tSwitch
    switch.o(i.SwitchApp) refers to switch.o(i.GetSwitchSpeed) for GetSwitchSpeed
    switch.o(i.SwitchApp) refers to switch.o(.bss) for tSwitch
    switch.o(i.SwitchApp) refers to main.o(.bss) for tSystem
    switch.o(i.SwitchInitialize) refers to switch.o(.bss) for tSwitch
    switch.o(i.SwitchInitialize) refers to main.o(.bss) for tSystem
    heat.o(i.HeatApp) refers to heat.o(.data) for tHeat
    heat.o(i.HeatApp) refers to motor.o(.bss) for tGlobal
    heat.o(i.HeatApp) refers to main.o(.bss) for tSystem
    heat.o(i.HeatInitialize) refers to heat.o(.data) for tHeat
    heat.o(i.ScanfHeatTrigger) refers to heat.o(.data) for tHeat
    heat.o(i.ScanfHeatTrigger) refers to switch.o(.bss) for tSwitch
    adc.o(i.AdcFilter) refers to motor.o(.bss) for tGlobal
    adc.o(i.AdcFilter) refers to adc.o(.bss) for tAdc
    adc.o(i.AdcSample) refers to adc.o(.bss) for tAdc
    adc.o(i.AdcSample) refers to motor.o(.bss) for tGlobal
    adc.o(i.CalAdcOffset) refers to motor.o(.bss) for tGlobal
    adc.o(i.CalAdcOffset) refers to adc.o(.bss) for tAdc
    adc.o(i.InitAdcOffset) refers to adc.o(.bss) for tAdc
    protect.o(i.ProtectApp) refers to flash.o(i.PageErase) for PageErase
    protect.o(i.ProtectApp) refers to flash.o(i.FLASH_write) for FLASH_write
    protect.o(i.ProtectApp) refers to motor.o(.bss) for tGlobal
    protect.o(i.ProtectApp) refers to protect.o(.bss) for tProtect
    protect.o(i.ProtectApp) refers to main.o(.bss) for tSystem
    protect.o(i.ProtectInitialize) refers to protect.o(.bss) for tProtect
    protect.o(i.ProtectInitialize) refers to main.o(.bss) for tSystem
    flash.o(i.FLASH_write) refers to flash.o(i.Flash_unlock) for Flash_unlock
    flash.o(i.FLASH_write) refers to flash.o(i.FLASH_lock) for FLASH_lock
    flash.o(i.PageErase) refers to flash.o(i.Flash_unlock) for Flash_unlock
    flash.o(i.PageErase) refers to flash.o(i.FLASH_lock) for FLASH_lock
    current.o(i.CurrentInitialize) refers to current.o(.bss) for tIm
    current.o(i.CurrentSample) refers to current.o(i.GetIabc) for GetIabc
    current.o(i.CurrentSample) refers to current.o(i.GetIalphabeta) for GetIalphabeta
    current.o(i.CurrentSample) refers to current.o(i.GetIdq) for GetIdq
    current.o(i.GetCurrentOffset) refers to motor.o(.bss) for tGlobal
    current.o(i.GetCurrentOffset) refers to current.o(.bss) for tIm
    current.o(i.GetIabc) refers to current.o(.bss) for tIm
    current.o(i.GetIabc) refers to motor.o(.bss) for tGlobal
    current.o(i.GetIalphabeta) refers to current.o(.bss) for tIm
    current.o(i.GetIdq) refers to math.o(i.MulFrac) for MulFrac
    current.o(i.GetIdq) refers to current.o(.bss) for tIm
    voltage.o(i.GetUalphabeta) refers to math.o(i.MulFrac) for MulFrac
    voltage.o(i.GetUalphabeta) refers to voltage.o(.bss) for tUm
    voltage.o(i.GetUs) refers to pi.o(i.IpiControl) for IpiControl
    voltage.o(i.GetUs) refers to voltage.o(i.VoltRippleComp) for VoltRippleComp
    voltage.o(i.GetUs) refers to math.o(i.MulFrac) for MulFrac
    voltage.o(i.GetUs) refers to math.o(i.CalSqrt) for CalSqrt
    voltage.o(i.GetUs) refers to math.o(i.CalAtan) for CalAtan
    voltage.o(i.GetUs) refers to current.o(.bss) for tIm
    voltage.o(i.GetUs) refers to voltage.o(.bss) for tPiId
    voltage.o(i.GetUs) refers to core.o(.bss) for tCore
    voltage.o(i.GetUsSector) refers to voltage.o(.bss) for tUm
    voltage.o(i.GetUxyz) refers to math.o(i.CalSinCos) for CalSinCos
    voltage.o(i.GetUxyz) refers to voltage.o(.bss) for tUm
    voltage.o(i.SvpwmOut) refers to voltage.o(i.VectorActionTimeCalculate) for VectorActionTimeCalculate
    voltage.o(i.SvpwmOut) refers to voltage.o(.bss) for tUm
    voltage.o(i.UsOut) refers to voltage.o(i.GetUsSector) for GetUsSector
    voltage.o(i.UsOut) refers to voltage.o(i.GetUxyz) for GetUxyz
    voltage.o(i.UsOut) refers to voltage.o(i.SvpwmOut) for SvpwmOut
    voltage.o(i.UsOut) refers to voltage.o(i.GetUalphabeta) for GetUalphabeta
    voltage.o(i.VectorActionTimeCalculate) refers to voltage.o(.bss) for tUm
    voltage.o(i.VoltRippleComp) refers to motor.o(.bss) for tGlobal
    voltage.o(i.VoltageInitialize) refers to voltage.o(.bss) for tUm
    pll.o(i.PllInitialize) refers to current.o(.bss) for tIm
    pll.o(i.PllInitialize) refers to pll.o(.bss) for tEm
    pll.o(i.PllInitialize) refers to pll.o(.data) for tRm
    pll.o(i.RotorAnglePLL) refers to math.o(i.CalSinCos) for CalSinCos
    pll.o(i.RotorAnglePLL) refers to pi.o(i.IpiControl) for IpiControl
    pll.o(i.RotorAnglePLL) refers to pll.o(.bss) for tEm
    pll.o(i.RotorAnglePLL) refers to current.o(.bss) for tIm
    pll.o(i.RotorAnglePLL) refers to voltage.o(.bss) for tUm
    pll.o(i.RotorAnglePLL) refers to pll.o(.data) for tRm
    core.o(i.CoreInitialize) refers to voltage.o(i.VoltageInitialize) for VoltageInitialize
    core.o(i.CoreInitialize) refers to current.o(i.CurrentInitialize) for CurrentInitialize
    core.o(i.CoreInitialize) refers to pll.o(i.PllInitialize) for PllInitialize
    core.o(i.CoreInitialize) refers to motor.o(.bss) for tGlobal
    core.o(i.CoreInitialize) refers to core.o(.bss) for tCore
    core.o(i.CoreMachine) refers to current.o(i.CurrentSample) for CurrentSample
    core.o(i.CoreMachine) refers to core.o(i.Close6Pwm) for Close6Pwm
    core.o(i.CoreMachine) refers to voltage.o(i.VoltageInitialize) for VoltageInitialize
    core.o(i.CoreMachine) refers to current.o(i.CurrentInitialize) for CurrentInitialize
    core.o(i.CoreMachine) refers to pll.o(i.PllInitialize) for PllInitialize
    core.o(i.CoreMachine) refers to adc.o(i.InitAdcOffset) for InitAdcOffset
    core.o(i.CoreMachine) refers to adc.o(i.CalAdcOffset) for CalAdcOffset
    core.o(i.CoreMachine) refers to current.o(i.GetCurrentOffset) for GetCurrentOffset
    core.o(i.CoreMachine) refers to core.o(i.Open3LowPwm) for Open3LowPwm
    core.o(i.CoreMachine) refers to core.o(i.Open6WorkPwm) for Open6WorkPwm
    core.o(i.CoreMachine) refers to voltage.o(i.UsOut) for UsOut
    core.o(i.CoreMachine) refers to pll.o(i.RotorAnglePLL) for RotorAnglePLL
    core.o(i.CoreMachine) refers to voltage.o(i.GetUs) for GetUs
    core.o(i.CoreMachine) refers to core.o(i.ParkAngleSinCos) for ParkAngleSinCos
    core.o(i.CoreMachine) refers to core.o(.bss) for tCore
    core.o(i.CoreMachine) refers to motor.o(.bss) for tGlobal
    core.o(i.CoreMachine) refers to voltage.o(.bss) for tUm
    core.o(i.CoreMachine) refers to current.o(.bss) for tIm
    core.o(i.CoreMachine) refers to pll.o(.data) for tRm
    core.o(i.ParkAngleSinCos) refers to math.o(i.CalSinCos) for CalSinCos
    core.o(i.ParkAngleSinCos) refers to current.o(.bss) for tIm


==============================================================================

Removing Unused input sections from the image.

    Removing startup.o(HEAP), (512 bytes).

1 unused section(s) (total 512 bytes) removed from the image.

==============================================================================

Image Symbol Table

    Local Symbols

    Symbol Name                              Value     Ov Type        Size  Object(Section)

    ..\Source\Adc.c                          0x00000000   Number         0  adc.o ABSOLUTE
    ..\Source\Core.c                         0x00000000   Number         0  core.o ABSOLUTE
    ..\Source\Current.c                      0x00000000   Number         0  current.o ABSOLUTE
    ..\Source\Flash.c                        0x00000000   Number         0  flash.o ABSOLUTE
    ..\Source\Heat.c                         0x00000000   Number         0  heat.o ABSOLUTE
    ..\Source\Initialize.c                   0x00000000   Number         0  initialize.o ABSOLUTE
    ..\Source\Key.c                          0x00000000   Number         0  key.o ABSOLUTE
    ..\Source\Led.c                          0x00000000   Number         0  led.o ABSOLUTE
    ..\Source\Main.c                         0x00000000   Number         0  main.o ABSOLUTE
    ..\Source\Math.c                         0x00000000   Number         0  math.o ABSOLUTE
    ..\Source\Motor.c                        0x00000000   Number         0  motor.o ABSOLUTE
    ..\Source\Pi.c                           0x00000000   Number         0  pi.o ABSOLUTE
    ..\Source\Pll.c                          0x00000000   Number         0  pll.o ABSOLUTE
    ..\Source\Protect.c                      0x00000000   Number         0  protect.o ABSOLUTE
    ..\Source\Startup.s                      0x00000000   Number         0  startup.o ABSOLUTE
    ..\Source\Switch.c                       0x00000000   Number         0  switch.o ABSOLUTE
    ..\Source\Voltage.c                      0x00000000   Number         0  voltage.o ABSOLUTE
    RESET                                    0x08000000   Section      472  startup.o(RESET)
    .text                                    0x080001d8   Section       64  startup.o(.text)
    $v0                                      0x080001d8   Number         0  startup.o(.text)
    i.ADC1_2_IRQHandler                      0x08000218   Section        0  main.o(i.ADC1_2_IRQHandler)
    i.AdcFilter                              0x0800024c   Section        0  adc.o(i.AdcFilter)
    i.AdcInit                                0x08000340   Section        0  initialize.o(i.AdcInit)
    AdcInit                                  0x08000341   Thumb Code   376  initialize.o(i.AdcInit)
    i.AdcSample                              0x080004d0   Section        0  adc.o(i.AdcSample)
    i.CORDICInit                             0x0800054c   Section        0  initialize.o(i.CORDICInit)
    CORDICInit                               0x0800054d   Thumb Code    14  initialize.o(i.CORDICInit)
    i.CalAdcOffset                           0x08000560   Section        0  adc.o(i.CalAdcOffset)
    i.CalAtan                                0x08000618   Section        0  math.o(i.CalAtan)
    i.CalSinCos                              0x08000650   Section        0  math.o(i.CalSinCos)
    i.CalSqrt                                0x08000684   Section        0  math.o(i.CalSqrt)
    i.Close6Pwm                              0x080006fc   Section        0  core.o(i.Close6Pwm)
    Close6Pwm                                0x080006fd   Thumb Code    26  core.o(i.Close6Pwm)
    i.CompInit                               0x0800071c   Section        0  initialize.o(i.CompInit)
    CompInit                                 0x0800071d   Thumb Code    20  initialize.o(i.CompInit)
    i.CoreInitialize                         0x0800073c   Section        0  core.o(i.CoreInitialize)
    i.CoreMachine                            0x08000760   Section        0  core.o(i.CoreMachine)
    i.CurrentInitialize                      0x08000ad8   Section        0  current.o(i.CurrentInitialize)
    i.CurrentSample                          0x08000af0   Section        0  current.o(i.CurrentSample)
    i.DacInit                                0x08000b00   Section        0  initialize.o(i.DacInit)
    DacInit                                  0x08000b01   Thumb Code    60  initialize.o(i.DacInit)
    i.FLASH_lock                             0x08000b48   Section        0  flash.o(i.FLASH_lock)
    FLASH_lock                               0x08000b49   Thumb Code    14  flash.o(i.FLASH_lock)
    i.FLASH_write                            0x08000b5c   Section        0  flash.o(i.FLASH_write)
    i.Flash_unlock                           0x08000bb0   Section        0  flash.o(i.Flash_unlock)
    Flash_unlock                             0x08000bb1   Thumb Code    12  flash.o(i.Flash_unlock)
    i.GetCurrentOffset                       0x08000bc8   Section        0  current.o(i.GetCurrentOffset)
    i.GetIabc                                0x08000be4   Section        0  current.o(i.GetIabc)
    GetIabc                                  0x08000be5   Thumb Code    46  current.o(i.GetIabc)
    i.GetIalphabeta                          0x08000c1c   Section        0  current.o(i.GetIalphabeta)
    GetIalphabeta                            0x08000c1d   Thumb Code    58  current.o(i.GetIalphabeta)
    i.GetIdq                                 0x08000c5c   Section        0  current.o(i.GetIdq)
    GetIdq                                   0x08000c5d   Thumb Code    82  current.o(i.GetIdq)
    i.GetSwitchSpeed                         0x08000cb4   Section        0  switch.o(i.GetSwitchSpeed)
    GetSwitchSpeed                           0x08000cb5   Thumb Code   206  switch.o(i.GetSwitchSpeed)
    i.GetUalphabeta                          0x08000d88   Section        0  voltage.o(i.GetUalphabeta)
    GetUalphabeta                            0x08000d89   Thumb Code    50  voltage.o(i.GetUalphabeta)
    i.GetUs                                  0x08000dc0   Section        0  voltage.o(i.GetUs)
    i.GetUsSector                            0x08000ee4   Section        0  voltage.o(i.GetUsSector)
    GetUsSector                              0x08000ee5   Thumb Code   120  voltage.o(i.GetUsSector)
    i.GetUxyz                                0x08000f60   Section        0  voltage.o(i.GetUxyz)
    GetUxyz                                  0x08000f61   Thumb Code   102  voltage.o(i.GetUxyz)
    i.GpioInit                               0x08000fcc   Section        0  initialize.o(i.GpioInit)
    GpioInit                                 0x08000fcd   Thumb Code   112  initialize.o(i.GpioInit)
    i.HeatApp                                0x08001048   Section        0  heat.o(i.HeatApp)
    i.HeatInitialize                         0x080010bc   Section        0  heat.o(i.HeatInitialize)
    i.InitAdcOffset                          0x080010cc   Section        0  adc.o(i.InitAdcOffset)
    i.Initialize                             0x080010e8   Section        0  initialize.o(i.Initialize)
    i.IpiControl                             0x0800112c   Section        0  pi.o(i.IpiControl)
    i.KeyApp                                 0x08001220   Section        0  key.o(i.KeyApp)
    i.KeyInitialize                          0x08001248   Section        0  key.o(i.KeyInitialize)
    i.KeyScanf                               0x08001270   Section        0  key.o(i.KeyScanf)
    KeyScanf                                 0x08001271   Thumb Code   222  key.o(i.KeyScanf)
    i.LedApp                                 0x0800135c   Section        0  led.o(i.LedApp)
    i.LedInitialize                          0x08001658   Section        0  led.o(i.LedInitialize)
    i.Main                                   0x08001664   Section        0  main.o(i.Main)
    i.MotorApp                               0x08001698   Section        0  motor.o(i.MotorApp)
    i.MotorInitialize                        0x08001704   Section        0  motor.o(i.MotorInitialize)
    i.MulFrac                                0x0800170c   Section        0  math.o(i.MulFrac)
    i.NvicInit                               0x08001724   Section        0  initialize.o(i.NvicInit)
    NvicInit                                 0x08001725   Thumb Code    24  initialize.o(i.NvicInit)
    i.OpAmpInit                              0x08001744   Section        0  initialize.o(i.OpAmpInit)
    OpAmpInit                                0x08001745   Thumb Code    64  initialize.o(i.OpAmpInit)
    i.Open3LowPwm                            0x08001798   Section        0  core.o(i.Open3LowPwm)
    Open3LowPwm                              0x08001799   Thumb Code    40  core.o(i.Open3LowPwm)
    i.Open6WorkPwm                           0x080017c4   Section        0  core.o(i.Open6WorkPwm)
    Open6WorkPwm                             0x080017c5   Thumb Code    38  core.o(i.Open6WorkPwm)
    i.PageErase                              0x080017f0   Section        0  flash.o(i.PageErase)
    i.ParkAngleSinCos                        0x0800185c   Section        0  core.o(i.ParkAngleSinCos)
    ParkAngleSinCos                          0x0800185d   Thumb Code    38  core.o(i.ParkAngleSinCos)
    i.PllInitialize                          0x08001888   Section        0  pll.o(i.PllInitialize)
    i.ProtectApp                             0x080018c0   Section        0  protect.o(i.ProtectApp)
    i.ProtectInitialize                      0x08001a10   Section        0  protect.o(i.ProtectInitialize)
    i.PwmInit                                0x08001a2c   Section        0  initialize.o(i.PwmInit)
    PwmInit                                  0x08001a2d   Thumb Code   454  initialize.o(i.PwmInit)
    i.RotorAnglePLL                          0x08001c18   Section        0  pll.o(i.RotorAnglePLL)
    i.ScanfHeatTrigger                       0x08001d5c   Section        0  heat.o(i.ScanfHeatTrigger)
    i.SvpwmOut                               0x08001dfc   Section        0  voltage.o(i.SvpwmOut)
    SvpwmOut                                 0x08001dfd   Thumb Code   274  voltage.o(i.SvpwmOut)
    i.SwitchApp                              0x08001f18   Section        0  switch.o(i.SwitchApp)
    i.SwitchInitialize                       0x08001f3c   Section        0  switch.o(i.SwitchInitialize)
    i.SysClockInit                           0x08001f58   Section        0  initialize.o(i.SysClockInit)
    SysClockInit                             0x08001f59   Thumb Code   108  initialize.o(i.SysClockInit)
    i.SysTimeCount                           0x08001fd4   Section        0  main.o(i.SysTimeCount)
    SysTimeCount                             0x08001fd5   Thumb Code   120  main.o(i.SysTimeCount)
    i.Timer1Init                             0x08002064   Section        0  initialize.o(i.Timer1Init)
    Timer1Init                               0x08002065   Thumb Code    90  initialize.o(i.Timer1Init)
    i.UsOut                                  0x080020c8   Section        0  voltage.o(i.UsOut)
    i.VectorActionTimeCalculate              0x080020e8   Section        0  voltage.o(i.VectorActionTimeCalculate)
    VectorActionTimeCalculate                0x080020e9   Thumb Code   106  voltage.o(i.VectorActionTimeCalculate)
    i.VoltRippleComp                         0x08002158   Section        0  voltage.o(i.VoltRippleComp)
    VoltRippleComp                           0x08002159   Thumb Code   150  voltage.o(i.VoltRippleComp)
    i.VoltageInitialize                      0x080021fc   Section        0  voltage.o(i.VoltageInitialize)
    i.delay                                  0x0800221c   Section        0  initialize.o(i.delay)
    delay                                    0x0800221d   Thumb Code    12  initialize.o(i.delay)
    .data                                    0x20000000   Section        4  led.o(.data)
    .data                                    0x20000004   Section        4  motor.o(.data)
    .data                                    0x20000008   Section        8  heat.o(.data)
    .data                                    0x20000010   Section        6  pll.o(.data)
    .bss                                     0x20000018   Section       16  main.o(.bss)
    .bss                                     0x20000028   Section       10  key.o(.bss)
    .bss                                     0x20000034   Section       40  motor.o(.bss)
    .bss                                     0x2000005c   Section       12  switch.o(.bss)
    .bss                                     0x20000068   Section      100  adc.o(.bss)
    .bss                                     0x200000cc   Section       10  protect.o(.bss)
    .bss                                     0x200000d6   Section       36  current.o(.bss)
    .bss                                     0x200000fc   Section       80  voltage.o(.bss)
    .bss                                     0x2000014c   Section       28  pll.o(.bss)
    .bss                                     0x20000168   Section       28  core.o(.bss)
    STACK                                    0x20000188   Section     1024  startup.o(STACK)
    __initial_sp                             0x20000588   Data           0  startup.o(STACK)

    Global Symbols

    Symbol Name                              Value     Ov Type        Size  Object(Section)

    BuildAttributes$$THM_ISAv4$E$P$D$K$B$S$7EM$VFPi3$EXTD16$VFPS$VFMA$PE$A:L22UL41UL21$X:L11$S22US41US21$IEEE1$IW$USESV6$~STKCKD$USESV7$~SHL$OSPACE$EBA8$STANDARDLIB$REQ8$PRES8$EABIv2 0x00000000   Number         0  anon$$obj.o ABSOLUTE
    __Vectors                                0x08000000   Data           4  startup.o(RESET)
    Reset_Handler                            0x080001d9   Thumb Code    48  startup.o(.text)
    ADC1_2_IRQHandler                        0x08000219   Thumb Code    52  main.o(i.ADC1_2_IRQHandler)
    AdcFilter                                0x0800024d   Thumb Code   236  adc.o(i.AdcFilter)
    AdcSample                                0x080004d1   Thumb Code   112  adc.o(i.AdcSample)
    CalAdcOffset                             0x08000561   Thumb Code   174  adc.o(i.CalAdcOffset)
    CalAtan                                  0x08000619   Thumb Code    48  math.o(i.CalAtan)
    CalSinCos                                0x08000651   Thumb Code    44  math.o(i.CalSinCos)
    CalSqrt                                  0x08000685   Thumb Code   106  math.o(i.CalSqrt)
    CoreInitialize                           0x0800073d   Thumb Code    28  core.o(i.CoreInitialize)
    CoreMachine                              0x08000761   Thumb Code   858  core.o(i.CoreMachine)
    CurrentInitialize                        0x08000ad9   Thumb Code    20  current.o(i.CurrentInitialize)
    CurrentSample                            0x08000af1   Thumb Code    16  current.o(i.CurrentSample)
    FLASH_write                              0x08000b5d   Thumb Code    78  flash.o(i.FLASH_write)
    GetCurrentOffset                         0x08000bc9   Thumb Code    20  current.o(i.GetCurrentOffset)
    GetUs                                    0x08000dc1   Thumb Code   270  voltage.o(i.GetUs)
    HeatApp                                  0x08001049   Thumb Code   104  heat.o(i.HeatApp)
    HeatInitialize                           0x080010bd   Thumb Code    12  heat.o(i.HeatInitialize)
    InitAdcOffset                            0x080010cd   Thumb Code    22  adc.o(i.InitAdcOffset)
    Initialize                               0x080010e9   Thumb Code    68  initialize.o(i.Initialize)
    IpiControl                               0x0800112d   Thumb Code   244  pi.o(i.IpiControl)
    KeyApp                                   0x08001221   Thumb Code    30  key.o(i.KeyApp)
    KeyInitialize                            0x08001249   Thumb Code    28  key.o(i.KeyInitialize)
    LedApp                                   0x0800135d   Thumb Code   748  led.o(i.LedApp)
    LedInitialize                            0x08001659   Thumb Code     8  led.o(i.LedInitialize)
    Main                                     0x08001665   Thumb Code    48  main.o(i.Main)
    MotorApp                                 0x08001699   Thumb Code    96  motor.o(i.MotorApp)
    MotorInitialize                          0x08001705   Thumb Code     8  motor.o(i.MotorInitialize)
    MulFrac                                  0x0800170d   Thumb Code    22  math.o(i.MulFrac)
    PageErase                                0x080017f1   Thumb Code   104  flash.o(i.PageErase)
    PllInitialize                            0x08001889   Thumb Code    38  pll.o(i.PllInitialize)
    ProtectApp                               0x080018c1   Thumb Code   310  protect.o(i.ProtectApp)
    ProtectInitialize                        0x08001a11   Thumb Code    20  protect.o(i.ProtectInitialize)
    RotorAnglePLL                            0x08001c19   Thumb Code   302  pll.o(i.RotorAnglePLL)
    ScanfHeatTrigger                         0x08001d5d   Thumb Code   148  heat.o(i.ScanfHeatTrigger)
    SwitchApp                                0x08001f19   Thumb Code    28  switch.o(i.SwitchApp)
    SwitchInitialize                         0x08001f3d   Thumb Code    20  switch.o(i.SwitchInitialize)
    UsOut                                    0x080020c9   Thumb Code    30  voltage.o(i.UsOut)
    VoltageInitialize                        0x080021fd   Thumb Code    20  voltage.o(i.VoltageInitialize)
    tLed                                     0x20000000   Data           4  led.o(.data)
    tMotor                                   0x20000004   Data           4  motor.o(.data)
    tHeat                                    0x20000008   Data           8  heat.o(.data)
    tRm                                      0x20000010   Data           6  pll.o(.data)
    tSystem                                  0x20000018   Data          16  main.o(.bss)
    tKey                                     0x20000028   Data          10  key.o(.bss)
    tGlobal                                  0x20000034   Data          40  motor.o(.bss)
    tSwitch                                  0x2000005c   Data          12  switch.o(.bss)
    tAdc                                     0x20000068   Data         100  adc.o(.bss)
    tProtect                                 0x200000cc   Data          10  protect.o(.bss)
    tIm                                      0x200000d6   Data          36  current.o(.bss)
    tUm                                      0x200000fc   Data          46  voltage.o(.bss)
    tPiId                                    0x2000012c   Data          16  voltage.o(.bss)
    tPiIq                                    0x2000013c   Data          16  voltage.o(.bss)
    tEm                                      0x2000014c   Data          10  pll.o(.bss)
    tPiPll                                   0x20000158   Data          16  pll.o(.bss)
    tCore                                    0x20000168   Data          28  core.o(.bss)



==============================================================================

Memory Map of the image

  Image Entry point : 0x080001d9

  Load Region LR_1 (Base: 0x08000000, Size: 0x00002240, Max: 0xffffffff, ABSOLUTE)

    Execution Region ER_RO (Exec base: 0x08000000, Load base: 0x08000000, Size: 0x00002228, Max: 0xffffffff, ABSOLUTE)

    Exec Addr    Load Addr    Size         Type   Attr      Idx    E Section Name        Object

    0x08000000   0x08000000   0x000001d8   Data   RO          114    RESET               startup.o
    0x080001d8   0x080001d8   0x00000040   Code   RO          115  * .text               startup.o
    0x08000218   0x08000218   0x00000034   Code   RO           79    i.ADC1_2_IRQHandler  main.o
    0x0800024c   0x0800024c   0x000000f4   Code   RO          262    i.AdcFilter         adc.o
    0x08000340   0x08000340   0x00000190   Code   RO            1    i.AdcInit           initialize.o
    0x080004d0   0x080004d0   0x0000007c   Code   RO          263    i.AdcSample         adc.o
    0x0800054c   0x0800054c   0x00000014   Code   RO            2    i.CORDICInit        initialize.o
    0x08000560   0x08000560   0x000000b8   Code   RO          264    i.CalAdcOffset      adc.o
    0x08000618   0x08000618   0x00000038   Code   RO          299    i.CalAtan           math.o
    0x08000650   0x08000650   0x00000034   Code   RO          300    i.CalSinCos         math.o
    0x08000684   0x08000684   0x00000078   Code   RO          301    i.CalSqrt           math.o
    0x080006fc   0x080006fc   0x00000020   Code   RO          539    i.Close6Pwm         core.o
    0x0800071c   0x0800071c   0x00000020   Code   RO            3    i.CompInit          initialize.o
    0x0800073c   0x0800073c   0x00000024   Code   RO          540    i.CoreInitialize    core.o
    0x08000760   0x08000760   0x00000378   Code   RO          541    i.CoreMachine       core.o
    0x08000ad8   0x08000ad8   0x00000018   Code   RO          388    i.CurrentInitialize  current.o
    0x08000af0   0x08000af0   0x00000010   Code   RO          389    i.CurrentSample     current.o
    0x08000b00   0x08000b00   0x00000048   Code   RO            4    i.DacInit           initialize.o
    0x08000b48   0x08000b48   0x00000014   Code   RO          357    i.FLASH_lock        flash.o
    0x08000b5c   0x08000b5c   0x00000054   Code   RO          358    i.FLASH_write       flash.o
    0x08000bb0   0x08000bb0   0x00000018   Code   RO          359    i.Flash_unlock      flash.o
    0x08000bc8   0x08000bc8   0x0000001c   Code   RO          390    i.GetCurrentOffset  current.o
    0x08000be4   0x08000be4   0x00000038   Code   RO          391    i.GetIabc           current.o
    0x08000c1c   0x08000c1c   0x00000040   Code   RO          392    i.GetIalphabeta     current.o
    0x08000c5c   0x08000c5c   0x00000058   Code   RO          393    i.GetIdq            current.o
    0x08000cb4   0x08000cb4   0x000000d4   Code   RO          201    i.GetSwitchSpeed    switch.o
    0x08000d88   0x08000d88   0x00000038   Code   RO          452    i.GetUalphabeta     voltage.o
    0x08000dc0   0x08000dc0   0x00000124   Code   RO          453    i.GetUs             voltage.o
    0x08000ee4   0x08000ee4   0x0000007c   Code   RO          454    i.GetUsSector       voltage.o
    0x08000f60   0x08000f60   0x0000006c   Code   RO          455    i.GetUxyz           voltage.o
    0x08000fcc   0x08000fcc   0x0000007c   Code   RO            5    i.GpioInit          initialize.o
    0x08001048   0x08001048   0x00000074   Code   RO          231    i.HeatApp           heat.o
    0x080010bc   0x080010bc   0x00000010   Code   RO          232    i.HeatInitialize    heat.o
    0x080010cc   0x080010cc   0x0000001c   Code   RO          265    i.InitAdcOffset     adc.o
    0x080010e8   0x080010e8   0x00000044   Code   RO            6    i.Initialize        initialize.o
    0x0800112c   0x0800112c   0x000000f4   Code   RO          437    i.IpiControl        pi.o
    0x08001220   0x08001220   0x00000028   Code   RO          145    i.KeyApp            key.o
    0x08001248   0x08001248   0x00000028   Code   RO          146    i.KeyInitialize     key.o
    0x08001270   0x08001270   0x000000ec   Code   RO          147    i.KeyScanf          key.o
    0x0800135c   0x0800135c   0x000002fc   Code   RO          120    i.LedApp            led.o
    0x08001658   0x08001658   0x0000000c   Code   RO          121    i.LedInitialize     led.o
    0x08001664   0x08001664   0x00000034   Code   RO           80    i.Main              main.o
    0x08001698   0x08001698   0x0000006c   Code   RO          175    i.MotorApp          motor.o
    0x08001704   0x08001704   0x00000008   Code   RO          176    i.MotorInitialize   motor.o
    0x0800170c   0x0800170c   0x00000016   Code   RO          302    i.MulFrac           math.o
    0x08001722   0x08001722   0x00000002   PAD
    0x08001724   0x08001724   0x00000020   Code   RO            7    i.NvicInit          initialize.o
    0x08001744   0x08001744   0x00000054   Code   RO            8    i.OpAmpInit         initialize.o
    0x08001798   0x08001798   0x0000002c   Code   RO          542    i.Open3LowPwm       core.o
    0x080017c4   0x080017c4   0x0000002c   Code   RO          543    i.Open6WorkPwm      core.o
    0x080017f0   0x080017f0   0x0000006c   Code   RO          360    i.PageErase         flash.o
    0x0800185c   0x0800185c   0x0000002c   Code   RO          544    i.ParkAngleSinCos   core.o
    0x08001888   0x08001888   0x00000038   Code   RO          513    i.PllInitialize     pll.o
    0x080018c0   0x080018c0   0x00000150   Code   RO          332    i.ProtectApp        protect.o
    0x08001a10   0x08001a10   0x0000001c   Code   RO          333    i.ProtectInitialize  protect.o
    0x08001a2c   0x08001a2c   0x000001ec   Code   RO            9    i.PwmInit           initialize.o
    0x08001c18   0x08001c18   0x00000144   Code   RO          514    i.RotorAnglePLL     pll.o
    0x08001d5c   0x08001d5c   0x000000a0   Code   RO          233    i.ScanfHeatTrigger  heat.o
    0x08001dfc   0x08001dfc   0x0000011c   Code   RO          456    i.SvpwmOut          voltage.o
    0x08001f18   0x08001f18   0x00000024   Code   RO          202    i.SwitchApp         switch.o
    0x08001f3c   0x08001f3c   0x0000001c   Code   RO          203    i.SwitchInitialize  switch.o
    0x08001f58   0x08001f58   0x0000007c   Code   RO           10    i.SysClockInit      initialize.o
    0x08001fd4   0x08001fd4   0x00000090   Code   RO           81    i.SysTimeCount      main.o
    0x08002064   0x08002064   0x00000064   Code   RO           11    i.Timer1Init        initialize.o
    0x080020c8   0x080020c8   0x0000001e   Code   RO          457    i.UsOut             voltage.o
    0x080020e6   0x080020e6   0x00000002   PAD
    0x080020e8   0x080020e8   0x00000070   Code   RO          458    i.VectorActionTimeCalculate  voltage.o
    0x08002158   0x08002158   0x000000a4   Code   RO          459    i.VoltRippleComp    voltage.o
    0x080021fc   0x080021fc   0x00000020   Code   RO          460    i.VoltageInitialize  voltage.o
    0x0800221c   0x0800221c   0x0000000c   Code   RO           12    i.delay             initialize.o


    Execution Region ER_RW (Exec base: 0x20000000, Load base: 0x08002228, Size: 0x00000018, Max: 0xffffffff, ABSOLUTE)

    Exec Addr    Load Addr    Size         Type   Attr      Idx    E Section Name        Object

    0x20000000   0x08002228   0x00000004   Data   RW          122    .data               led.o
    0x20000004   0x0800222c   0x00000004   Data   RW          178    .data               motor.o
    0x20000008   0x08002230   0x00000008   Data   RW          234    .data               heat.o
    0x20000010   0x08002238   0x00000006   Data   RW          516    .data               pll.o


    Execution Region ER_ZI (Exec base: 0x20000018, Load base: 0x08002240, Size: 0x00000570, Max: 0xffffffff, ABSOLUTE)

    Exec Addr    Load Addr    Size         Type   Attr      Idx    E Section Name        Object

    0x20000018        -       0x00000010   Zero   RW           82    .bss                main.o
    0x20000028        -       0x0000000a   Zero   RW          148    .bss                key.o
    0x20000032   0x08002240   0x00000002   PAD
    0x20000034        -       0x00000028   Zero   RW          177    .bss                motor.o
    0x2000005c        -       0x0000000c   Zero   RW          204    .bss                switch.o
    0x20000068        -       0x00000064   Zero   RW          266    .bss                adc.o
    0x200000cc        -       0x0000000a   Zero   RW          334    .bss                protect.o
    0x200000d6        -       0x00000024   Zero   RW          394    .bss                current.o
    0x200000fa   0x08002240   0x00000002   PAD
    0x200000fc        -       0x00000050   Zero   RW          461    .bss                voltage.o
    0x2000014c        -       0x0000001c   Zero   RW          515    .bss                pll.o
    0x20000168        -       0x0000001c   Zero   RW          545    .bss                core.o
    0x20000184   0x08002240   0x00000004   PAD
    0x20000188        -       0x00000400   Zero   RW          112    STACK               startup.o


==============================================================================

Image component sizes


      Code (inc. data)   RO Data    RW Data    ZI Data      Debug   Object Name

       580         36          0          0        100       2302   adc.o
      1088         68          0          0         28       3499   core.o
       276         34          0          0         36       5465   current.o
       236         28          0          0          0       2078   flash.o
       292         28          0          8          0       1954   heat.o
      1560        158          0          0          0       7417   initialize.o
       316         42          0          0         10       1820   key.o
       776         20          0          4          0       1568   led.o
       248         28          0          0         16       3609   main.o
       250         30          0          0          0       2718   math.o
       116         12          0          4         40       1270   motor.o
       244          0          0          0          0        985   pi.o
       380         40          0          6         28       1481   pll.o
       364         34          0          0         10       1496   protect.o
        64         16        472          0       1024        428   startup.o
       276         22          0          0         12       1797   switch.o
      1202         88          0          0         80       5850   voltage.o

    ----------------------------------------------------------------------
      8272        684        472         24       1392      45737   Object Totals
         0          0          0          0          0          0   (incl. Generated)
         4          0          0          2          8          0   (incl. Padding)

    ----------------------------------------------------------------------
         0          0          0          0          0          0   Library Totals
         0          0          0          0          0          0   (incl. Padding)

    ----------------------------------------------------------------------

==============================================================================


      Code (inc. data)   RO Data    RW Data    ZI Data      Debug   

      8272        684        472         24       1392      39537   Grand Totals
      8272        684        472         24       1392      39537   ELF Image Totals
      8272        684        472         24          0          0   ROM Totals

==============================================================================

    Total RO  Size (Code + RO Data)                 8744 (   8.54kB)
    Total RW  Size (RW Data + ZI Data)              1416 (   1.38kB)
    Total ROM Size (Code + RO Data + RW Data)       8768 (   8.56kB)

==============================================================================

