Component: ARM Compiler 5.06 update 6 (build 750) Tool: armlink [4d35ed]

==============================================================================

Section Cross References

    initialize.o(i.AdcInit) refers to initialize.o(i.delay) for delay
    initialize.o(i.Initialize) refers to initialize.o(i.SysClockInit) for SysClockInit
    initialize.o(i.Initialize) refers to initialize.o(i.GpioInit) for GpioInit
    initialize.o(i.Initialize) refers to initialize.o(i.DacInit) for DacInit
    initialize.o(i.Initialize) refers to initialize.o(i.OpAmpInit) for OpAmpInit
    initialize.o(i.Initialize) refers to initialize.o(i.CompInit) for CompInit
    initialize.o(i.Initialize) refers to initialize.o(i.PwmInit) for PwmInit
    initialize.o(i.Initialize) refers to initialize.o(i.AdcInit) for AdcInit
    initialize.o(i.Initialize) refers to initialize.o(i.CORDICInit) for CORDICInit
    initialize.o(i.Initialize) refers to initialize.o(i.Timer1Init) for Timer1Init
    initialize.o(i.Initialize) refers to initialize.o(i.NvicInit) for NvicInit
    initialize.o(i.PwmInit) refers to initialize.o(i.delay) for delay
    main.o(i.ADC1_2_IRQHandler) refers to adc.o(i.AdcSample) for AdcSample
    main.o(i.ADC1_2_IRQHandler) refers to main.o(i.SysTimeCount) for SysTimeCount
    main.o(i.Main) refers to initialize.o(i.Initialize) for Initialize
    main.o(i.Main) refers to main.o(.data) for tSystem
    main.o(i.SysTimeCount) refers to main.o(.data) for tSystem
    startup.o(RESET) refers to startup.o(STACK) for __initial_sp
    startup.o(RESET) refers to startup.o(.text) for Reset_Handler
    startup.o(RESET) refers to main.o(i.ADC1_2_IRQHandler) for ADC1_2_IRQHandler
    startup.o(.text) refers to main.o(i.Main) for Main
    adc.o(i.AdcSample) refers to adc.o(.bss) for tAdc


==============================================================================

Removing Unused input sections from the image.

    Removing startup.o(HEAP), (512 bytes).

1 unused section(s) (total 512 bytes) removed from the image.

==============================================================================

Image Symbol Table

    Local Symbols

    Symbol Name                              Value     Ov Type        Size  Object(Section)

    ..\Source\Adc.c                          0x00000000   Number         0  adc.o ABSOLUTE
    ..\Source\Initialize.c                   0x00000000   Number         0  initialize.o ABSOLUTE
    ..\Source\Main.c                         0x00000000   Number         0  main.o ABSOLUTE
    ..\Source\Startup.s                      0x00000000   Number         0  startup.o ABSOLUTE
    RESET                                    0x08000000   Section      472  startup.o(RESET)
    .text                                    0x080001d8   Section       64  startup.o(.text)
    $v0                                      0x080001d8   Number         0  startup.o(.text)
    i.ADC1_2_IRQHandler                      0x08000218   Section        0  main.o(i.ADC1_2_IRQHandler)
    i.AdcInit                                0x08000260   Section        0  initialize.o(i.AdcInit)
    AdcInit                                  0x08000261   Thumb Code   376  initialize.o(i.AdcInit)
    i.AdcSample                              0x080003f0   Section        0  adc.o(i.AdcSample)
    i.CORDICInit                             0x0800044c   Section        0  initialize.o(i.CORDICInit)
    CORDICInit                               0x0800044d   Thumb Code    14  initialize.o(i.CORDICInit)
    i.CompInit                               0x08000460   Section        0  initialize.o(i.CompInit)
    CompInit                                 0x08000461   Thumb Code    20  initialize.o(i.CompInit)
    i.DacInit                                0x08000480   Section        0  initialize.o(i.DacInit)
    DacInit                                  0x08000481   Thumb Code    60  initialize.o(i.DacInit)
    i.GpioInit                               0x080004c8   Section        0  initialize.o(i.GpioInit)
    GpioInit                                 0x080004c9   Thumb Code   112  initialize.o(i.GpioInit)
    i.Initialize                             0x08000544   Section        0  initialize.o(i.Initialize)
    i.Main                                   0x08000570   Section        0  main.o(i.Main)
    i.NvicInit                               0x08000590   Section        0  initialize.o(i.NvicInit)
    NvicInit                                 0x08000591   Thumb Code    24  initialize.o(i.NvicInit)
    i.OpAmpInit                              0x080005b0   Section        0  initialize.o(i.OpAmpInit)
    OpAmpInit                                0x080005b1   Thumb Code    64  initialize.o(i.OpAmpInit)
    i.PwmInit                                0x08000604   Section        0  initialize.o(i.PwmInit)
    PwmInit                                  0x08000605   Thumb Code   454  initialize.o(i.PwmInit)
    i.SysClockInit                           0x080007ec   Section        0  initialize.o(i.SysClockInit)
    SysClockInit                             0x080007ed   Thumb Code   108  initialize.o(i.SysClockInit)
    i.SysTimeCount                           0x08000868   Section        0  main.o(i.SysTimeCount)
    SysTimeCount                             0x08000869   Thumb Code    38  main.o(i.SysTimeCount)
    i.Timer1Init                             0x08000894   Section        0  initialize.o(i.Timer1Init)
    Timer1Init                               0x08000895   Thumb Code    90  initialize.o(i.Timer1Init)
    i.delay                                  0x080008f8   Section        0  initialize.o(i.delay)
    delay                                    0x080008f9   Thumb Code    12  initialize.o(i.delay)
    .data                                    0x20000000   Section        4  main.o(.data)
    .bss                                     0x20000004   Section       96  adc.o(.bss)
    STACK                                    0x20000068   Section     1024  startup.o(STACK)
    __initial_sp                             0x20000468   Data           0  startup.o(STACK)

    Global Symbols

    Symbol Name                              Value     Ov Type        Size  Object(Section)

    BuildAttributes$$THM_ISAv4$E$P$D$K$B$S$7EM$VFPi3$EXTD16$VFPS$VFMA$PE$A:L22UL41UL21$X:L11$S22US41US21$IEEE1$IW$USESV6$~STKCKD$USESV7$~SHL$OSPACE$EBA8$STANDARDLIB$REQ8$PRES8$EABIv2 0x00000000   Number         0  anon$$obj.o ABSOLUTE
    __Vectors                                0x08000000   Data           4  startup.o(RESET)
    Reset_Handler                            0x080001d9   Thumb Code    48  startup.o(.text)
    ADC1_2_IRQHandler                        0x08000219   Thumb Code    66  main.o(i.ADC1_2_IRQHandler)
    AdcSample                                0x080003f1   Thumb Code    84  adc.o(i.AdcSample)
    Initialize                               0x08000545   Thumb Code    44  initialize.o(i.Initialize)
    Main                                     0x08000571   Thumb Code    26  main.o(i.Main)
    tSystem                                  0x20000000   Data           4  main.o(.data)
    tAdc                                     0x20000004   Data          96  adc.o(.bss)



==============================================================================

Memory Map of the image

  Image Entry point : 0x080001d9

  Load Region LR_1 (Base: 0x08000000, Size: 0x00000908, Max: 0xffffffff, ABSOLUTE)

    Execution Region ER_RO (Exec base: 0x08000000, Load base: 0x08000000, Size: 0x00000904, Max: 0xffffffff, ABSOLUTE)

    Exec Addr    Load Addr    Size         Type   Attr      Idx    E Section Name        Object

    0x08000000   0x08000000   0x000001d8   Data   RO          113    RESET               startup.o
    0x080001d8   0x080001d8   0x00000040   Code   RO          114  * .text               startup.o
    0x08000218   0x08000218   0x00000048   Code   RO           79    i.ADC1_2_IRQHandler  main.o
    0x08000260   0x08000260   0x00000190   Code   RO            1    i.AdcInit           initialize.o
    0x080003f0   0x080003f0   0x0000005c   Code   RO          119    i.AdcSample         adc.o
    0x0800044c   0x0800044c   0x00000014   Code   RO            2    i.CORDICInit        initialize.o
    0x08000460   0x08000460   0x00000020   Code   RO            3    i.CompInit          initialize.o
    0x08000480   0x08000480   0x00000048   Code   RO            4    i.DacInit           initialize.o
    0x080004c8   0x080004c8   0x0000007c   Code   RO            5    i.GpioInit          initialize.o
    0x08000544   0x08000544   0x0000002c   Code   RO            6    i.Initialize        initialize.o
    0x08000570   0x08000570   0x00000020   Code   RO           80    i.Main              main.o
    0x08000590   0x08000590   0x00000020   Code   RO            7    i.NvicInit          initialize.o
    0x080005b0   0x080005b0   0x00000054   Code   RO            8    i.OpAmpInit         initialize.o
    0x08000604   0x08000604   0x000001e8   Code   RO            9    i.PwmInit           initialize.o
    0x080007ec   0x080007ec   0x0000007c   Code   RO           10    i.SysClockInit      initialize.o
    0x08000868   0x08000868   0x0000002c   Code   RO           81    i.SysTimeCount      main.o
    0x08000894   0x08000894   0x00000064   Code   RO           11    i.Timer1Init        initialize.o
    0x080008f8   0x080008f8   0x0000000c   Code   RO           12    i.delay             initialize.o


    Execution Region ER_RW (Exec base: 0x20000000, Load base: 0x08000904, Size: 0x00000004, Max: 0xffffffff, ABSOLUTE)

    Exec Addr    Load Addr    Size         Type   Attr      Idx    E Section Name        Object

    0x20000000   0x08000904   0x00000004   Data   RW           82    .data               main.o


    Execution Region ER_ZI (Exec base: 0x20000004, Load base: 0x08000908, Size: 0x00000464, Max: 0xffffffff, ABSOLUTE)

    Exec Addr    Load Addr    Size         Type   Attr      Idx    E Section Name        Object

    0x20000004        -       0x00000060   Zero   RW          120    .bss                adc.o
    0x20000064   0x08000908   0x00000004   PAD
    0x20000068        -       0x00000400   Zero   RW          111    STACK               startup.o


==============================================================================

Image component sizes


      Code (inc. data)   RO Data    RW Data    ZI Data      Debug   Object Name

        92          8          0          0         96        691   adc.o
      1532        154          0          0          0       7421   initialize.o
       148         18          0          4          0       2377   main.o
        64         16        472          0       1024        440   startup.o

    ----------------------------------------------------------------------
      1836        196        472          4       1124      10929   Object Totals
         0          0          0          0          0          0   (incl. Generated)
         0          0          0          0          4          0   (incl. Padding)

    ----------------------------------------------------------------------
         0          0          0          0          0          0   Library Totals
         0          0          0          0          0          0   (incl. Padding)

    ----------------------------------------------------------------------

==============================================================================


      Code (inc. data)   RO Data    RW Data    ZI Data      Debug   

      1836        196        472          4       1124       9529   Grand Totals
      1836        196        472          4       1124       9529   ELF Image Totals
      1836        196        472          4          0          0   ROM Totals

==============================================================================

    Total RO  Size (Code + RO Data)                 2308 (   2.25kB)
    Total RW  Size (RW Data + ZI Data)              1128 (   1.10kB)
    Total ROM Size (Code + RO Data + RW Data)       2312 (   2.26kB)

==============================================================================

