Component: ARM Compiler 5.06 update 7 (build 960) Tool: armlink [4d3601]

==============================================================================

Section Cross References

    startup_stm32g431xx.o(STACK) refers (Special) to heapauxi.o(.text) for __use_two_region_memory
    startup_stm32g431xx.o(HEAP) refers (Special) to heapauxi.o(.text) for __use_two_region_memory
    startup_stm32g431xx.o(RESET) refers (Special) to heapauxi.o(.text) for __use_two_region_memory
    startup_stm32g431xx.o(RESET) refers to startup_stm32g431xx.o(STACK) for __initial_sp
    startup_stm32g431xx.o(RESET) refers to startup_stm32g431xx.o(.text) for Reset_Handler
    startup_stm32g431xx.o(RESET) refers to stm32g4xx_it.o(i.NMI_Handler) for NMI_Handler
    startup_stm32g431xx.o(RESET) refers to stm32g4xx_it.o(i.HardFault_Handler) for HardFault_Handler
    startup_stm32g431xx.o(RESET) refers to stm32g4xx_it.o(i.MemManage_Handler) for MemManage_Handler
    startup_stm32g431xx.o(RESET) refers to stm32g4xx_it.o(i.BusFault_Handler) for BusFault_Handler
    startup_stm32g431xx.o(RESET) refers to stm32g4xx_it.o(i.UsageFault_Handler) for UsageFault_Handler
    startup_stm32g431xx.o(RESET) refers to stm32g4xx_it.o(i.SVC_Handler) for SVC_Handler
    startup_stm32g431xx.o(RESET) refers to stm32g4xx_it.o(i.DebugMon_Handler) for DebugMon_Handler
    startup_stm32g431xx.o(RESET) refers to stm32g4xx_it.o(i.PendSV_Handler) for PendSV_Handler
    startup_stm32g431xx.o(RESET) refers to stm32g4xx_it.o(i.SysTick_Handler) for SysTick_Handler
    startup_stm32g431xx.o(RESET) refers to stm32g4xx_it.o(i.DMA1_Channel1_IRQHandler) for DMA1_Channel1_IRQHandler
    startup_stm32g431xx.o(RESET) refers to stm32g4xx_it.o(i.ADC1_2_IRQHandler) for ADC1_2_IRQHandler
    startup_stm32g431xx.o(RESET) refers to stm32g4xx_it.o(i.FDCAN1_IT0_IRQHandler) for FDCAN1_IT0_IRQHandler
    startup_stm32g431xx.o(RESET) refers to stm32g4xx_it.o(i.TIM1_BRK_TIM15_IRQHandler) for TIM1_BRK_TIM15_IRQHandler
    startup_stm32g431xx.o(RESET) refers to stm32g4xx_it.o(i.TIM1_UP_TIM16_IRQHandler) for TIM1_UP_TIM16_IRQHandler
    startup_stm32g431xx.o(RESET) refers to stm32g4xx_it.o(i.TIM1_CC_IRQHandler) for TIM1_CC_IRQHandler
    startup_stm32g431xx.o(RESET) refers to stm32g4xx_it.o(i.TIM4_IRQHandler) for TIM4_IRQHandler
    startup_stm32g431xx.o(RESET) refers to stm32g4xx_it.o(i.USART3_IRQHandler) for USART3_IRQHandler
    startup_stm32g431xx.o(RESET) refers to stm32g4xx_it.o(i.EXTI15_10_IRQHandler) for EXTI15_10_IRQHandler
    startup_stm32g431xx.o(RESET) refers to stm32g4xx_it.o(i.COMP1_2_3_IRQHandler) for COMP1_2_3_IRQHandler
    startup_stm32g431xx.o(.text) refers (Special) to heapauxi.o(.text) for __use_two_region_memory
    startup_stm32g431xx.o(.text) refers to system_stm32g4xx.o(i.SystemInit) for SystemInit
    startup_stm32g431xx.o(.text) refers to __main.o(!!!main) for __main
    startup_stm32g431xx.o(.text) refers to startup_stm32g431xx.o(HEAP) for Heap_Mem
    startup_stm32g431xx.o(.text) refers to startup_stm32g431xx.o(STACK) for Stack_Mem
    main.o(i.FDCAN_Config) refers to stm32g4xx_hal_fdcan.o(i.HAL_FDCAN_ActivateNotification) for HAL_FDCAN_ActivateNotification
    main.o(i.FDCAN_Config) refers to stm32g4xx_hal_fdcan.o(i.HAL_FDCAN_ConfigFilter) for HAL_FDCAN_ConfigFilter
    main.o(i.FDCAN_Config) refers to stm32g4xx_hal_fdcan.o(i.HAL_FDCAN_Start) for HAL_FDCAN_Start
    main.o(i.FDCAN_Config) refers to fdcan.o(.bss) for hfdcan1
    main.o(i.FDCAN_Config) refers to main.o(.bss) for .bss
    main.o(i.HAL_ADCEx_InjectedConvCpltCallback) refers to rt_memcpy_w.o(.text) for __aeabi_memcpy4
    main.o(i.HAL_ADCEx_InjectedConvCpltCallback) refers to stm32g4xx_hal_uart.o(i.HAL_UART_Transmit_DMA) for HAL_UART_Transmit_DMA
    main.o(i.HAL_ADCEx_InjectedConvCpltCallback) refers to adc.o(.bss) for hadc1
    main.o(i.HAL_ADCEx_InjectedConvCpltCallback) refers to main.o(.data) for .data
    main.o(i.HAL_ADCEx_InjectedConvCpltCallback) refers to main.o(.bss) for .bss
    main.o(i.HAL_ADCEx_InjectedConvCpltCallback) refers to usart.o(.bss) for huart3
    main.o(i.HAL_GPIO_EXTI_Callback) refers to stm32g4xx_hal_tim.o(i.HAL_TIM_PWM_Start) for HAL_TIM_PWM_Start
    main.o(i.HAL_GPIO_EXTI_Callback) refers to stm32g4xx_hal_tim_ex.o(i.HAL_TIMEx_PWMN_Start) for HAL_TIMEx_PWMN_Start
    main.o(i.HAL_GPIO_EXTI_Callback) refers to stm32g4xx_hal_tim.o(i.HAL_TIM_PWM_Stop) for HAL_TIM_PWM_Stop
    main.o(i.HAL_GPIO_EXTI_Callback) refers to stm32g4xx_hal_tim_ex.o(i.HAL_TIMEx_PWMN_Stop) for HAL_TIMEx_PWMN_Stop
    main.o(i.HAL_GPIO_EXTI_Callback) refers to main.o(.data) for .data
    main.o(i.HAL_GPIO_EXTI_Callback) refers to tim.o(.bss) for htim1
    main.o(i.HAL_TIM_IC_CaptureCallback) refers to stm32g4xx_hal_tim.o(i.HAL_TIM_ReadCapturedValue) for HAL_TIM_ReadCapturedValue
    main.o(i.HAL_TIM_IC_CaptureCallback) refers to stm32g4xx_hal_gpio.o(i.HAL_GPIO_ReadPin) for HAL_GPIO_ReadPin
    main.o(i.HAL_TIM_IC_CaptureCallback) refers to tim.o(.bss) for htim4
[...]
    i.TIM_OC1_SetConfig                      0x080057c4   Section        0  stm32g4xx_hal_tim.o(i.TIM_OC1_SetConfig)
    TIM_OC1_SetConfig                        0x080057c5   Thumb Code   132  stm32g4xx_hal_tim.o(i.TIM_OC1_SetConfig)
    i.TIM_OC2_SetConfig                      0x08005860   Section        0  stm32g4xx_hal_tim.o(i.TIM_OC2_SetConfig)
    i.TIM_OC3_SetConfig                      0x080058f0   Section        0  stm32g4xx_hal_tim.o(i.TIM_OC3_SetConfig)
    TIM_OC3_SetConfig                        0x080058f1   Thumb Code   118  stm32g4xx_hal_tim.o(i.TIM_OC3_SetConfig)
    i.TIM_OC4_SetConfig                      0x08005980   Section        0  stm32g4xx_hal_tim.o(i.TIM_OC4_SetConfig)
    TIM_OC4_SetConfig                        0x08005981   Thumb Code   120  stm32g4xx_hal_tim.o(i.TIM_OC4_SetConfig)
    i.TIM_OC5_SetConfig                      0x08005a10   Section        0  stm32g4xx_hal_tim.o(i.TIM_OC5_SetConfig)
    TIM_OC5_SetConfig                        0x08005a11   Thumb Code    86  stm32g4xx_hal_tim.o(i.TIM_OC5_SetConfig)
    i.TIM_OC6_SetConfig                      0x08005a80   Section        0  stm32g4xx_hal_tim.o(i.TIM_OC6_SetConfig)
    TIM_OC6_SetConfig                        0x08005a81   Thumb Code    88  stm32g4xx_hal_tim.o(i.TIM_OC6_SetConfig)
    i.TIM_TI1_ConfigInputStage               0x08005af0   Section        0  stm32g4xx_hal_tim.o(i.TIM_TI1_ConfigInputStage)
    TIM_TI1_ConfigInputStage                 0x08005af1   Thumb Code    34  stm32g4xx_hal_tim.o(i.TIM_TI1_ConfigInputStage)
    i.TIM_TI1_SetConfig                      0x08005b14   Section        0  stm32g4xx_hal_tim.o(i.TIM_TI1_SetConfig)
    i.TIM_TI2_ConfigInputStage               0x08005b80   Section        0  stm32g4xx_hal_tim.o(i.TIM_TI2_ConfigInputStage)
    TIM_TI2_ConfigInputStage                 0x08005b81   Thumb Code    36  stm32g4xx_hal_tim.o(i.TIM_TI2_ConfigInputStage)
    i.UARTEx_SetNbDataToProcess              0x08005ba4   Section        0  stm32g4xx_hal_uart_ex.o(i.UARTEx_SetNbDataToProcess)
    UARTEx_SetNbDataToProcess                0x08005ba5   Thumb Code    62  stm32g4xx_hal_uart_ex.o(i.UARTEx_SetNbDataToProcess)
    i.UART_AdvFeatureConfig                  0x08005be8   Section        0  stm32g4xx_hal_uart.o(i.UART_AdvFeatureConfig)
    i.UART_CheckIdleState                    0x08005cb0   Section        0  stm32g4xx_hal_uart.o(i.UART_CheckIdleState)
    i.UART_DMAAbortOnError                   0x08005d10   Section        0  stm32g4xx_hal_uart.o(i.UART_DMAAbortOnError)
    UART_DMAAbortOnError                     0x08005d11   Thumb Code    20  stm32g4xx_hal_uart.o(i.UART_DMAAbortOnError)
    i.UART_DMAError                          0x08005d24   Section        0  stm32g4xx_hal_uart.o(i.UART_DMAError)
    UART_DMAError                            0x08005d25   Thumb Code    80  stm32g4xx_hal_uart.o(i.UART_DMAError)
    i.UART_DMATransmitCplt                   0x08005d74   Section        0  stm32g4xx_hal_uart.o(i.UART_DMATransmitCplt)
    UART_DMATransmitCplt                     0x08005d75   Thumb Code    48  stm32g4xx_hal_uart.o(i.UART_DMATransmitCplt)
    i.UART_DMATxHalfCplt                     0x08005da4   Section        0  stm32g4xx_hal_uart.o(i.UART_DMATxHalfCplt)
    UART_DMATxHalfCplt                       0x08005da5   Thumb Code    10  stm32g4xx_hal_uart.o(i.UART_DMATxHalfCplt)
    i.UART_EndRxTransfer                     0x08005db0   Section        0  stm32g4xx_hal_uart.o(i.UART_EndRxTransfer)
    UART_EndRxTransfer                       0x08005db1   Thumb Code    50  stm32g4xx_hal_uart.o(i.UART_EndRxTransfer)
    i.UART_EndTxTransfer                     0x08005de8   Section        0  stm32g4xx_hal_uart.o(i.UART_EndTxTransfer)
    UART_EndTxTransfer                       0x08005de9   Thumb Code    28  stm32g4xx_hal_uart.o(i.UART_EndTxTransfer)
    i.UART_RxISR_16BIT                       0x08005e04   Section        0  stm32g4xx_hal_uart.o(i.UART_RxISR_16BIT)
    UART_RxISR_16BIT                         0x08005e05   Thumb Code   128  stm32g4xx_hal_uart.o(i.UART_RxISR_16BIT)
    i.UART_RxISR_16BIT_FIFOEN                0x08005e84   Section        0  stm32g4xx_hal_uart.o(i.UART_RxISR_16BIT_FIFOEN)
    UART_RxISR_16BIT_FIFOEN                  0x08005e85   Thumb Code   306  stm32g4xx_hal_uart.o(i.UART_RxISR_16BIT_FIFOEN)
    i.UART_RxISR_8BIT                        0x08005fc0   Section        0  stm32g4xx_hal_uart.o(i.UART_RxISR_8BIT)
    UART_RxISR_8BIT                          0x08005fc1   Thumb Code   128  stm32g4xx_hal_uart.o(i.UART_RxISR_8BIT)
    i.UART_RxISR_8BIT_FIFOEN                 0x08006040   Section        0  stm32g4xx_hal_uart.o(i.UART_RxISR_8BIT_FIFOEN)
    UART_RxISR_8BIT_FIFOEN                   0x08006041   Thumb Code   306  stm32g4xx_hal_uart.o(i.UART_RxISR_8BIT_FIFOEN)
    i.UART_SetConfig                         0x0800617c   Section        0  stm32g4xx_hal_uart.o(i.UART_SetConfig)
    i.UART_Start_Receive_IT                  0x080063f0   Section        0  stm32g4xx_hal_uart.o(i.UART_Start_Receive_IT)
    i.UART_WaitOnFlagUntilTimeout            0x080064c8   Section        0  stm32g4xx_hal_uart.o(i.UART_WaitOnFlagUntilTimeout)
    i.USART3_IRQHandler                      0x0800656c   Section        0  stm32g4xx_it.o(i.USART3_IRQHandler)
    i.UsageFault_Handler                     0x08006578   Section        0  stm32g4xx_it.o(i.UsageFault_Handler)
    i.__NVIC_SetPriority                     0x0800657a   Section        0  stm32g4xx_hal_cortex.o(i.__NVIC_SetPriority)
    __NVIC_SetPriority                       0x0800657b   Thumb Code    32  stm32g4xx_hal_cortex.o(i.__NVIC_SetPriority)
    i.main                                   0x0800659c   Section        0  main.o(i.main)
    x$fpl$fpinit                             0x08006718   Section       10  fpinit.o(x$fpl$fpinit)
    $v0                                      0x08006718   Number         0  fpinit.o(x$fpl$fpinit)
    .constdata                               0x08006722   Section       16  stm32g4xx_hal_fdcan.o(.constdata)
    DLCtoBytes                               0x08006722   Data          16  stm32g4xx_hal_fdcan.o(.constdata)
    .constdata                               0x08006732   Section       24  stm32g4xx_hal_uart.o(.constdata)
    .constdata                               0x0800674a   Section       16  stm32g4xx_hal_uart_ex.o(.constdata)
    numerator                                0x0800674a   Data           8  stm32g4xx_hal_uart_ex.o(.constdata)
    denominator                              0x08006752   Data           8  stm32g4xx_hal_uart_ex.o(.constdata)
    .constdata                               0x0800675a   Section       16  system_stm32g4xx.o(.constdata)
    .constdata                               0x0800676a   Section        8  system_stm32g4xx.o(.constdata)
    .data                                    0x20000000   Section       88  main.o(.data)
    cnt                                      0x20000004   Data           1  main.o(.data)
    tempData                                 0x20000040   Data          24  main.o(.data)
    .data                                    0x20000058   Section        8  main.o(.data)
    .data                                    0x20000060   Section        4  adc.o(.data)
    HAL_RCC_ADC12_CLK_ENABLED                0x20000060   Data           4  adc.o(.data)
    .data                                    0x20000064   Section       12  stm32g4xx_hal.o(.data)
    .data                                    0x20000070   Section        4  system_stm32g4xx.o(.data)
    .bss                                     0x20000074   Section      312  main.o(.bss)
    .bss                                     0x200001ac   Section       40  main.o(.bss)
    .bss                                     0x200001d4   Section      216  adc.o(.bss)
    .bss                                     0x200002ac   Section       36  comp.o(.bss)
    .bss                                     0x200002d0   Section       40  dac.o(.bss)
    .bss                                     0x200002f8   Section      100  fdcan.o(.bss)
    .bss                                     0x2000035c   Section      180  opamp.o(.bss)
    .bss                                     0x20000410   Section      152  tim.o(.bss)
    .bss                                     0x200004a8   Section      240  usart.o(.bss)
    .bss                                     0x20000598   Section       96  libspace.o(.bss)
    HEAP                                     0x200005f8   Section      512  startup_stm32g431xx.o(HEAP)
    Heap_Mem                                 0x200005f8   Data         512  startup_stm32g431xx.o(HEAP)
    STACK                                    0x200007f8   Section     1024  startup_stm32g431xx.o(STACK)
    Stack_Mem                                0x200007f8   Data        1024  startup_stm32g431xx.o(STACK)
    __initial_sp                             0x20000bf8   Data           0  startup_stm32g431xx.o(STACK)

    Global Symbols

    Symbol Name                              Value     Ov Type        Size  Object(Section)

    BuildAttributes$$THM_ISAv4$E$P$D$K$B$S$7EM$VFPi3$EXTD16$VFPS$VFMA$PE$A:L22UL41UL21$X:L11$S22US41US21$IEEE1$IW$USESV6$~STKCKD$USESV7$~SHL$OSPACE$ROPI$EBA8$UX$STANDARDLIB$REQ8$PRES8$EABIv2 0x00000000   Number         0  anon$$obj.o ABSOLUTE
    __ARM_use_no_argv                        0x00000000   Number         0  main.o ABSOLUTE
    __ARM_exceptions_init                     - Undefined Weak Reference
    __alloca_initialize                       - Undefined Weak Reference
    __arm_fini_                               - Undefined Weak Reference
    __arm_preinit_                            - Undefined Weak Reference
    __cpp_initialize__aeabi_                  - Undefined Weak Reference
    __cxa_finalize                            - Undefined Weak Reference
    __rt_locale                               - Undefined Weak Reference
    __sigvec_lookup                           - Undefined Weak Reference
    _atexit_init                              - Undefined Weak Reference
    _call_atexit_fns                          - Undefined Weak Reference
    _clock_init                               - Undefined Weak Reference
    _fp_trap_init                             - Undefined Weak Reference
    _fp_trap_shutdown                         - Undefined Weak Reference
    _get_lc_collate                           - Undefined Weak Reference
    _get_lc_ctype                             - Undefined Weak Reference
    _get_lc_monetary                          - Undefined Weak Reference
    _get_lc_numeric                           - Undefined Weak Reference
    _get_lc_time                              - Undefined Weak Reference
    _getenv_init                              - Undefined Weak Reference
    _handle_redirection                       - Undefined Weak Reference
    _init_alloc                               - Undefined Weak Reference
    _init_user_alloc                          - Undefined Weak Reference
    _initio                                   - Undefined Weak Reference
    _rand_init                                - Undefined Weak Reference
    _signal_finish                            - Undefined Weak Reference
    _signal_init                              - Undefined Weak Reference
    _terminate_alloc                          - Undefined Weak Reference
    _terminate_user_alloc                     - Undefined Weak Reference
    _terminateio                              - Undefined Weak Reference
    __Vectors_Size                           0x000001d8   Number         0  startup_stm32g431xx.o ABSOLUTE
    __Vectors                                0x08000000   Data           4  startup_stm32g431xx.o(RESET)
    __Vectors_End                            0x080001d8   Data           0  startup_stm32g431xx.o(RESET)
    __main                                   0x080001d9   Thumb Code     8  __main.o(!!!main)
    __scatterload                            0x080001e1   Thumb Code     0  __scatter.o(!!!scatter)
    __scatterload_rt2                        0x080001e1   Thumb Code    44  __scatter.o(!!!scatter)
    __scatterload_rt2_thumb_only             0x080001e1   Thumb Code     0  __scatter.o(!!!scatter)
    __scatterload_null                       0x080001ef   Thumb Code     0  __scatter.o(!!!scatter)
    __scatterload_copy                       0x08000215   Thumb Code    26  __scatter_copy.o(!!handler_copy)
    __scatterload_zeroinit                   0x08000231   Thumb Code    28  __scatter_zi.o(!!handler_zi)
    __rt_lib_init                            0x0800024d   Thumb Code     0  libinit.o(.ARM.Collect$$libinit$$00000000)
    __rt_lib_init_fp_1                       0x0800024f   Thumb Code     0  libinit2.o(.ARM.Collect$$libinit$$00000001)
    __rt_lib_init_alloca_1                   0x08000253   Thumb Code     0  libinit2.o(.ARM.Collect$$libinit$$0000002E)
    __rt_lib_init_argv_1                     0x08000253   Thumb Code     0  libinit2.o(.ARM.Collect$$libinit$$0000002C)
    __rt_lib_init_atexit_1                   0x08000253   Thumb Code     0  libinit2.o(.ARM.Collect$$libinit$$0000001B)
    __rt_lib_init_clock_1                    0x08000253   Thumb Code     0  libinit2.o(.ARM.Collect$$libinit$$00000021)
    __rt_lib_init_cpp_1                      0x08000253   Thumb Code     0  libinit2.o(.ARM.Collect$$libinit$$00000032)
    __rt_lib_init_exceptions_1               0x08000253   Thumb Code     0  libinit2.o(.ARM.Collect$$libinit$$00000030)
    __rt_lib_init_fp_trap_1                  0x08000253   Thumb Code     0  libinit2.o(.ARM.Collect$$libinit$$0000001F)
    __rt_lib_init_getenv_1                   0x08000253   Thumb Code     0  libinit2.o(.ARM.Collect$$libinit$$00000023)
    __rt_lib_init_heap_1                     0x08000253   Thumb Code     0  libinit2.o(.ARM.Collect$$libinit$$0000000A)
    __rt_lib_init_lc_collate_1               0x08000253   Thumb Code     0  libinit2.o(.ARM.Collect$$libinit$$00000011)
    __rt_lib_init_lc_ctype_1                 0x08000253   Thumb Code     0  libinit2.o(.ARM.Collect$$libinit$$00000013)
    __rt_lib_init_lc_monetary_1              0x08000253   Thumb Code     0  libinit2.o(.ARM.Collect$$libinit$$00000015)
    __rt_lib_init_lc_numeric_1               0x08000253   Thumb Code     0  libinit2.o(.ARM.Collect$$libinit$$00000017)
    __rt_lib_init_lc_time_1                  0x08000253   Thumb Code     0  libinit2.o(.ARM.Collect$$libinit$$00000019)
    __rt_lib_init_preinit_1                  0x08000253   Thumb Code     0  libinit2.o(.ARM.Collect$$libinit$$00000004)
    __rt_lib_init_rand_1                     0x08000253   Thumb Code     0  libinit2.o(.ARM.Collect$$libinit$$0000000E)
    __rt_lib_init_return                     0x08000253   Thumb Code     0  libinit2.o(.ARM.Collect$$libinit$$00000033)
    __rt_lib_init_signal_1                   0x08000253   Thumb Code     0  libinit2.o(.ARM.Collect$$libinit$$0000001D)
    __rt_lib_init_stdio_1                    0x08000253   Thumb Code     0  libinit2.o(.ARM.Collect$$libinit$$00000025)
    __rt_lib_init_user_alloc_1               0x08000253   Thumb Code     0  libinit2.o(.ARM.Collect$$libinit$$0000000C)
    __rt_lib_shutdown                        0x08000255   Thumb Code     0  libshutdown.o(.ARM.Collect$$libshutdown$$00000000)
    __rt_lib_shutdown_cpp_1                  0x08000257   Thumb Code     0  libshutdown2.o(.ARM.Collect$$libshutdown$$00000004)
    __rt_lib_shutdown_fini_1                 0x08000257   Thumb Code     0  libshutdown2.o(.ARM.Collect$$libshutdown$$00000002)
    __rt_lib_shutdown_fp_trap_1              0x08000257   Thumb Code     0  libshutdown2.o(.ARM.Collect$$libshutdown$$00000009)
    __rt_lib_shutdown_heap_1                 0x08000257   Thumb Code     0  libshutdown2.o(.ARM.Collect$$libshutdown$$00000011)
    __rt_lib_shutdown_return                 0x08000257   Thumb Code     0  libshutdown2.o(.ARM.Collect$$libshutdown$$00000012)
    __rt_lib_shutdown_signal_1               0x08000257   Thumb Code     0  libshutdown2.o(.ARM.Collect$$libshutdown$$0000000C)
    __rt_lib_shutdown_stdio_1                0x08000257   Thumb Code     0  libshutdown2.o(.ARM.Collect$$libshutdown$$00000006)
    __rt_lib_shutdown_user_alloc_1           0x08000257   Thumb Code     0  libshutdown2.o(.ARM.Collect$$libshutdown$$0000000E)
    __rt_entry                               0x08000259   Thumb Code     0  __rtentry.o(.ARM.Collect$$rtentry$$00000000)
    __rt_entry_presh_1                       0x08000259   Thumb Code     0  __rtentry2.o(.ARM.Collect$$rtentry$$00000002)
    __rt_entry_sh                            0x08000259   Thumb Code     0  __rtentry4.o(.ARM.Collect$$rtentry$$00000004)
    __rt_entry_li                            0x0800025f   Thumb Code     0  __rtentry2.o(.ARM.Collect$$rtentry$$0000000A)
    __rt_entry_postsh_1                      0x0800025f   Thumb Code     0  __rtentry2.o(.ARM.Collect$$rtentry$$00000009)
    __rt_entry_main                          0x08000263   Thumb Code     0  __rtentry2.o(.ARM.Collect$$rtentry$$0000000D)
    __rt_entry_postli_1                      0x08000263   Thumb Code     0  __rtentry2.o(.ARM.Collect$$rtentry$$0000000C)
    __rt_exit                                0x0800026b   Thumb Code     0  rtexit.o(.ARM.Collect$$rtexit$$00000000)
    __rt_exit_ls                             0x0800026d   Thumb Code     0  rtexit2.o(.ARM.Collect$$rtexit$$00000003)
    __rt_exit_prels_1                        0x0800026d   Thumb Code     0  rtexit2.o(.ARM.Collect$$rtexit$$00000002)
    __rt_exit_exit                           0x08000271   Thumb Code     0  rtexit2.o(.ARM.Collect$$rtexit$$00000004)
    Reset_Handler                            0x08000279   Thumb Code     8  startup_stm32g431xx.o(.text)
    COMP4_IRQHandler                         0x08000293   Thumb Code     0  startup_stm32g431xx.o(.text)
    CORDIC_IRQHandler                        0x08000293   Thumb Code     0  startup_stm32g431xx.o(.text)
    CRS_IRQHandler                           0x08000293   Thumb Code     0  startup_stm32g431xx.o(.text)
    DMA1_Channel2_IRQHandler                 0x08000293   Thumb Code     0  startup_stm32g431xx.o(.text)
    DMA1_Channel3_IRQHandler                 0x08000293   Thumb Code     0  startup_stm32g431xx.o(.text)
    DMA1_Channel4_IRQHandler                 0x08000293   Thumb Code     0  startup_stm32g431xx.o(.text)
    DMA1_Channel5_IRQHandler                 0x08000293   Thumb Code     0  startup_stm32g431xx.o(.text)
    DMA1_Channel6_IRQHandler                 0x08000293   Thumb Code     0  startup_stm32g431xx.o(.text)
    DMA2_Channel1_IRQHandler                 0x08000293   Thumb Code     0  startup_stm32g431xx.o(.text)
    DMA2_Channel2_IRQHandler                 0x08000293   Thumb Code     0  startup_stm32g431xx.o(.text)
    DMA2_Channel3_IRQHandler                 0x08000293   Thumb Code     0  startup_stm32g431xx.o(.text)
    DMA2_Channel4_IRQHandler                 0x08000293   Thumb Code     0  startup_stm32g431xx.o(.text)
    DMA2_Channel5_IRQHandler                 0x08000293   Thumb Code     0  startup_stm32g431xx.o(.text)
    DMA2_Channel6_IRQHandler                 0x08000293   Thumb Code     0  startup_stm32g431xx.o(.text)
    DMAMUX_OVR_IRQHandler                    0x08000293   Thumb Code     0  startup_stm32g431xx.o(.text)
    EXTI0_IRQHandler                         0x08000293   Thumb Code     0  startup_stm32g431xx.o(.text)
    EXTI1_IRQHandler                         0x08000293   Thumb Code     0  startup_stm32g431xx.o(.text)
    EXTI2_IRQHandler                         0x08000293   Thumb Code     0  startup_stm32g431xx.o(.text)
    EXTI3_IRQHandler                         0x08000293   Thumb Code     0  startup_stm32g431xx.o(.text)
    EXTI4_IRQHandler                         0x08000293   Thumb Code     0  startup_stm32g431xx.o(.text)
    EXTI9_5_IRQHandler                       0x08000293   Thumb Code     0  startup_stm32g431xx.o(.text)
    FDCAN1_IT1_IRQHandler                    0x08000293   Thumb Code     0  startup_stm32g431xx.o(.text)
    FLASH_IRQHandler                         0x08000293   Thumb Code     0  startup_stm32g431xx.o(.text)
    FMAC_IRQHandler                          0x08000293   Thumb Code     0  startup_stm32g431xx.o(.text)
    FPU_IRQHandler                           0x08000293   Thumb Code     0  startup_stm32g431xx.o(.text)
    I2C1_ER_IRQHandler                       0x08000293   Thumb Code     0  startup_stm32g431xx.o(.text)
    I2C1_EV_IRQHandler                       0x08000293   Thumb Code     0  startup_stm32g431xx.o(.text)
    I2C2_ER_IRQHandler                       0x08000293   Thumb Code     0  startup_stm32g431xx.o(.text)
    I2C2_EV_IRQHandler                       0x08000293   Thumb Code     0  startup_stm32g431xx.o(.text)
    I2C3_ER_IRQHandler                       0x08000293   Thumb Code     0  startup_stm32g431xx.o(.text)
    I2C3_EV_IRQHandler                       0x08000293   Thumb Code     0  startup_stm32g431xx.o(.text)
    LPTIM1_IRQHandler                        0x08000293   Thumb Code     0  startup_stm32g431xx.o(.text)
    LPUART1_IRQHandler                       0x08000293   Thumb Code     0  startup_stm32g431xx.o(.text)
    PVD_PVM_IRQHandler                       0x08000293   Thumb Code     0  startup_stm32g431xx.o(.text)
    RCC_IRQHandler                           0x08000293   Thumb Code     0  startup_stm32g431xx.o(.text)
    RNG_IRQHandler                           0x08000293   Thumb Code     0  startup_stm32g431xx.o(.text)
    RTC_Alarm_IRQHandler                     0x08000293   Thumb Code     0  startup_stm32g431xx.o(.text)
    RTC_TAMP_LSECSS_IRQHandler               0x08000293   Thumb Code     0  startup_stm32g431xx.o(.text)
    RTC_WKUP_IRQHandler                      0x08000293   Thumb Code     0  startup_stm32g431xx.o(.text)
    SAI1_IRQHandler                          0x08000293   Thumb Code     0  startup_stm32g431xx.o(.text)
    SPI1_IRQHandler                          0x08000293   Thumb Code     0  startup_stm32g431xx.o(.text)
    SPI2_IRQHandler                          0x08000293   Thumb Code     0  startup_stm32g431xx.o(.text)
    SPI3_IRQHandler                          0x08000293   Thumb Code     0  startup_stm32g431xx.o(.text)
    TIM1_TRG_COM_TIM17_IRQHandler            0x08000293   Thumb Code     0  startup_stm32g431xx.o(.text)
    TIM2_IRQHandler                          0x08000293   Thumb Code     0  startup_stm32g431xx.o(.text)
    TIM3_IRQHandler                          0x08000293   Thumb Code     0  startup_stm32g431xx.o(.text)
    TIM6_DAC_IRQHandler                      0x08000293   Thumb Code     0  startup_stm32g431xx.o(.text)
    TIM7_IRQHandler                          0x08000293   Thumb Code     0  startup_stm32g431xx.o(.text)
    TIM8_BRK_IRQHandler                      0x08000293   Thumb Code     0  startup_stm32g431xx.o(.text)
    TIM8_CC_IRQHandler                       0x08000293   Thumb Code     0  startup_stm32g431xx.o(.text)
    TIM8_TRG_COM_IRQHandler                  0x08000293   Thumb Code     0  startup_stm32g431xx.o(.text)
    TIM8_UP_IRQHandler                       0x08000293   Thumb Code     0  startup_stm32g431xx.o(.text)
    UART4_IRQHandler                         0x08000293   Thumb Code     0  startup_stm32g431xx.o(.text)
    UCPD1_IRQHandler                         0x08000293   Thumb Code     0  startup_stm32g431xx.o(.text)
    USART1_IRQHandler                        0x08000293   Thumb Code     0  startup_stm32g431xx.o(.text)
    USART2_IRQHandler                        0x08000293   Thumb Code     0  startup_stm32g431xx.o(.text)
    USBWakeUp_IRQHandler                     0x08000293   Thumb Code     0  startup_stm32g431xx.o(.text)
    USB_HP_IRQHandler                        0x08000293   Thumb Code     0  startup_stm32g431xx.o(.text)
    USB_LP_IRQHandler                        0x08000293   Thumb Code     0  startup_stm32g431xx.o(.text)
    WWDG_IRQHandler                          0x08000293   Thumb Code     0  startup_stm32g431xx.o(.text)
    __user_initial_stackheap                 0x08000295   Thumb Code     0  startup_stm32g431xx.o(.text)
    __aeabi_uldivmod                         0x080002b9   Thumb Code     0  lludivv7m.o(.text)
    _ll_udiv                                 0x080002b9   Thumb Code   238  lludivv7m.o(.text)
    __aeabi_memcpy4                          0x080003a7   Thumb Code     0  rt_memcpy_w.o(.text)
    __aeabi_memcpy8                          0x080003a7   Thumb Code     0  rt_memcpy_w.o(.text)
    __rt_memcpy_w                            0x080003a7   Thumb Code   100  rt_memcpy_w.o(.text)
    _memcpy_lastbytes_aligned                0x080003ef   Thumb Code     0  rt_memcpy_w.o(.text)
    __aeabi_memclr4                          0x0800040b   Thumb Code     0  rt_memclr_w.o(.text)
    __aeabi_memclr8                          0x0800040b   Thumb Code     0  rt_memclr_w.o(.text)
    __rt_memclr_w                            0x0800040b   Thumb Code    78  rt_memclr_w.o(.text)
    _memset_w                                0x0800040f   Thumb Code     0  rt_memclr_w.o(.text)
    __use_two_region_memory                  0x08000459   Thumb Code     2  heapauxi.o(.text)
    __rt_heap_escrow$2region                 0x0800045b   Thumb Code     2  heapauxi.o(.text)
    __rt_heap_expand$2region                 0x0800045d   Thumb Code     2  heapauxi.o(.text)
    __user_setup_stackheap                   0x0800045f   Thumb Code    74  sys_stackheap_outer.o(.text)
    exit                                     0x080004a9   Thumb Code    18  exit.o(.text)
    __user_libspace                          0x080004bd   Thumb Code     8  libspace.o(.text)
    __user_perproc_libspace                  0x080004bd   Thumb Code     0  libspace.o(.text)
    __user_perthread_libspace                0x080004bd   Thumb Code     0  libspace.o(.text)
    _sys_exit                                0x080004c5   Thumb Code     8  sys_exit.o(.text)
    __I$use$semihosting                      0x080004d1   Thumb Code     0  use_no_semi.o(.text)
    __use_no_semihosting_swi                 0x080004d1   Thumb Code     2  use_no_semi.o(.text)
    __semihosting_library_function           0x080004d3   Thumb Code     0  indicate_semi.o(.text)
    ADC1_2_IRQHandler                        0x080004d5   Thumb Code    18  stm32g4xx_it.o(i.ADC1_2_IRQHandler)
    ADC_Disable                              0x080004f1   Thumb Code   106  stm32g4xx_hal_adc.o(i.ADC_Disable)
    ADC_Enable                               0x08000561   Thumb Code   110  stm32g4xx_hal_adc.o(i.ADC_Enable)
    BusFault_Handler                         0x080005d5   Thumb Code     2  stm32g4xx_it.o(i.BusFault_Handler)
    COMP1_2_3_IRQHandler                     0x080005d9   Thumb Code     6  stm32g4xx_it.o(i.COMP1_2_3_IRQHandler)
    DMA1_Channel1_IRQHandler                 0x080005e5   Thumb Code     6  stm32g4xx_it.o(i.DMA1_Channel1_IRQHandler)
    DebugMon_Handler                         0x08000693   Thumb Code     2  stm32g4xx_it.o(i.DebugMon_Handler)
    EXTI15_10_IRQHandler                     0x08000695   Thumb Code    30  stm32g4xx_it.o(i.EXTI15_10_IRQHandler)
    Error_Handler                            0x080006b3   Thumb Code     4  main.o(i.Error_Handler)
    FDCAN1_IT0_IRQHandler                    0x080006b9   Thumb Code    24  stm32g4xx_it.o(i.FDCAN1_IT0_IRQHandler)
    FDCAN_Config                             0x080006dd   Thumb Code    82  main.o(i.FDCAN_Config)
    HAL_ADCEx_Calibration_Start              0x080007a9   Thumb Code   138  stm32g4xx_hal_adc_ex.o(i.HAL_ADCEx_Calibration_Start)
    HAL_ADCEx_EndOfSamplingCallback          0x0800083d   Thumb Code     2  stm32g4xx_hal_adc_ex.o(i.HAL_ADCEx_EndOfSamplingCallback)
    HAL_ADCEx_InjectedConfigChannel          0x08000841   Thumb Code  1264  stm32g4xx_hal_adc_ex.o(i.HAL_ADCEx_InjectedConfigChannel)
    HAL_ADCEx_InjectedConvCpltCallback       0x08000d59   Thumb Code   240  main.o(i.HAL_ADCEx_InjectedConvCpltCallback)
    HAL_ADCEx_InjectedQueueOverflowCallback  0x08000e65   Thumb Code     2  stm32g4xx_hal_adc_ex.o(i.HAL_ADCEx_InjectedQueueOverflowCallback)
    HAL_ADCEx_InjectedStart                  0x08000e69   Thumb Code   220  stm32g4xx_hal_adc_ex.o(i.HAL_ADCEx_InjectedStart)
    HAL_ADCEx_InjectedStart_IT               0x08000f51   Thumb Code   282  stm32g4xx_hal_adc_ex.o(i.HAL_ADCEx_InjectedStart_IT)
    HAL_ADCEx_LevelOutOfWindow2Callback      0x08001079   Thumb Code     2  stm32g4xx_hal_adc_ex.o(i.HAL_ADCEx_LevelOutOfWindow2Callback)
    HAL_ADCEx_LevelOutOfWindow3Callback      0x0800107b   Thumb Code     2  stm32g4xx_hal_adc_ex.o(i.HAL_ADCEx_LevelOutOfWindow3Callback)
    HAL_ADCEx_MultiModeConfigChannel         0x0800107d   Thumb Code   208  stm32g4xx_hal_adc_ex.o(i.HAL_ADCEx_MultiModeConfigChannel)
    HAL_ADC_ConfigChannel                    0x08001155   Thumb Code  1006  stm32g4xx_hal_adc.o(i.HAL_ADC_ConfigChannel)
    HAL_ADC_ConvCpltCallback                 0x08001579   Thumb Code     2  stm32g4xx_hal_adc.o(i.HAL_ADC_ConvCpltCallback)
    HAL_ADC_ErrorCallback                    0x0800157b   Thumb Code     2  stm32g4xx_hal_adc.o(i.HAL_ADC_ErrorCallback)
    HAL_ADC_GetValue                         0x0800157d   Thumb Code     6  stm32g4xx_hal_adc.o(i.HAL_ADC_GetValue)
    HAL_ADC_IRQHandler                       0x08001585   Thumb Code   612  stm32g4xx_hal_adc.o(i.HAL_ADC_IRQHandler)
    HAL_ADC_Init                             0x080017f1   Thumb Code   476  stm32g4xx_hal_adc.o(i.HAL_ADC_Init)
    HAL_ADC_LevelOutOfWindowCallback         0x080019ed   Thumb Code     2  stm32g4xx_hal_adc.o(i.HAL_ADC_LevelOutOfWindowCallback)
    HAL_ADC_MspInit                          0x080019f1   Thumb Code   202  adc.o(i.HAL_ADC_MspInit)
    HAL_ADC_Start                            0x08001acd   Thumb Code   230  stm32g4xx_hal_adc.o(i.HAL_ADC_Start)
    HAL_COMP_IRQHandler                      0x08001bc1   Thumb Code    64  stm32g4xx_hal_comp.o(i.HAL_COMP_IRQHandler)
    HAL_COMP_Init                            0x08001c09   Thumb Code   264  stm32g4xx_hal_comp.o(i.HAL_COMP_Init)
    HAL_COMP_MspInit                         0x08001d29   Thumb Code    80  comp.o(i.HAL_COMP_MspInit)
    HAL_COMP_Start                           0x08001d85   Thumb Code    68  stm32g4xx_hal_comp.o(i.HAL_COMP_Start)
    HAL_COMP_TriggerCallback                 0x08001dd1   Thumb Code     2  stm32g4xx_hal_comp.o(i.HAL_COMP_TriggerCallback)
    HAL_DAC_ConfigChannel                    0x08001dd5   Thumb Code   428  stm32g4xx_hal_dac.o(i.HAL_DAC_ConfigChannel)
    HAL_DAC_Init                             0x08001f89   Thumb Code    40  stm32g4xx_hal_dac.o(i.HAL_DAC_Init)
    HAL_DAC_MspInit                          0x08001fb1   Thumb Code   106  dac.o(i.HAL_DAC_MspInit)
    HAL_DAC_SetValue                         0x08002029   Thumb Code    26  stm32g4xx_hal_dac.o(i.HAL_DAC_SetValue)
    HAL_DAC_Start                            0x08002043   Thumb Code   104  stm32g4xx_hal_dac.o(i.HAL_DAC_Start)
    HAL_DMA_Abort                            0x080020ab   Thumb Code   106  stm32g4xx_hal_dma.o(i.HAL_DMA_Abort)
    HAL_DMA_Abort_IT                         0x08002115   Thumb Code   120  stm32g4xx_hal_dma.o(i.HAL_DMA_Abort_IT)
    HAL_DMA_IRQHandler                       0x0800218d   Thumb Code   186  stm32g4xx_hal_dma.o(i.HAL_DMA_IRQHandler)
    HAL_DMA_Init                             0x08002249   Thumb Code   178  stm32g4xx_hal_dma.o(i.HAL_DMA_Init)
    HAL_DMA_Start_IT                         0x08002309   Thumb Code   140  stm32g4xx_hal_dma.o(i.HAL_DMA_Start_IT)
    HAL_Delay                                0x08002395   Thumb Code    32  stm32g4xx_hal.o(i.HAL_Delay)
    HAL_FDCAN_ActivateNotification           0x080023b9   Thumb Code   224  stm32g4xx_hal_fdcan.o(i.HAL_FDCAN_ActivateNotification)
    HAL_FDCAN_AddMessageToTxFifoQ            0x08002499   Thumb Code    74  stm32g4xx_hal_fdcan.o(i.HAL_FDCAN_AddMessageToTxFifoQ)
    HAL_FDCAN_ConfigFilter                   0x080024e3   Thumb Code    92  stm32g4xx_hal_fdcan.o(i.HAL_FDCAN_ConfigFilter)
    HAL_FDCAN_ErrorCallback                  0x0800253f   Thumb Code     2  stm32g4xx_hal_fdcan.o(i.HAL_FDCAN_ErrorCallback)
    HAL_FDCAN_ErrorStatusCallback            0x08002541   Thumb Code     2  stm32g4xx_hal_fdcan.o(i.HAL_FDCAN_ErrorStatusCallback)
    HAL_FDCAN_GetRxMessage                   0x08002545   Thumb Code   234  stm32g4xx_hal_fdcan.o(i.HAL_FDCAN_GetRxMessage)
    HAL_FDCAN_HighPriorityMessageCallback    0x08002635   Thumb Code     2  stm32g4xx_hal_fdcan.o(i.HAL_FDCAN_HighPriorityMessageCallback)
    HAL_FDCAN_IRQHandler                     0x08002637   Thumb Code   352  stm32g4xx_hal_fdcan.o(i.HAL_FDCAN_IRQHandler)
    HAL_FDCAN_Init                           0x08002799   Thumb Code   498  stm32g4xx_hal_fdcan.o(i.HAL_FDCAN_Init)
    HAL_FDCAN_MspInit                        0x0800299d   Thumb Code   104  fdcan.o(i.HAL_FDCAN_MspInit)
    HAL_FDCAN_RxFifo0Callback                0x08002a0d   Thumb Code     2  stm32g4xx_hal_fdcan.o(i.HAL_FDCAN_RxFifo0Callback)
    HAL_FDCAN_RxFifo1Callback                0x08002a0f   Thumb Code     2  stm32g4xx_hal_fdcan.o(i.HAL_FDCAN_RxFifo1Callback)
    HAL_FDCAN_Start                          0x08002a11   Thumb Code    44  stm32g4xx_hal_fdcan.o(i.HAL_FDCAN_Start)
    HAL_FDCAN_TimeoutOccurredCallback        0x08002a3d   Thumb Code     2  stm32g4xx_hal_fdcan.o(i.HAL_FDCAN_TimeoutOccurredCallback)
    HAL_FDCAN_TimestampWraparoundCallback    0x08002a3f   Thumb Code     2  stm32g4xx_hal_fdcan.o(i.HAL_FDCAN_TimestampWraparoundCallback)
    HAL_FDCAN_TxBufferAbortCallback          0x08002a41   Thumb Code     2  stm32g4xx_hal_fdcan.o(i.HAL_FDCAN_TxBufferAbortCallback)
    HAL_FDCAN_TxBufferCompleteCallback       0x08002a43   Thumb Code     2  stm32g4xx_hal_fdcan.o(i.HAL_FDCAN_TxBufferCompleteCallback)
    HAL_FDCAN_TxEventFifoCallback            0x08002a45   Thumb Code     2  stm32g4xx_hal_fdcan.o(i.HAL_FDCAN_TxEventFifoCallback)
    HAL_FDCAN_TxFifoEmptyCallback            0x08002a47   Thumb Code     2  stm32g4xx_hal_fdcan.o(i.HAL_FDCAN_TxFifoEmptyCallback)
    HAL_GPIO_EXTI_Callback                   0x08002a49   Thumb Code   126  main.o(i.HAL_GPIO_EXTI_Callback)
    HAL_GPIO_EXTI_IRQHandler                 0x08002ad1   Thumb Code    18  stm32g4xx_hal_gpio.o(i.HAL_GPIO_EXTI_IRQHandler)
    HAL_GPIO_Init                            0x08002ae9   Thumb Code   422  stm32g4xx_hal_gpio.o(i.HAL_GPIO_Init)
    HAL_GPIO_ReadPin                         0x08002cb1   Thumb Code    10  stm32g4xx_hal_gpio.o(i.HAL_GPIO_ReadPin)
    HAL_GPIO_WritePin                        0x08002cbb   Thumb Code    10  stm32g4xx_hal_gpio.o(i.HAL_GPIO_WritePin)
    HAL_GetTick                              0x08002cc5   Thumb Code     6  stm32g4xx_hal.o(i.HAL_GetTick)
    HAL_IncTick                              0x08002cd1   Thumb Code    12  stm32g4xx_hal.o(i.HAL_IncTick)
    HAL_Init                                 0x08002ce1   Thumb Code    30  stm32g4xx_hal.o(i.HAL_Init)
    HAL_InitTick                             0x08002d01   Thumb Code    58  stm32g4xx_hal.o(i.HAL_InitTick)
    HAL_MspInit                              0x08002d45   Thumb Code    42  stm32g4xx_hal_msp.o(i.HAL_MspInit)
    HAL_NVIC_EnableIRQ                       0x08002d75   Thumb Code    26  stm32g4xx_hal_cortex.o(i.HAL_NVIC_EnableIRQ)
    HAL_NVIC_SetPriority                     0x08002d91   Thumb Code    60  stm32g4xx_hal_cortex.o(i.HAL_NVIC_SetPriority)
    HAL_NVIC_SetPriorityGrouping             0x08002dd1   Thumb Code    26  stm32g4xx_hal_cortex.o(i.HAL_NVIC_SetPriorityGrouping)
    HAL_OPAMP_Init                           0x08002df5   Thumb Code   236  stm32g4xx_hal_opamp.o(i.HAL_OPAMP_Init)
    HAL_OPAMP_MspInit                        0x08002ee9   Thumb Code   134  opamp.o(i.HAL_OPAMP_MspInit)
    HAL_OPAMP_Start                          0x08002f7d   Thumb Code    44  stm32g4xx_hal_opamp.o(i.HAL_OPAMP_Start)
    HAL_PWREx_ControlVoltageScaling          0x08002fa9   Thumb Code   174  stm32g4xx_hal_pwr_ex.o(i.HAL_PWREx_ControlVoltageScaling)
    HAL_PWREx_DisableUCPDDeadBattery         0x08003065   Thumb Code    12  stm32g4xx_hal_pwr_ex.o(i.HAL_PWREx_DisableUCPDDeadBattery)
    HAL_RCCEx_PeriphCLKConfig                0x08003075   Thumb Code   638  stm32g4xx_hal_rcc_ex.o(i.HAL_RCCEx_PeriphCLKConfig)
    HAL_RCC_ClockConfig                      0x080032fd   Thumb Code   444  stm32g4xx_hal_rcc.o(i.HAL_RCC_ClockConfig)
    HAL_RCC_GetHCLKFreq                      0x080034d9   Thumb Code     6  stm32g4xx_hal_rcc.o(i.HAL_RCC_GetHCLKFreq)
    HAL_RCC_GetPCLK1Freq                     0x080034e5   Thumb Code    24  stm32g4xx_hal_rcc.o(i.HAL_RCC_GetPCLK1Freq)
    HAL_RCC_GetPCLK2Freq                     0x08003509   Thumb Code    24  stm32g4xx_hal_rcc.o(i.HAL_RCC_GetPCLK2Freq)
    HAL_RCC_GetSysClockFreq                  0x0800352d   Thumb Code    98  stm32g4xx_hal_rcc.o(i.HAL_RCC_GetSysClockFreq)
    HAL_RCC_OscConfig                        0x0800359d   Thumb Code  1036  stm32g4xx_hal_rcc.o(i.HAL_RCC_OscConfig)
    HAL_SYSTICK_Config                       0x080039a9   Thumb Code    40  stm32g4xx_hal_cortex.o(i.HAL_SYSTICK_Config)
    HAL_TIMEx_Break2Callback                 0x080039d1   Thumb Code     2  stm32g4xx_hal_tim_ex.o(i.HAL_TIMEx_Break2Callback)
    HAL_TIMEx_BreakCallback                  0x080039d3   Thumb Code     2  stm32g4xx_hal_tim_ex.o(i.HAL_TIMEx_BreakCallback)
    HAL_TIMEx_CommutCallback                 0x080039d5   Thumb Code     2  stm32g4xx_hal_tim_ex.o(i.HAL_TIMEx_CommutCallback)
    HAL_TIMEx_ConfigBreakDeadTime            0x080039d9   Thumb Code   164  stm32g4xx_hal_tim_ex.o(i.HAL_TIMEx_ConfigBreakDeadTime)
    HAL_TIMEx_ConfigBreakInput               0x08003a85   Thumb Code   190  stm32g4xx_hal_tim_ex.o(i.HAL_TIMEx_ConfigBreakInput)
    HAL_TIMEx_DirectionChangeCallback        0x08003b43   Thumb Code     2  stm32g4xx_hal_tim_ex.o(i.HAL_TIMEx_DirectionChangeCallback)
    HAL_TIMEx_EncoderIndexCallback           0x08003b45   Thumb Code     2  stm32g4xx_hal_tim_ex.o(i.HAL_TIMEx_EncoderIndexCallback)
    HAL_TIMEx_HallSensor_Init                0x08003b49   Thumb Code   208  stm32g4xx_hal_tim_ex.o(i.HAL_TIMEx_HallSensor_Init)
    HAL_TIMEx_HallSensor_MspInit             0x08003c25   Thumb Code     2  stm32g4xx_hal_tim_ex.o(i.HAL_TIMEx_HallSensor_MspInit)
    HAL_TIMEx_HallSensor_Start_IT            0x08003c29   Thumb Code   144  stm32g4xx_hal_tim_ex.o(i.HAL_TIMEx_HallSensor_Start_IT)
    HAL_TIMEx_IndexErrorCallback             0x08003cd1   Thumb Code     2  stm32g4xx_hal_tim_ex.o(i.HAL_TIMEx_IndexErrorCallback)
    HAL_TIMEx_MasterConfigSynchronization    0x08003cd5   Thumb Code   132  stm32g4xx_hal_tim_ex.o(i.HAL_TIMEx_MasterConfigSynchronization)
    HAL_TIMEx_PWMN_Start                     0x08003d71   Thumb Code   158  stm32g4xx_hal_tim_ex.o(i.HAL_TIMEx_PWMN_Start)
    HAL_TIMEx_PWMN_Stop                      0x08003e29   Thumb Code   104  stm32g4xx_hal_tim_ex.o(i.HAL_TIMEx_PWMN_Stop)
    HAL_TIMEx_TransitionErrorCallback        0x08003e91   Thumb Code     2  stm32g4xx_hal_tim_ex.o(i.HAL_TIMEx_TransitionErrorCallback)
    HAL_TIM_Base_Init                        0x08003e93   Thumb Code    98  stm32g4xx_hal_tim.o(i.HAL_TIM_Base_Init)
    HAL_TIM_Base_MspInit                     0x08003ef5   Thumb Code   170  tim.o(i.HAL_TIM_Base_MspInit)
    HAL_TIM_Base_Start                       0x08003fb1   Thumb Code    84  stm32g4xx_hal_tim.o(i.HAL_TIM_Base_Start)
    HAL_TIM_ConfigClockSource                0x0800401d   Thumb Code   240  stm32g4xx_hal_tim.o(i.HAL_TIM_ConfigClockSource)
    HAL_TIM_IC_CaptureCallback               0x08004115   Thumb Code   242  main.o(i.HAL_TIM_IC_CaptureCallback)
    HAL_TIM_IRQHandler                       0x0800423d   Thumb Code   508  stm32g4xx_hal_tim.o(i.HAL_TIM_IRQHandler)
    HAL_TIM_MspPostInit                      0x08004439   Thumb Code   136  tim.o(i.HAL_TIM_MspPostInit)
    HAL_TIM_OC_DelayElapsedCallback          0x080044cd   Thumb Code     2  stm32g4xx_hal_tim.o(i.HAL_TIM_OC_DelayElapsedCallback)
    HAL_TIM_PWM_ConfigChannel                0x080044cf   Thumb Code   286  stm32g4xx_hal_tim.o(i.HAL_TIM_PWM_ConfigChannel)
    HAL_TIM_PWM_Init                         0x080045ed   Thumb Code    98  stm32g4xx_hal_tim.o(i.HAL_TIM_PWM_Init)
    HAL_TIM_PWM_MspInit                      0x0800464f   Thumb Code     2  stm32g4xx_hal_tim.o(i.HAL_TIM_PWM_MspInit)
    HAL_TIM_PWM_PulseFinishedCallback        0x08004651   Thumb Code     2  stm32g4xx_hal_tim.o(i.HAL_TIM_PWM_PulseFinishedCallback)
    HAL_TIM_PWM_Start                        0x08004655   Thumb Code   218  stm32g4xx_hal_tim.o(i.HAL_TIM_PWM_Start)
    HAL_TIM_PWM_Stop                         0x08004751   Thumb Code   152  stm32g4xx_hal_tim.o(i.HAL_TIM_PWM_Stop)
    HAL_TIM_PeriodElapsedCallback            0x080047fd   Thumb Code     2  stm32g4xx_hal_tim.o(i.HAL_TIM_PeriodElapsedCallback)
    HAL_TIM_ReadCapturedValue                0x080047ff   Thumb Code    42  stm32g4xx_hal_tim.o(i.HAL_TIM_ReadCapturedValue)
    HAL_TIM_TriggerCallback                  0x08004829   Thumb Code     2  stm32g4xx_hal_tim.o(i.HAL_TIM_TriggerCallback)
    HAL_UARTEx_DisableFifoMode               0x0800482b   Thumb Code    62  stm32g4xx_hal_uart_ex.o(i.HAL_UARTEx_DisableFifoMode)
    HAL_UARTEx_RxEventCallback               0x08004869   Thumb Code     2  stm32g4xx_hal_uart.o(i.HAL_UARTEx_RxEventCallback)
    HAL_UARTEx_RxFifoFullCallback            0x0800486b   Thumb Code     2  stm32g4xx_hal_uart_ex.o(i.HAL_UARTEx_RxFifoFullCallback)
    HAL_UARTEx_SetRxFifoThreshold            0x0800486d   Thumb Code    76  stm32g4xx_hal_uart_ex.o(i.HAL_UARTEx_SetRxFifoThreshold)
    HAL_UARTEx_SetTxFifoThreshold            0x080048b9   Thumb Code    76  stm32g4xx_hal_uart_ex.o(i.HAL_UARTEx_SetTxFifoThreshold)
    HAL_UARTEx_TxFifoEmptyCallback           0x08004905   Thumb Code     2  stm32g4xx_hal_uart_ex.o(i.HAL_UARTEx_TxFifoEmptyCallback)
    HAL_UARTEx_WakeupCallback                0x08004907   Thumb Code     2  stm32g4xx_hal_uart_ex.o(i.HAL_UARTEx_WakeupCallback)
    HAL_UART_ErrorCallback                   0x08004909   Thumb Code     2  stm32g4xx_hal_uart.o(i.HAL_UART_ErrorCallback)
    HAL_UART_IRQHandler                      0x0800490d   Thumb Code   632  stm32g4xx_hal_uart.o(i.HAL_UART_IRQHandler)
    HAL_UART_Init                            0x08004b91   Thumb Code   106  stm32g4xx_hal_uart.o(i.HAL_UART_Init)
    HAL_UART_MspInit                         0x08004bfd   Thumb Code   148  usart.o(i.HAL_UART_MspInit)
    HAL_UART_Receive_IT                      0x08004ca5   Thumb Code    70  stm32g4xx_hal_uart.o(i.HAL_UART_Receive_IT)
    HAL_UART_RxCpltCallback                  0x08004cf1   Thumb Code    66  main.o(i.HAL_UART_RxCpltCallback)
    HAL_UART_Transmit                        0x08004d49   Thumb Code   188  stm32g4xx_hal_uart.o(i.HAL_UART_Transmit)
    HAL_UART_Transmit_DMA                    0x08004e05   Thumb Code   140  stm32g4xx_hal_uart.o(i.HAL_UART_Transmit_DMA)
    HAL_UART_TxCpltCallback                  0x08004e9d   Thumb Code     2  stm32g4xx_hal_uart.o(i.HAL_UART_TxCpltCallback)
    HAL_UART_TxHalfCpltCallback              0x08004e9f   Thumb Code     2  stm32g4xx_hal_uart.o(i.HAL_UART_TxHalfCpltCallback)
    HardFault_Handler                        0x08004ea1   Thumb Code     2  stm32g4xx_it.o(i.HardFault_Handler)
    MX_ADC1_Init                             0x08004f49   Thumb Code   228  adc.o(i.MX_ADC1_Init)
    MX_ADC2_Init                             0x0800503d   Thumb Code   174  adc.o(i.MX_ADC2_Init)
    MX_COMP1_Init                            0x080050fd   Thumb Code    46  comp.o(i.MX_COMP1_Init)
    MX_DAC1_Init                             0x08005135   Thumb Code    80  dac.o(i.MX_DAC1_Init)
    MX_DAC3_Init                             0x0800518d   Thumb Code    78  dac.o(i.MX_DAC3_Init)
    MX_DMA_Init                              0x080051e5   Thumb Code    56  dma.o(i.MX_DMA_Init)
    MX_FDCAN1_Init                           0x08005221   Thumb Code    72  fdcan.o(i.MX_FDCAN1_Init)
    MX_GPIO_Init                             0x08005271   Thumb Code   152  gpio.o(i.MX_GPIO_Init)
    MX_OPAMP1_Init                           0x08005315   Thumb Code    42  opamp.o(i.MX_OPAMP1_Init)
    MX_OPAMP2_Init                           0x08005349   Thumb Code    42  opamp.o(i.MX_OPAMP2_Init)
    MX_OPAMP3_Init                           0x0800537d   Thumb Code    42  opamp.o(i.MX_OPAMP3_Init)
    MX_TIM1_Init                             0x080053b1   Thumb Code   312  tim.o(i.MX_TIM1_Init)
    MX_TIM4_Init                             0x080054f1   Thumb Code   132  tim.o(i.MX_TIM4_Init)
    MX_USART3_UART_Init                      0x0800557d   Thumb Code    94  usart.o(i.MX_USART3_UART_Init)
    MemManage_Handler                        0x080055e5   Thumb Code     2  stm32g4xx_it.o(i.MemManage_Handler)
    NMI_Handler                              0x080055e7   Thumb Code     2  stm32g4xx_it.o(i.NMI_Handler)
    PendSV_Handler                           0x080055e9   Thumb Code     2  stm32g4xx_it.o(i.PendSV_Handler)
    SVC_Handler                              0x080055eb   Thumb Code     2  stm32g4xx_it.o(i.SVC_Handler)
    SysTick_Handler                          0x080055ed   Thumb Code     4  stm32g4xx_it.o(i.SysTick_Handler)
    SystemClock_Config                       0x080055f1   Thumb Code   136  main.o(i.SystemClock_Config)
    SystemInit                               0x08005679   Thumb Code    12  system_stm32g4xx.o(i.SystemInit)
    TIM1_BRK_TIM15_IRQHandler                0x08005689   Thumb Code     6  stm32g4xx_it.o(i.TIM1_BRK_TIM15_IRQHandler)
    TIM1_CC_IRQHandler                       0x08005695   Thumb Code     6  stm32g4xx_it.o(i.TIM1_CC_IRQHandler)
    TIM1_UP_TIM16_IRQHandler                 0x080056a1   Thumb Code     6  stm32g4xx_it.o(i.TIM1_UP_TIM16_IRQHandler)
    TIM4_IRQHandler                          0x080056ad   Thumb Code     6  stm32g4xx_it.o(i.TIM4_IRQHandler)
    TIM_Base_SetConfig                       0x080056b9   Thumb Code   146  stm32g4xx_hal_tim.o(i.TIM_Base_SetConfig)
    TIM_CCxChannelCmd                        0x08005769   Thumb Code    26  stm32g4xx_hal_tim.o(i.TIM_CCxChannelCmd)
    TIM_ETR_SetConfig                        0x0800579d   Thumb Code    20  stm32g4xx_hal_tim.o(i.TIM_ETR_SetConfig)
    TIM_OC2_SetConfig                        0x08005861   Thumb Code   120  stm32g4xx_hal_tim.o(i.TIM_OC2_SetConfig)
    TIM_TI1_SetConfig                        0x08005b15   Thumb Code    88  stm32g4xx_hal_tim.o(i.TIM_TI1_SetConfig)
    UART_AdvFeatureConfig                    0x08005be9   Thumb Code   200  stm32g4xx_hal_uart.o(i.UART_AdvFeatureConfig)
    UART_CheckIdleState                      0x08005cb1   Thumb Code    96  stm32g4xx_hal_uart.o(i.UART_CheckIdleState)
    UART_SetConfig                           0x0800617d   Thumb Code   582  stm32g4xx_hal_uart.o(i.UART_SetConfig)
    UART_Start_Receive_IT                    0x080063f1   Thumb Code   198  stm32g4xx_hal_uart.o(i.UART_Start_Receive_IT)
    UART_WaitOnFlagUntilTimeout              0x080064c9   Thumb Code   164  stm32g4xx_hal_uart.o(i.UART_WaitOnFlagUntilTimeout)
    USART3_IRQHandler                        0x0800656d   Thumb Code     6  stm32g4xx_it.o(i.USART3_IRQHandler)
    UsageFault_Handler                       0x08006579   Thumb Code     2  stm32g4xx_it.o(i.UsageFault_Handler)
    main                                     0x0800659d   Thumb Code   310  main.o(i.main)
    _fp_init                                 0x08006719   Thumb Code    10  fpinit.o(x$fpl$fpinit)
    __fplib_config_fpu_vfp                   0x08006721   Thumb Code     0  fpinit.o(x$fpl$fpinit)
    __fplib_config_pureend_doubles           0x08006721   Thumb Code     0  fpinit.o(x$fpl$fpinit)
    UARTPrescTable                           0x08006732   Data          24  stm32g4xx_hal_uart.o(.constdata)
    AHBPrescTable                            0x0800675a   Data          16  system_stm32g4xx.o(.constdata)
    APBPrescTable                            0x0800676a   Data           8  system_stm32g4xx.o(.constdata)
    Region$$Table$$Base                      0x08006774   Number         0  anon$$obj.o(Region$$Table)
    Region$$Table$$Limit                     0x08006794   Number         0  anon$$obj.o(Region$$Table)
    Uart1_Rx_Cnt                             0x20000000   Data           1  main.o(.data)
    Motor_state                              0x20000001   Data           1  main.o(.data)
    ADC_offset                               0x20000002   Data           1  main.o(.data)
    HallReadTemp                             0x20000003   Data           1  main.o(.data)
    aRxBuffer                                0x20000005   Data           1  main.o(.data)
    IA_Offset                                0x20000006   Data           2  main.o(.data)
    IB_Offset                                0x20000008   Data           2  main.o(.data)
    IC_Offset                                0x2000000a   Data           2  main.o(.data)
    adc1_in1                                 0x2000000c   Data           2  main.o(.data)
    adc1_in2                                 0x2000000e   Data           2  main.o(.data)
    adc1_in3                                 0x20000010   Data           2  main.o(.data)
    Vpoten                                   0x20000012   Data           2  main.o(.data)
    adc_vbus                                 0x20000014   Data           2  main.o(.data)
    HallTemp                                 0x20000018   Data           4  main.o(.data)
    HallThetaAdd                             0x2000001c   Data           4  main.o(.data)
    HallTheta                                0x20000020   Data           4  main.o(.data)
    HallSpeed                                0x20000024   Data           4  main.o(.data)
    Vbus                                     0x20000028   Data           4  main.o(.data)
    Ia                                       0x2000002c   Data           4  main.o(.data)
    Ib                                       0x20000030   Data           4  main.o(.data)
    Ic                                       0x20000034   Data           4  main.o(.data)
    TxData                                   0x20000038   Data           8  main.o(.data)
    RxData                                   0x20000058   Data           8  main.o(.data)
    uwTickPrio                               0x20000064   Data           4  stm32g4xx_hal.o(.data)
    uwTickFreq                               0x20000068   Data           4  stm32g4xx_hal.o(.data)
    uwTick                                   0x2000006c   Data           4  stm32g4xx_hal.o(.data)
    SystemCoreClock                          0x20000070   Data           4  system_stm32g4xx.o(.data)
    RxBuffer                                 0x20000074   Data         256  main.o(.bss)
    load_data                                0x20000174   Data          20  main.o(.bss)
    TxHeader                                 0x20000188   Data          36  main.o(.bss)
    RxHeader                                 0x200001ac   Data          40  main.o(.bss)
    hadc1                                    0x200001d4   Data         108  adc.o(.bss)
    hadc2                                    0x20000240   Data         108  adc.o(.bss)
    hcomp1                                   0x200002ac   Data          36  comp.o(.bss)
    hdac1                                    0x200002d0   Data          20  dac.o(.bss)
    hdac3                                    0x200002e4   Data          20  dac.o(.bss)
    hfdcan1                                  0x200002f8   Data         100  fdcan.o(.bss)
    hopamp1                                  0x2000035c   Data          60  opamp.o(.bss)
    hopamp2                                  0x20000398   Data          60  opamp.o(.bss)
    hopamp3                                  0x200003d4   Data          60  opamp.o(.bss)
    htim1                                    0x20000410   Data          76  tim.o(.bss)
    htim4                                    0x2000045c   Data          76  tim.o(.bss)
    huart3                                   0x200004a8   Data         144  usart.o(.bss)
    hdma_usart3_tx                           0x20000538   Data          96  usart.o(.bss)
    __libspace_start                         0x20000598   Data          96  libspace.o(.bss)
    __temporary_stack_top$libspace           0x200005f8   Data           0  libspace.o(.bss)



==============================================================================

Memory Map of the image

  Image Entry point : 0x080001d9

  Load Region LR_IROM1 (Base: 0x08000000, Size: 0x00006808, Max: 0x00020000, ABSOLUTE)

    Execution Region ER_IROM1 (Exec base: 0x08000000, Load base: 0x08000000, Size: 0x00006794, Max: 0x00020000, ABSOLUTE)

    Exec Addr    Load Addr    Size         Type   Attr      Idx    E Section Name        Object

    0x08000000   0x08000000   0x000001d8   Data   RO            3    RESET               startup_stm32g431xx.o
    0x080001d8   0x080001d8   0x00000008   Code   RO         5325  * !!!main             c_w.l(__main.o)
    0x080001e0   0x080001e0   0x00000034   Code   RO         5494    !!!scatter          c_w.l(__scatter.o)
    0x08000214   0x08000214   0x0000001a   Code   RO         5496    !!handler_copy      c_w.l(__scatter_copy.o)
    0x0800022e   0x0800022e   0x00000002   PAD
    0x08000230   0x08000230   0x0000001c   Code   RO         5498    !!handler_zi        c_w.l(__scatter_zi.o)
    0x0800024c   0x0800024c   0x00000002   Code   RO         5362    .ARM.Collect$$libinit$$00000000  c_w.l(libinit.o)
    0x0800024e   0x0800024e   0x00000004   Code   RO         5374    .ARM.Collect$$libinit$$00000001  c_w.l(libinit2.o)
    0x08000252   0x08000252   0x00000000   Code   RO         5377    .ARM.Collect$$libinit$$00000004  c_w.l(libinit2.o)
    0x08000252   0x08000252   0x00000000   Code   RO         5380    .ARM.Collect$$libinit$$0000000A  c_w.l(libinit2.o)
    0x08000252   0x08000252   0x00000000   Code   RO         5382    .ARM.Collect$$libinit$$0000000C  c_w.l(libinit2.o)
    0x08000252   0x08000252   0x00000000   Code   RO         5384    .ARM.Collect$$libinit$$0000000E  c_w.l(libinit2.o)
    0x08000252   0x08000252   0x00000000   Code   RO         5387    .ARM.Collect$$libinit$$00000011  c_w.l(libinit2.o)
    0x08000252   0x08000252   0x00000000   Code   RO         5389    .ARM.Collect$$libinit$$00000013  c_w.l(libinit2.o)
    0x08000252   0x08000252   0x00000000   Code   RO         5391    .ARM.Collect$$libinit$$00000015  c_w.l(libinit2.o)
    0x08000252   0x08000252   0x00000000   Code   RO         5393    .ARM.Collect$$libinit$$00000017  c_w.l(libinit2.o)
    0x08000252   0x08000252   0x00000000   Code   RO         5395    .ARM.Collect$$libinit$$00000019  c_w.l(libinit2.o)
    0x08000252   0x08000252   0x00000000   Code   RO         5397    .ARM.Collect$$libinit$$0000001B  c_w.l(libinit2.o)
    0x08000252   0x08000252   0x00000000   Code   RO         5399    .ARM.Collect$$libinit$$0000001D  c_w.l(libinit2.o)
    0x08000252   0x08000252   0x00000000   Code   RO         5401    .ARM.Collect$$libinit$$0000001F  c_w.l(libinit2.o)
    0x08000252   0x08000252   0x00000000   Code   RO         5403    .ARM.Collect$$libinit$$00000021  c_w.l(libinit2.o)
    0x08000252   0x08000252   0x00000000   Code   RO         5405    .ARM.Collect$$libinit$$00000023  c_w.l(libinit2.o)
    0x08000252   0x08000252   0x00000000   Code   RO         5407    .ARM.Collect$$libinit$$00000025  c_w.l(libinit2.o)
    0x08000252   0x08000252   0x00000000   Code   RO         5411    .ARM.Collect$$libinit$$0000002C  c_w.l(libinit2.o)
    0x08000252   0x08000252   0x00000000   Code   RO         5413    .ARM.Collect$$libinit$$0000002E  c_w.l(libinit2.o)
    0x08000252   0x08000252   0x00000000   Code   RO         5415    .ARM.Collect$$libinit$$00000030  c_w.l(libinit2.o)
    0x08000252   0x08000252   0x00000000   Code   RO         5417    .ARM.Collect$$libinit$$00000032  c_w.l(libinit2.o)
    0x08000252   0x08000252   0x00000002   Code   RO         5418    .ARM.Collect$$libinit$$00000033  c_w.l(libinit2.o)
    0x08000254   0x08000254   0x00000002   Code   RO         5449    .ARM.Collect$$libshutdown$$00000000  c_w.l(libshutdown.o)
    0x08000256   0x08000256   0x00000000   Code   RO         5475    .ARM.Collect$$libshutdown$$00000002  c_w.l(libshutdown2.o)
    0x08000256   0x08000256   0x00000000   Code   RO         5477    .ARM.Collect$$libshutdown$$00000004  c_w.l(libshutdown2.o)
    0x08000256   0x08000256   0x00000000   Code   RO         5479    .ARM.Collect$$libshutdown$$00000006  c_w.l(libshutdown2.o)
    0x08000256   0x08000256   0x00000000   Code   RO         5482    .ARM.Collect$$libshutdown$$00000009  c_w.l(libshutdown2.o)
    0x08000256   0x08000256   0x00000000   Code   RO         5485    .ARM.Collect$$libshutdown$$0000000C  c_w.l(libshutdown2.o)
    0x08000256   0x08000256   0x00000000   Code   RO         5487    .ARM.Collect$$libshutdown$$0000000E  c_w.l(libshutdown2.o)
    0x08000256   0x08000256   0x00000000   Code   RO         5490    .ARM.Collect$$libshutdown$$00000011  c_w.l(libshutdown2.o)
    0x08000256   0x08000256   0x00000002   Code   RO         5491    .ARM.Collect$$libshutdown$$00000012  c_w.l(libshutdown2.o)
    0x08000258   0x08000258   0x00000000   Code   RO         5327    .ARM.Collect$$rtentry$$00000000  c_w.l(__rtentry.o)
    0x08000258   0x08000258   0x00000000   Code   RO         5333    .ARM.Collect$$rtentry$$00000002  c_w.l(__rtentry2.o)
    0x08000258   0x08000258   0x00000006   Code   RO         5345    .ARM.Collect$$rtentry$$00000004  c_w.l(__rtentry4.o)
    0x0800025e   0x0800025e   0x00000000   Code   RO         5335    .ARM.Collect$$rtentry$$00000009  c_w.l(__rtentry2.o)
    0x0800025e   0x0800025e   0x00000004   Code   RO         5336    .ARM.Collect$$rtentry$$0000000A  c_w.l(__rtentry2.o)
    0x08000262   0x08000262   0x00000000   Code   RO         5338    .ARM.Collect$$rtentry$$0000000C  c_w.l(__rtentry2.o)
    0x08000262   0x08000262   0x00000008   Code   RO         5339    .ARM.Collect$$rtentry$$0000000D  c_w.l(__rtentry2.o)
    0x0800026a   0x0800026a   0x00000002   Code   RO         5366    .ARM.Collect$$rtexit$$00000000  c_w.l(rtexit.o)
    0x0800026c   0x0800026c   0x00000000   Code   RO         5422    .ARM.Collect$$rtexit$$00000002  c_w.l(rtexit2.o)
    0x0800026c   0x0800026c   0x00000004   Code   RO         5423    .ARM.Collect$$rtexit$$00000003  c_w.l(rtexit2.o)
    0x08000270   0x08000270   0x00000006   Code   RO         5424    .ARM.Collect$$rtexit$$00000004  c_w.l(rtexit2.o)
    0x08000276   0x08000276   0x00000002   PAD
    0x08000278   0x08000278   0x00000040   Code   RO            4    .text               startup_stm32g431xx.o
    0x080002b8   0x080002b8   0x000000ee   Code   RO         5317    .text               c_w.l(lludivv7m.o)
    0x080003a6   0x080003a6   0x00000064   Code   RO         5319    .text               c_w.l(rt_memcpy_w.o)
    0x0800040a   0x0800040a   0x0000004e   Code   RO         5321    .text               c_w.l(rt_memclr_w.o)
    0x08000458   0x08000458   0x00000006   Code   RO         5323    .text               c_w.l(heapauxi.o)
    0x0800045e   0x0800045e   0x0000004a   Code   RO         5349    .text               c_w.l(sys_stackheap_outer.o)
    0x080004a8   0x080004a8   0x00000012   Code   RO         5351    .text               c_w.l(exit.o)
    0x080004ba   0x080004ba   0x00000002   PAD
    0x080004bc   0x080004bc   0x00000008   Code   RO         5363    .text               c_w.l(libspace.o)
    0x080004c4   0x080004c4   0x0000000c   Code   RO         5419    .text               c_w.l(sys_exit.o)
    0x080004d0   0x080004d0   0x00000002   Code   RO         5438    .text               c_w.l(use_no_semi.o)
    0x080004d2   0x080004d2   0x00000000   Code   RO         5440    .text               c_w.l(indicate_semi.o)
    0x080004d2   0x080004d2   0x00000002   PAD
    0x080004d4   0x080004d4   0x0000001c   Code   RO          647    i.ADC1_2_IRQHandler  stm32g4xx_it.o
    0x080004f0   0x080004f0   0x00000070   Code   RO          811    i.ADC_Disable       stm32g4xx_hal_adc.o
    0x08000560   0x08000560   0x00000074   Code   RO          812    i.ADC_Enable        stm32g4xx_hal_adc.o
    0x080005d4   0x080005d4   0x00000002   Code   RO          648    i.BusFault_Handler  stm32g4xx_it.o
    0x080005d6   0x080005d6   0x00000002   PAD
    0x080005d8   0x080005d8   0x0000000c   Code   RO          649    i.COMP1_2_3_IRQHandler  stm32g4xx_it.o
    0x080005e4   0x080005e4   0x0000000c   Code   RO          650    i.DMA1_Channel1_IRQHandler  stm32g4xx_it.o
    0x080005f0   0x080005f0   0x00000040   Code   RO         2087    i.DMA_CalcDMAMUXChannelBaseAndMask  stm32g4xx_hal_dma.o
    0x08000630   0x08000630   0x00000024   Code   RO         2088    i.DMA_CalcDMAMUXRequestGenBaseAndMask  stm32g4xx_hal_dma.o
    0x08000654   0x08000654   0x0000003e   Code   RO         2089    i.DMA_SetConfig     stm32g4xx_hal_dma.o
    0x08000692   0x08000692   0x00000002   Code   RO          651    i.DebugMon_Handler  stm32g4xx_it.o
    0x08000694   0x08000694   0x0000001e   Code   RO          652    i.EXTI15_10_IRQHandler  stm32g4xx_it.o
    0x080006b2   0x080006b2   0x00000004   Code   RO           13    i.Error_Handler     main.o
    0x080006b6   0x080006b6   0x00000002   PAD
    0x080006b8   0x080006b8   0x00000024   Code   RO          653    i.FDCAN1_IT0_IRQHandler  stm32g4xx_it.o
    0x080006dc   0x080006dc   0x0000005c   Code   RO           14    i.FDCAN_Config      main.o
    0x08000738   0x08000738   0x00000070   Code   RO         3110    i.FDCAN_CopyMessageToRAM  stm32g4xx_hal_fdcan.o
    0x080007a8   0x080007a8   0x00000094   Code   RO         1045    i.HAL_ADCEx_Calibration_Start  stm32g4xx_hal_adc_ex.o
    0x0800083c   0x0800083c   0x00000002   Code   RO         1049    i.HAL_ADCEx_EndOfSamplingCallback  stm32g4xx_hal_adc_ex.o
    0x0800083e   0x0800083e   0x00000002   PAD
    0x08000840   0x08000840   0x00000518   Code   RO         1051    i.HAL_ADCEx_InjectedConfigChannel  stm32g4xx_hal_adc_ex.o
    0x08000d58   0x08000d58   0x0000010c   Code   RO           15    i.HAL_ADCEx_InjectedConvCpltCallback  main.o
    0x08000e64   0x08000e64   0x00000002   Code   RO         1055    i.HAL_ADCEx_InjectedQueueOverflowCallback  stm32g4xx_hal_adc_ex.o
    0x08000e66   0x08000e66   0x00000002   PAD
    0x08000e68   0x08000e68   0x000000e8   Code   RO         1056    i.HAL_ADCEx_InjectedStart  stm32g4xx_hal_adc_ex.o
    0x08000f50   0x08000f50   0x00000128   Code   RO         1057    i.HAL_ADCEx_InjectedStart_IT  stm32g4xx_hal_adc_ex.o
    0x08001078   0x08001078   0x00000002   Code   RO         1060    i.HAL_ADCEx_LevelOutOfWindow2Callback  stm32g4xx_hal_adc_ex.o
    0x0800107a   0x0800107a   0x00000002   Code   RO         1061    i.HAL_ADCEx_LevelOutOfWindow3Callback  stm32g4xx_hal_adc_ex.o
    0x0800107c   0x0800107c   0x000000d8   Code   RO         1062    i.HAL_ADCEx_MultiModeConfigChannel  stm32g4xx_hal_adc_ex.o
    0x08001154   0x08001154   0x00000424   Code   RO          814    i.HAL_ADC_ConfigChannel  stm32g4xx_hal_adc.o
    0x08001578   0x08001578   0x00000002   Code   RO          815    i.HAL_ADC_ConvCpltCallback  stm32g4xx_hal_adc.o
    0x0800157a   0x0800157a   0x00000002   Code   RO          818    i.HAL_ADC_ErrorCallback  stm32g4xx_hal_adc.o
    0x0800157c   0x0800157c   0x00000006   Code   RO          821    i.HAL_ADC_GetValue  stm32g4xx_hal_adc.o
    0x08001582   0x08001582   0x00000002   PAD
    0x08001584   0x08001584   0x0000026c   Code   RO          822    i.HAL_ADC_IRQHandler  stm32g4xx_hal_adc.o
    0x080017f0   0x080017f0   0x000001fc   Code   RO          823    i.HAL_ADC_Init      stm32g4xx_hal_adc.o
    0x080019ec   0x080019ec   0x00000002   Code   RO          824    i.HAL_ADC_LevelOutOfWindowCallback  stm32g4xx_hal_adc.o
    0x080019ee   0x080019ee   0x00000002   PAD
    0x080019f0   0x080019f0   0x000000dc   Code   RO          293    i.HAL_ADC_MspInit   adc.o
    0x08001acc   0x08001acc   0x000000f4   Code   RO          829    i.HAL_ADC_Start     stm32g4xx_hal_adc.o
    0x08001bc0   0x08001bc0   0x00000048   Code   RO         2733    i.HAL_COMP_IRQHandler  stm32g4xx_hal_comp.o
    0x08001c08   0x08001c08   0x00000120   Code   RO         2734    i.HAL_COMP_Init     stm32g4xx_hal_comp.o
    0x08001d28   0x08001d28   0x0000005c   Code   RO          342    i.HAL_COMP_MspInit  comp.o
    0x08001d84   0x08001d84   0x0000004c   Code   RO         2738    i.HAL_COMP_Start    stm32g4xx_hal_comp.o
    0x08001dd0   0x08001dd0   0x00000002   Code   RO         2740    i.HAL_COMP_TriggerCallback  stm32g4xx_hal_comp.o
    0x08001dd2   0x08001dd2   0x00000002   PAD
    0x08001dd4   0x08001dd4   0x000001b4   Code   RO         2825    i.HAL_DAC_ConfigChannel  stm32g4xx_hal_dac.o
    0x08001f88   0x08001f88   0x00000028   Code   RO         2835    i.HAL_DAC_Init      stm32g4xx_hal_dac.o
    0x08001fb0   0x08001fb0   0x00000078   Code   RO          384    i.HAL_DAC_MspInit   dac.o
    0x08002028   0x08002028   0x0000001a   Code   RO         2838    i.HAL_DAC_SetValue  stm32g4xx_hal_dac.o
    0x08002042   0x08002042   0x00000068   Code   RO         2839    i.HAL_DAC_Start     stm32g4xx_hal_dac.o
    0x080020aa   0x080020aa   0x0000006a   Code   RO         2090    i.HAL_DMA_Abort     stm32g4xx_hal_dma.o
    0x08002114   0x08002114   0x00000078   Code   RO         2091    i.HAL_DMA_Abort_IT  stm32g4xx_hal_dma.o
    0x0800218c   0x0800218c   0x000000ba   Code   RO         2095    i.HAL_DMA_IRQHandler  stm32g4xx_hal_dma.o
    0x08002246   0x08002246   0x00000002   PAD
    0x08002248   0x08002248   0x000000c0   Code   RO         2096    i.HAL_DMA_Init      stm32g4xx_hal_dma.o
    0x08002308   0x08002308   0x0000008c   Code   RO         2100    i.HAL_DMA_Start_IT  stm32g4xx_hal_dma.o
    0x08002394   0x08002394   0x00000024   Code   RO         1261    i.HAL_Delay         stm32g4xx_hal.o
    0x080023b8   0x080023b8   0x000000e0   Code   RO         3112    i.HAL_FDCAN_ActivateNotification  stm32g4xx_hal_fdcan.o
    0x08002498   0x08002498   0x0000004a   Code   RO         3113    i.HAL_FDCAN_AddMessageToTxFifoQ  stm32g4xx_hal_fdcan.o
    0x080024e2   0x080024e2   0x0000005c   Code   RO         3115    i.HAL_FDCAN_ConfigFilter  stm32g4xx_hal_fdcan.o
    0x0800253e   0x0800253e   0x00000002   Code   RO         3136    i.HAL_FDCAN_ErrorCallback  stm32g4xx_hal_fdcan.o
    0x08002540   0x08002540   0x00000002   Code   RO         3137    i.HAL_FDCAN_ErrorStatusCallback  stm32g4xx_hal_fdcan.o
    0x08002542   0x08002542   0x00000002   PAD
    0x08002544   0x08002544   0x000000f0   Code   RO         3146    i.HAL_FDCAN_GetRxMessage  stm32g4xx_hal_fdcan.o
    0x08002634   0x08002634   0x00000002   Code   RO         3152    i.HAL_FDCAN_HighPriorityMessageCallback  stm32g4xx_hal_fdcan.o
    0x08002636   0x08002636   0x00000160   Code   RO         3153    i.HAL_FDCAN_IRQHandler  stm32g4xx_hal_fdcan.o
    0x08002796   0x08002796   0x00000002   PAD
    0x08002798   0x08002798   0x00000204   Code   RO         3154    i.HAL_FDCAN_Init    stm32g4xx_hal_fdcan.o
    0x0800299c   0x0800299c   0x00000070   Code   RO          456    i.HAL_FDCAN_MspInit  fdcan.o
    0x08002a0c   0x08002a0c   0x00000002   Code   RO         3161    i.HAL_FDCAN_RxFifo0Callback  stm32g4xx_hal_fdcan.o
    0x08002a0e   0x08002a0e   0x00000002   Code   RO         3162    i.HAL_FDCAN_RxFifo1Callback  stm32g4xx_hal_fdcan.o
    0x08002a10   0x08002a10   0x0000002c   Code   RO         3163    i.HAL_FDCAN_Start   stm32g4xx_hal_fdcan.o
    0x08002a3c   0x08002a3c   0x00000002   Code   RO         3165    i.HAL_FDCAN_TimeoutOccurredCallback  stm32g4xx_hal_fdcan.o
    0x08002a3e   0x08002a3e   0x00000002   Code   RO         3166    i.HAL_FDCAN_TimestampWraparoundCallback  stm32g4xx_hal_fdcan.o
    0x08002a40   0x08002a40   0x00000002   Code   RO         3167    i.HAL_FDCAN_TxBufferAbortCallback  stm32g4xx_hal_fdcan.o
    0x08002a42   0x08002a42   0x00000002   Code   RO         3168    i.HAL_FDCAN_TxBufferCompleteCallback  stm32g4xx_hal_fdcan.o
    0x08002a44   0x08002a44   0x00000002   Code   RO         3169    i.HAL_FDCAN_TxEventFifoCallback  stm32g4xx_hal_fdcan.o
    0x08002a46   0x08002a46   0x00000002   Code   RO         3170    i.HAL_FDCAN_TxFifoEmptyCallback  stm32g4xx_hal_fdcan.o
    0x08002a48   0x08002a48   0x00000088   Code   RO           16    i.HAL_GPIO_EXTI_Callback  main.o
    0x08002ad0   0x08002ad0   0x00000018   Code   RO         1951    i.HAL_GPIO_EXTI_IRQHandler  stm32g4xx_hal_gpio.o
    0x08002ae8   0x08002ae8   0x000001c8   Code   RO         1952    i.HAL_GPIO_Init     stm32g4xx_hal_gpio.o
    0x08002cb0   0x08002cb0   0x0000000a   Code   RO         1954    i.HAL_GPIO_ReadPin  stm32g4xx_hal_gpio.o
    0x08002cba   0x08002cba   0x0000000a   Code   RO         1956    i.HAL_GPIO_WritePin  stm32g4xx_hal_gpio.o
    0x08002cc4   0x08002cc4   0x0000000c   Code   RO         1265    i.HAL_GetTick       stm32g4xx_hal.o
    0x08002cd0   0x08002cd0   0x00000010   Code   RO         1268    i.HAL_IncTick       stm32g4xx_hal.o
    0x08002ce0   0x08002ce0   0x0000001e   Code   RO         1269    i.HAL_Init          stm32g4xx_hal.o
    0x08002cfe   0x08002cfe   0x00000002   PAD
    0x08002d00   0x08002d00   0x00000044   Code   RO         1270    i.HAL_InitTick      stm32g4xx_hal.o
    0x08002d44   0x08002d44   0x00000030   Code   RO          783    i.HAL_MspInit       stm32g4xx_hal_msp.o
    0x08002d74   0x08002d74   0x0000001a   Code   RO         2599    i.HAL_NVIC_EnableIRQ  stm32g4xx_hal_cortex.o
    0x08002d8e   0x08002d8e   0x00000002   PAD
    0x08002d90   0x08002d90   0x00000040   Code   RO         2605    i.HAL_NVIC_SetPriority  stm32g4xx_hal_cortex.o
    0x08002dd0   0x08002dd0   0x00000024   Code   RO         2606    i.HAL_NVIC_SetPriorityGrouping  stm32g4xx_hal_cortex.o
    0x08002df4   0x08002df4   0x000000f4   Code   RO         3498    i.HAL_OPAMP_Init    stm32g4xx_hal_opamp.o
    0x08002ee8   0x08002ee8   0x00000094   Code   RO          498    i.HAL_OPAMP_MspInit  opamp.o
    0x08002f7c   0x08002f7c   0x0000002c   Code   RO         3504    i.HAL_OPAMP_Start   stm32g4xx_hal_opamp.o
    0x08002fa8   0x08002fa8   0x000000bc   Code   RO         2355    i.HAL_PWREx_ControlVoltageScaling  stm32g4xx_hal_pwr_ex.o
    0x08003064   0x08003064   0x00000010   Code   RO         2367    i.HAL_PWREx_DisableUCPDDeadBattery  stm32g4xx_hal_pwr_ex.o
    0x08003074   0x08003074   0x00000288   Code   RO         1614    i.HAL_RCCEx_PeriphCLKConfig  stm32g4xx_hal_rcc_ex.o
    0x080032fc   0x080032fc   0x000001dc   Code   RO         1489    i.HAL_RCC_ClockConfig  stm32g4xx_hal_rcc.o
    0x080034d8   0x080034d8   0x0000000c   Code   RO         1495    i.HAL_RCC_GetHCLKFreq  stm32g4xx_hal_rcc.o
    0x080034e4   0x080034e4   0x00000024   Code   RO         1497    i.HAL_RCC_GetPCLK1Freq  stm32g4xx_hal_rcc.o
    0x08003508   0x08003508   0x00000024   Code   RO         1498    i.HAL_RCC_GetPCLK2Freq  stm32g4xx_hal_rcc.o
    0x0800352c   0x0800352c   0x00000070   Code   RO         1499    i.HAL_RCC_GetSysClockFreq  stm32g4xx_hal_rcc.o
    0x0800359c   0x0800359c   0x0000040c   Code   RO         1502    i.HAL_RCC_OscConfig  stm32g4xx_hal_rcc.o
    0x080039a8   0x080039a8   0x00000028   Code   RO         2610    i.HAL_SYSTICK_Config  stm32g4xx_hal_cortex.o
    0x080039d0   0x080039d0   0x00000002   Code   RO         4319    i.HAL_TIMEx_Break2Callback  stm32g4xx_hal_tim_ex.o
    0x080039d2   0x080039d2   0x00000002   Code   RO         4320    i.HAL_TIMEx_BreakCallback  stm32g4xx_hal_tim_ex.o
    0x080039d4   0x080039d4   0x00000002   Code   RO         4321    i.HAL_TIMEx_CommutCallback  stm32g4xx_hal_tim_ex.o
    0x080039d6   0x080039d6   0x00000002   PAD
    0x080039d8   0x080039d8   0x000000ac   Code   RO         4324    i.HAL_TIMEx_ConfigBreakDeadTime  stm32g4xx_hal_tim_ex.o
    0x08003a84   0x08003a84   0x000000be   Code   RO         4325    i.HAL_TIMEx_ConfigBreakInput  stm32g4xx_hal_tim_ex.o
    0x08003b42   0x08003b42   0x00000002   Code   RO         4332    i.HAL_TIMEx_DirectionChangeCallback  stm32g4xx_hal_tim_ex.o
    0x08003b44   0x08003b44   0x00000002   Code   RO         4346    i.HAL_TIMEx_EncoderIndexCallback  stm32g4xx_hal_tim_ex.o
    0x08003b46   0x08003b46   0x00000002   PAD
    0x08003b48   0x08003b48   0x000000dc   Code   RO         4351    i.HAL_TIMEx_HallSensor_Init  stm32g4xx_hal_tim_ex.o
    0x08003c24   0x08003c24   0x00000002   Code   RO         4353    i.HAL_TIMEx_HallSensor_MspInit  stm32g4xx_hal_tim_ex.o
    0x08003c26   0x08003c26   0x00000002   PAD
    0x08003c28   0x08003c28   0x000000a8   Code   RO         4356    i.HAL_TIMEx_HallSensor_Start_IT  stm32g4xx_hal_tim_ex.o
    0x08003cd0   0x08003cd0   0x00000002   Code   RO         4360    i.HAL_TIMEx_IndexErrorCallback  stm32g4xx_hal_tim_ex.o
    0x08003cd2   0x08003cd2   0x00000002   PAD
    0x08003cd4   0x08003cd4   0x0000009c   Code   RO         4361    i.HAL_TIMEx_MasterConfigSynchronization  stm32g4xx_hal_tim_ex.o
    0x08003d70   0x08003d70   0x000000b8   Code   RO         4373    i.HAL_TIMEx_PWMN_Start  stm32g4xx_hal_tim_ex.o
    0x08003e28   0x08003e28   0x00000068   Code   RO         4376    i.HAL_TIMEx_PWMN_Stop  stm32g4xx_hal_tim_ex.o
    0x08003e90   0x08003e90   0x00000002   Code   RO         4382    i.HAL_TIMEx_TransitionErrorCallback  stm32g4xx_hal_tim_ex.o
    0x08003e92   0x08003e92   0x00000062   Code   RO         3605    i.HAL_TIM_Base_Init  stm32g4xx_hal_tim.o
    0x08003ef4   0x08003ef4   0x000000bc   Code   RO          552    i.HAL_TIM_Base_MspInit  tim.o
    0x08003fb0   0x08003fb0   0x0000006c   Code   RO         3608    i.HAL_TIM_Base_Start  stm32g4xx_hal_tim.o
    0x0800401c   0x0800401c   0x000000f8   Code   RO         3614    i.HAL_TIM_ConfigClockSource  stm32g4xx_hal_tim.o
    0x08004114   0x08004114   0x00000128   Code   RO           17    i.HAL_TIM_IC_CaptureCallback  main.o
    0x0800423c   0x0800423c   0x000001fc   Code   RO         3653    i.HAL_TIM_IRQHandler  stm32g4xx_hal_tim.o
    0x08004438   0x08004438   0x00000094   Code   RO          553    i.HAL_TIM_MspPostInit  tim.o
    0x080044cc   0x080044cc   0x00000002   Code   RO         3656    i.HAL_TIM_OC_DelayElapsedCallback  stm32g4xx_hal_tim.o
    0x080044ce   0x080044ce   0x0000011e   Code   RO         3677    i.HAL_TIM_PWM_ConfigChannel  stm32g4xx_hal_tim.o
    0x080045ec   0x080045ec   0x00000062   Code   RO         3680    i.HAL_TIM_PWM_Init  stm32g4xx_hal_tim.o
    0x0800464e   0x0800464e   0x00000002   Code   RO         3682    i.HAL_TIM_PWM_MspInit  stm32g4xx_hal_tim.o
    0x08004650   0x08004650   0x00000002   Code   RO         3683    i.HAL_TIM_PWM_PulseFinishedCallback  stm32g4xx_hal_tim.o
    0x08004652   0x08004652   0x00000002   PAD
    0x08004654   0x08004654   0x000000fc   Code   RO         3685    i.HAL_TIM_PWM_Start  stm32g4xx_hal_tim.o
    0x08004750   0x08004750   0x000000ac   Code   RO         3688    i.HAL_TIM_PWM_Stop  stm32g4xx_hal_tim.o
    0x080047fc   0x080047fc   0x00000002   Code   RO         3691    i.HAL_TIM_PeriodElapsedCallback  stm32g4xx_hal_tim.o
    0x080047fe   0x080047fe   0x0000002a   Code   RO         3693    i.HAL_TIM_ReadCapturedValue  stm32g4xx_hal_tim.o
    0x08004828   0x08004828   0x00000002   Code   RO         3696    i.HAL_TIM_TriggerCallback  stm32g4xx_hal_tim.o
    0x0800482a   0x0800482a   0x0000003e   Code   RO         5168    i.HAL_UARTEx_DisableFifoMode  stm32g4xx_hal_uart_ex.o
    0x08004868   0x08004868   0x00000002   Code   RO         4757    i.HAL_UARTEx_RxEventCallback  stm32g4xx_hal_uart.o
    0x0800486a   0x0800486a   0x00000002   Code   RO         5175    i.HAL_UARTEx_RxFifoFullCallback  stm32g4xx_hal_uart_ex.o
    0x0800486c   0x0800486c   0x0000004c   Code   RO         5176    i.HAL_UARTEx_SetRxFifoThreshold  stm32g4xx_hal_uart_ex.o
    0x080048b8   0x080048b8   0x0000004c   Code   RO         5177    i.HAL_UARTEx_SetTxFifoThreshold  stm32g4xx_hal_uart_ex.o
    0x08004904   0x08004904   0x00000002   Code   RO         5179    i.HAL_UARTEx_TxFifoEmptyCallback  stm32g4xx_hal_uart_ex.o
    0x08004906   0x08004906   0x00000002   Code   RO         5180    i.HAL_UARTEx_WakeupCallback  stm32g4xx_hal_uart_ex.o
    0x08004908   0x08004908   0x00000002   Code   RO         4773    i.HAL_UART_ErrorCallback  stm32g4xx_hal_uart.o
    0x0800490a   0x0800490a   0x00000002   PAD
    0x0800490c   0x0800490c   0x00000284   Code   RO         4776    i.HAL_UART_IRQHandler  stm32g4xx_hal_uart.o
    0x08004b90   0x08004b90   0x0000006a   Code   RO         4777    i.HAL_UART_Init     stm32g4xx_hal_uart.o
    0x08004bfa   0x08004bfa   0x00000002   PAD
    0x08004bfc   0x08004bfc   0x000000a8   Code   RO          606    i.HAL_UART_MspInit  usart.o
    0x08004ca4   0x08004ca4   0x0000004c   Code   RO         4782    i.HAL_UART_Receive_IT  stm32g4xx_hal_uart.o
    0x08004cf0   0x08004cf0   0x00000058   Code   RO           18    i.HAL_UART_RxCpltCallback  main.o
    0x08004d48   0x08004d48   0x000000bc   Code   RO         4786    i.HAL_UART_Transmit  stm32g4xx_hal_uart.o
    0x08004e04   0x08004e04   0x00000098   Code   RO         4787    i.HAL_UART_Transmit_DMA  stm32g4xx_hal_uart.o
    0x08004e9c   0x08004e9c   0x00000002   Code   RO         4789    i.HAL_UART_TxCpltCallback  stm32g4xx_hal_uart.o
    0x08004e9e   0x08004e9e   0x00000002   Code   RO         4790    i.HAL_UART_TxHalfCpltCallback  stm32g4xx_hal_uart.o
    0x08004ea0   0x08004ea0   0x00000002   Code   RO          654    i.HardFault_Handler  stm32g4xx_it.o
    0x08004ea2   0x08004ea2   0x0000000c   Code   RO          837    i.LL_ADC_GetOffsetChannel  stm32g4xx_hal_adc.o
    0x08004eae   0x08004eae   0x0000000c   Code   RO         1070    i.LL_ADC_GetOffsetChannel  stm32g4xx_hal_adc_ex.o
    0x08004eba   0x08004eba   0x00000008   Code   RO          838    i.LL_ADC_INJ_IsConversionOngoing  stm32g4xx_hal_adc.o
    0x08004ec2   0x08004ec2   0x00000008   Code   RO         1071    i.LL_ADC_INJ_IsConversionOngoing  stm32g4xx_hal_adc_ex.o
    0x08004eca   0x08004eca   0x00000008   Code   RO          839    i.LL_ADC_REG_IsConversionOngoing  stm32g4xx_hal_adc.o
    0x08004ed2   0x08004ed2   0x00000008   Code   RO         1072    i.LL_ADC_REG_IsConversionOngoing  stm32g4xx_hal_adc_ex.o
    0x08004eda   0x08004eda   0x00000010   Code   RO          840    i.LL_ADC_REG_IsTriggerSourceSWStart  stm32g4xx_hal_adc.o
    0x08004eea   0x08004eea   0x0000001e   Code   RO          842    i.LL_ADC_SetChannelSamplingTime  stm32g4xx_hal_adc.o
    0x08004f08   0x08004f08   0x0000001e   Code   RO         1073    i.LL_ADC_SetChannelSamplingTime  stm32g4xx_hal_adc_ex.o
    0x08004f26   0x08004f26   0x00000010   Code   RO          843    i.LL_ADC_SetOffsetState  stm32g4xx_hal_adc.o
    0x08004f36   0x08004f36   0x00000010   Code   RO         1074    i.LL_ADC_SetOffsetState  stm32g4xx_hal_adc_ex.o
    0x08004f46   0x08004f46   0x00000002   PAD
    0x08004f48   0x08004f48   0x000000f4   Code   RO          294    i.MX_ADC1_Init      adc.o
    0x0800503c   0x0800503c   0x000000c0   Code   RO          295    i.MX_ADC2_Init      adc.o
    0x080050fc   0x080050fc   0x00000038   Code   RO          343    i.MX_COMP1_Init     comp.o
    0x08005134   0x08005134   0x00000058   Code   RO          385    i.MX_DAC1_Init      dac.o
    0x0800518c   0x0800518c   0x00000058   Code   RO          386    i.MX_DAC3_Init      dac.o
    0x080051e4   0x080051e4   0x0000003c   Code   RO          431    i.MX_DMA_Init       dma.o
    0x08005220   0x08005220   0x00000050   Code   RO          457    i.MX_FDCAN1_Init    fdcan.o
    0x08005270   0x08005270   0x000000a4   Code   RO          268    i.MX_GPIO_Init      gpio.o
    0x08005314   0x08005314   0x00000034   Code   RO          499    i.MX_OPAMP1_Init    opamp.o
    0x08005348   0x08005348   0x00000034   Code   RO          500    i.MX_OPAMP2_Init    opamp.o
    0x0800537c   0x0800537c   0x00000034   Code   RO          501    i.MX_OPAMP3_Init    opamp.o
    0x080053b0   0x080053b0   0x00000140   Code   RO          554    i.MX_TIM1_Init      tim.o
    0x080054f0   0x080054f0   0x0000008c   Code   RO          555    i.MX_TIM4_Init      tim.o
    0x0800557c   0x0800557c   0x00000068   Code   RO          607    i.MX_USART3_UART_Init  usart.o
    0x080055e4   0x080055e4   0x00000002   Code   RO          655    i.MemManage_Handler  stm32g4xx_it.o
    0x080055e6   0x080055e6   0x00000002   Code   RO          656    i.NMI_Handler       stm32g4xx_it.o
    0x080055e8   0x080055e8   0x00000002   Code   RO          657    i.PendSV_Handler    stm32g4xx_it.o
    0x080055ea   0x080055ea   0x00000002   Code   RO          658    i.SVC_Handler       stm32g4xx_it.o
    0x080055ec   0x080055ec   0x00000004   Code   RO          659    i.SysTick_Handler   stm32g4xx_it.o
    0x080055f0   0x080055f0   0x00000088   Code   RO           19    i.SystemClock_Config  main.o
    0x08005678   0x08005678   0x00000010   Code   RO         5281    i.SystemInit        system_stm32g4xx.o
    0x08005688   0x08005688   0x0000000c   Code   RO          660    i.TIM1_BRK_TIM15_IRQHandler  stm32g4xx_it.o
    0x08005694   0x08005694   0x0000000c   Code   RO          661    i.TIM1_CC_IRQHandler  stm32g4xx_it.o
    0x080056a0   0x080056a0   0x0000000c   Code   RO          662    i.TIM1_UP_TIM16_IRQHandler  stm32g4xx_it.o
    0x080056ac   0x080056ac   0x0000000c   Code   RO          663    i.TIM4_IRQHandler   stm32g4xx_it.o
    0x080056b8   0x080056b8   0x000000b0   Code   RO         3698    i.TIM_Base_SetConfig  stm32g4xx_hal_tim.o
    0x08005768   0x08005768   0x0000001a   Code   RO         3699    i.TIM_CCxChannelCmd  stm32g4xx_hal_tim.o
    0x08005782   0x08005782   0x0000001a   Code   RO         4385    i.TIM_CCxNChannelCmd  stm32g4xx_hal_tim_ex.o
    0x0800579c   0x0800579c   0x00000014   Code   RO         3709    i.TIM_ETR_SetConfig  stm32g4xx_hal_tim.o
    0x080057b0   0x080057b0   0x00000014   Code   RO         3710    i.TIM_ITRx_SetConfig  stm32g4xx_hal_tim.o
    0x080057c4   0x080057c4   0x0000009c   Code   RO         3711    i.TIM_OC1_SetConfig  stm32g4xx_hal_tim.o
    0x08005860   0x08005860   0x00000090   Code   RO         3712    i.TIM_OC2_SetConfig  stm32g4xx_hal_tim.o
    0x080058f0   0x080058f0   0x00000090   Code   RO         3713    i.TIM_OC3_SetConfig  stm32g4xx_hal_tim.o
    0x08005980   0x08005980   0x00000090   Code   RO         3714    i.TIM_OC4_SetConfig  stm32g4xx_hal_tim.o
    0x08005a10   0x08005a10   0x00000070   Code   RO         3715    i.TIM_OC5_SetConfig  stm32g4xx_hal_tim.o
    0x08005a80   0x08005a80   0x00000070   Code   RO         3716    i.TIM_OC6_SetConfig  stm32g4xx_hal_tim.o
    0x08005af0   0x08005af0   0x00000022   Code   RO         3718    i.TIM_TI1_ConfigInputStage  stm32g4xx_hal_tim.o
    0x08005b12   0x08005b12   0x00000002   PAD
    0x08005b14   0x08005b14   0x0000006c   Code   RO         3719    i.TIM_TI1_SetConfig  stm32g4xx_hal_tim.o
    0x08005b80   0x08005b80   0x00000024   Code   RO         3720    i.TIM_TI2_ConfigInputStage  stm32g4xx_hal_tim.o
    0x08005ba4   0x08005ba4   0x00000044   Code   RO         5181    i.UARTEx_SetNbDataToProcess  stm32g4xx_hal_uart_ex.o
    0x08005be8   0x08005be8   0x000000c8   Code   RO         4791    i.UART_AdvFeatureConfig  stm32g4xx_hal_uart.o
    0x08005cb0   0x08005cb0   0x00000060   Code   RO         4792    i.UART_CheckIdleState  stm32g4xx_hal_uart.o
    0x08005d10   0x08005d10   0x00000014   Code   RO         4793    i.UART_DMAAbortOnError  stm32g4xx_hal_uart.o
    0x08005d24   0x08005d24   0x00000050   Code   RO         4794    i.UART_DMAError     stm32g4xx_hal_uart.o
    0x08005d74   0x08005d74   0x00000030   Code   RO         4799    i.UART_DMATransmitCplt  stm32g4xx_hal_uart.o
    0x08005da4   0x08005da4   0x0000000a   Code   RO         4801    i.UART_DMATxHalfCplt  stm32g4xx_hal_uart.o
    0x08005dae   0x08005dae   0x00000002   PAD
    0x08005db0   0x08005db0   0x00000038   Code   RO         4803    i.UART_EndRxTransfer  stm32g4xx_hal_uart.o
    0x08005de8   0x08005de8   0x0000001c   Code   RO         4804    i.UART_EndTxTransfer  stm32g4xx_hal_uart.o
    0x08005e04   0x08005e04   0x00000080   Code   RO         4805    i.UART_RxISR_16BIT  stm32g4xx_hal_uart.o
    0x08005e84   0x08005e84   0x0000013c   Code   RO         4806    i.UART_RxISR_16BIT_FIFOEN  stm32g4xx_hal_uart.o
    0x08005fc0   0x08005fc0   0x00000080   Code   RO         4807    i.UART_RxISR_8BIT   stm32g4xx_hal_uart.o
    0x08006040   0x08006040   0x0000013c   Code   RO         4808    i.UART_RxISR_8BIT_FIFOEN  stm32g4xx_hal_uart.o
    0x0800617c   0x0800617c   0x00000274   Code   RO         4809    i.UART_SetConfig    stm32g4xx_hal_uart.o
    0x080063f0   0x080063f0   0x000000d8   Code   RO         4811    i.UART_Start_Receive_IT  stm32g4xx_hal_uart.o
    0x080064c8   0x080064c8   0x000000a4   Code   RO         4816    i.UART_WaitOnFlagUntilTimeout  stm32g4xx_hal_uart.o
    0x0800656c   0x0800656c   0x0000000c   Code   RO          664    i.USART3_IRQHandler  stm32g4xx_it.o
    0x08006578   0x08006578   0x00000002   Code   RO          665    i.UsageFault_Handler  stm32g4xx_it.o
    0x0800657a   0x0800657a   0x00000020   Code   RO         2612    i.__NVIC_SetPriority  stm32g4xx_hal_cortex.o
    0x0800659a   0x0800659a   0x00000002   PAD
    0x0800659c   0x0800659c   0x0000017c   Code   RO           21    i.main              main.o
    0x08006718   0x08006718   0x0000000a   Code   RO         5434    x$fpl$fpinit        fz_wm.l(fpinit.o)
    0x08006722   0x08006722   0x00000010   Data   RO         3171    .constdata          stm32g4xx_hal_fdcan.o
    0x08006732   0x08006732   0x00000018   Data   RO         4817    .constdata          stm32g4xx_hal_uart.o
    0x0800674a   0x0800674a   0x00000010   Data   RO         5182    .constdata          stm32g4xx_hal_uart_ex.o
    0x0800675a   0x0800675a   0x00000010   Data   RO         5282    .constdata          system_stm32g4xx.o
    0x0800676a   0x0800676a   0x00000008   Data   RO         5283    .constdata          system_stm32g4xx.o
    0x08006772   0x08006772   0x00000002   PAD
    0x08006774   0x08006774   0x00000020   Data   RO         5492    Region$$Table       anon$$obj.o


    Execution Region RW_IRAM1 (Exec base: 0x20000000, Load base: 0x08006794, Size: 0x00000bf8, Max: 0x00008000, ABSOLUTE)

    Exec Addr    Load Addr    Size         Type   Attr      Idx    E Section Name        Object

    0x20000000   0x08006794   0x00000058   Data   RW           27    .data               main.o
    0x20000058   0x080067ec   0x00000008   Data   RW           29    .data               main.o
    0x20000060   0x080067f4   0x00000004   Data   RW          297    .data               adc.o
    0x20000064   0x080067f8   0x0000000c   Data   RW         1289    .data               stm32g4xx_hal.o
    0x20000070   0x08006804   0x00000004   Data   RW         5284    .data               system_stm32g4xx.o
    0x20000074        -       0x00000138   Zero   RW           22    .bss                main.o
    0x200001ac        -       0x00000028   Zero   RW           23    .bss                main.o
    0x200001d4        -       0x000000d8   Zero   RW          296    .bss                adc.o
    0x200002ac        -       0x00000024   Zero   RW          344    .bss                comp.o
    0x200002d0        -       0x00000028   Zero   RW          387    .bss                dac.o
    0x200002f8        -       0x00000064   Zero   RW          458    .bss                fdcan.o
    0x2000035c        -       0x000000b4   Zero   RW          502    .bss                opamp.o
    0x20000410        -       0x00000098   Zero   RW          556    .bss                tim.o
    0x200004a8        -       0x000000f0   Zero   RW          608    .bss                usart.o
    0x20000598        -       0x00000060   Zero   RW         5364    .bss                c_w.l(libspace.o)
    0x200005f8        -       0x00000200   Zero   RW            2    HEAP                startup_stm32g431xx.o
    0x200007f8        -       0x00000400   Zero   RW            1    STACK               startup_stm32g431xx.o


==============================================================================

Image component sizes


      Code (inc. data)   RO Data    RW Data    ZI Data      Debug   Object Name

       656         52          0          4        216       3042   adc.o
       148         22          0          0         36       1836   comp.o
       296         32          0          0         40       2606   dac.o
        60          4          0          0          0        898   dma.o
       192         16          0          0        100       1911   fdcan.o
       164         12          0          0          0       1059   gpio.o
      1400        194          0         96        352     731947   main.o
       304         44          0          0        180       3201   opamp.o
        64         26        472          0       1536        888   startup_stm32g431xx.o
       162         24          0         12          0       4621   stm32g4xx_hal.o
      2762        120          0          0          0      81644   stm32g4xx_hal_adc.o
      2278        100          0          0          0      79650   stm32g4xx_hal_adc_ex.o
       438         40          0          0          0       8370   stm32g4xx_hal_comp.o
       198         14          0          0          0      34099   stm32g4xx_hal_cortex.o
       606          8          0          0          0       4354   stm32g4xx_hal_dac.o
       906         30          0          0          0       6954   stm32g4xx_hal_dma.o
      1676         28         16          0          0      17926   stm32g4xx_hal_fdcan.o
       500         40          0          0          0       3950   stm32g4xx_hal_gpio.o
        48          6          0          0          0        950   stm32g4xx_hal_msp.o
       288          8          0          0          0       2591   stm32g4xx_hal_opamp.o
       204         18          0          0          0       1489   stm32g4xx_hal_pwr_ex.o
      1708         98          0          0          0       6756   stm32g4xx_hal_rcc.o
       648         10          0          0          0       1964   stm32g4xx_hal_rcc_ex.o
      3054        296          0          0          0      22281   stm32g4xx_hal_tim.o
      1236         94          0          0          0      13009   stm32g4xx_hal_tim_ex.o
      3608        140         24          0          0      40576   stm32g4xx_hal_uart.o
       288          6         16          0          0       5710   stm32g4xx_hal_uart_ex.o
       198         64          0          0          0       9857   stm32g4xx_it.o
        16          4         24          4          0       1259   system_stm32g4xx.o
       796         46          0          0        152       3813   tim.o
       272         30          0          0        240       2009   usart.o

    ----------------------------------------------------------------------
     25220       1626        586        116       2852    1101220   Object Totals
         0          0         32          0          0          0   (incl. Generated)
        46          0          2          0          0          0   (incl. Padding)

    ----------------------------------------------------------------------

      Code (inc. data)   RO Data    RW Data    ZI Data      Debug   Library Member Name

         8          0          0          0          0         68   __main.o
         0          0          0          0          0          0   __rtentry.o
        12          0          0          0          0          0   __rtentry2.o
         6          0          0          0          0          0   __rtentry4.o
        52          8          0          0          0          0   __scatter.o
        26          0          0          0          0          0   __scatter_copy.o
        28          0          0          0          0          0   __scatter_zi.o
        18          0          0          0          0         80   exit.o
         6          0          0          0          0        152   heapauxi.o
         0          0          0          0          0          0   indicate_semi.o
         2          0          0          0          0          0   libinit.o
         6          0          0          0          0          0   libinit2.o
         2          0          0          0          0          0   libshutdown.o
         2          0          0          0          0          0   libshutdown2.o
         8          4          0          0         96         68   libspace.o
       238          0          0          0          0        100   lludivv7m.o
        78          0          0          0          0         80   rt_memclr_w.o
       100          0          0          0          0         80   rt_memcpy_w.o
         2          0          0          0          0          0   rtexit.o
        10          0          0          0          0          0   rtexit2.o
        12          4          0          0          0         68   sys_exit.o
        74          0          0          0          0         80   sys_stackheap_outer.o
         2          0          0          0          0         68   use_no_semi.o
        10          0          0          0          0        116   fpinit.o

    ----------------------------------------------------------------------
       710         16          0          0         96        960   Library Totals
         8          0          0          0          0          0   (incl. Padding)

    ----------------------------------------------------------------------

      Code (inc. data)   RO Data    RW Data    ZI Data      Debug   Library Name

       692         16          0          0         96        844   c_w.l
        10          0          0          0          0        116   fz_wm.l

    ----------------------------------------------------------------------
       710         16          0          0         96        960   Library Totals

    ----------------------------------------------------------------------

==============================================================================


      Code (inc. data)   RO Data    RW Data    ZI Data      Debug   

     25930       1642        586        116       2948    1081068   Grand Totals
     25930       1642        586        116       2948    1081068   ELF Image Totals
     25930       1642        586        116          0          0   ROM Totals

==============================================================================

    Total RO  Size (Code + RO Data)                26516 (  25.89kB)
    Total RW  Size (RW Data + ZI Data)              3064 (   2.99kB)
    Total ROM Size (Code + RO Data + RW Data)      26632 (  26.01kB)

==============================================================================

